
================================================================================
EXPLORER AGENT WORKER TEST
================================================================================

[1/4] Loading FIFA 21 data...
[OK] Loaded: 18979 rows x 77 columns

[2/4] Initializing Explorer agent with workers...
2025-12-09 08:53:16 - explorer.workers.NumericAnalyzer - INFO - Worker initialized: NumericAnalyzer
2025-12-09 08:53:16 - explorer.workers.CategoricalAnalyzer - INFO - Worker initialized: CategoricalAnalyzer
2025-12-09 08:53:16 - explorer.workers.CorrelationAnalyzer - INFO - Worker initialized: CorrelationAnalyzer
2025-12-09 08:53:16 - explorer.workers.QualityAssessor - INFO - Worker initialized: QualityAssessor
2025-12-09 08:53:16 - agents.explorer.explorer - INFO - Explorer initialized with 4 workers
2025-12-09 08:53:16 - agents.explorer.explorer - INFO - Data set: 18979 rows, 77 columns
[OK] Explorer ready with 4 workers:
   - NumericAnalyzer
   - CategoricalAnalyzer
   - CorrelationAnalyzer
   - QualityAssessor

[3/4] Executing all workers...
2025-12-09 08:53:16 - agents.explorer.explorer - INFO - Starting comprehensive data exploration...
2025-12-09 08:53:16 - agents.explorer.explorer - INFO - Executing all workers...
2025-12-09 08:53:16 - agents.explorer.explorer - INFO - Executing NumericAnalyzer...
2025-12-09 08:53:16 - explorer.workers.NumericAnalyzer - INFO - Analyzing numeric columns...
2025-12-09 08:53:16 - explorer.workers.NumericAnalyzer - INFO - Analyzed 55 numeric columns
2025-12-09 08:53:16 - agents.explorer.explorer - INFO - Executing CategoricalAnalyzer...
2025-12-09 08:53:16 - explorer.workers.CategoricalAnalyzer - INFO - Analyzing categorical columns...
2025-12-09 08:53:17 - explorer.workers.CategoricalAnalyzer - INFO - Analyzed 22 categorical columns
2025-12-09 08:53:17 - agents.explorer.explorer - INFO - Executing CorrelationAnalyzer...
2025-12-09 08:53:17 - explorer.workers.CorrelationAnalyzer - INFO - Analyzing correlations...
2025-12-09 08:53:17 - explorer.workers.CorrelationAnalyzer - INFO - Found 281 strong correlations (threshold: 0.7)
2025-12-09 08:53:17 - agents.explorer.explorer - INFO - Executing QualityAssessor...
2025-12-09 08:53:17 - explorer.workers.QualityAssessor - INFO - Assessing data quality...
2025-12-09 08:53:17 - explorer.workers.QualityAssessor - WARNING - Warning: Found 1 columns with high null percentage
2025-12-09 08:53:17 - explorer.workers.QualityAssessor - INFO - Data quality assessment complete. Score: 98.77
2025-12-09 08:53:17 - agents.explorer.explorer - INFO - Validating worker quality...
2025-12-09 08:53:17 - agents.explorer.explorer - INFO - Exploration complete
[OK] All workers executed successfully

[4/4] Displaying Results...

--------------------------------------------------------------------------------
COMPREHENSIVE EXPLORATION REPORT
--------------------------------------------------------------------------------

Status: success
Timestamp: 2025-12-09T06:53:17.200434
Data Shape: 18979 rows x 77 columns

Workers Executed: 4
Overall Quality Score: 0.997

--------------------------------------------------------------------------------
QUALITY VALIDATION REPORT
--------------------------------------------------------------------------------

Successful Workers: 4/4
Failed Workers: 0/4

Worker Details:
  [OK] NumericAnalyzer           | Quality: 1.000 | Errors: 0
  [OK] CategoricalAnalyzer       | Quality: 1.000 | Errors: 0
  [OK] CorrelationAnalyzer       | Quality: 1.000 | Errors: 0
  [OK] QualityAssessor           | Quality: 0.988 | Errors: 0

--------------------------------------------------------------------------------
DETAILED WORKER RESULTS
--------------------------------------------------------------------------------

NumericAnalyzer:
  Success: True
  Quality Score: 1
  Task Type: numeric_analysis
  Execution Time: 158ms

CategoricalAnalyzer:
  Success: True
  Quality Score: 1
  Task Type: categorical_analysis
  Execution Time: 67ms

CorrelationAnalyzer:
  Success: True
  Quality Score: 1.0
  Task Type: correlation_analysis
  Execution Time: 105ms

QualityAssessor:
  Success: True
  Quality Score: 0.988
  Task Type: quality_assessment
  Execution Time: 63ms
  Warnings: 1
    - Found 1 columns with high null percentage

--------------------------------------------------------------------------------
ANALYSIS SUMMARY
--------------------------------------------------------------------------------

Numeric Columns: 55
  Examples: Age, ΓåôOVA, POT, ID, BOV...

Categorical Columns: 22
  Examples: photoUrl, LongName, playerUrl, Nationality, Positions...

Strongly Correlated Pairs: 281
  Top 3:
    - Goalkeeping <-> GK Reflexes: 0.989
    - Goalkeeping <-> GK Diving: 0.989
    - Defending <-> Standing Tackle: 0.988

Data Quality Score: 98.77
Quality Rating: Excellent
Null Percentage: 1.23%
Duplicate Percentage: 0.01%

================================================================================
FULL JSON RESPONSE (for debugging)
================================================================================
{
  "status": "success",
  "timestamp": "2025-12-09T06:53:17.200434",
  "data_shape": {
    "rows": 18979,
    "columns": 77
  },
  "workers_executed": 4,
  "worker_results": {
    "NumericAnalyzer": {
      "worker": "NumericAnalyzer",
      "task_type": "numeric_analysis",
      "success": true,
      "data": {
        "numeric_columns": [
          "Age",
          "\u2193OVA",
          "POT",
          "ID",
          "BOV",
          "Growth",
          "Attacking",
          "Crossing",
          "Finishing",
          "Heading Accuracy",
          "Short Passing",
          "Volleys",
          "Skill",
          "Dribbling",
          "Curve",
          "FK Accuracy",
          "Long Passing",
          "Ball Control",
          "Movement",
          "Acceleration",
          "Sprint Speed",
          "Agility",
          "Reactions",
          "Balance",
          "Power",
          "Shot Power",
          "Jumping",
          "Stamina",
          "Strength",
          "Long Shots",
          "Mentality",
          "Aggression",
          "Interceptions",
          "Positioning",
          "Vision",
          "Penalties",
          "Composure",
          "Defending",
          "Marking",
          "Standing Tackle",
          "Sliding Tackle",
          "Goalkeeping",
          "GK Diving",
          "GK Handling",
          "GK Kicking",
          "GK Positioning",
          "GK Reflexes",
          "Total Stats",
          "Base Stats",
          "PAC",
          "SHO",
          "PAS",
          "DRI",
          "DEF",
          "PHY"
        ],
        "statistics": {
          "Age": {
            "count": 18979,
            "mean": 25.19458348701196,
            "median": 25.0,
            "std": 4.71075259023509,
            "var": 22.191189966406615,
            "min": 16.0,
            "max": 53.0,
            "q25": 21.0,
            "q50": 25.0,
            "q75": 29.0,
            "iqr": 8.0,
            "range": 37.0,
            "skewness": 0.4042036254495867,
            "kurtosis": -0.4275258369612449
          },
          "\u2193OVA": {
            "count": 18979,
            "mean": 65.71863638758629,
            "median": 66.0,
            "std": 6.968998988533957,
            "var": 48.56694690218731,
            "min": 47.0,
            "max": 93.0,
            "q25": 61.0,
            "q50": 66.0,
            "q75": 70.0,
            "iqr": 9.0,
            "range": 46.0,
            "skewness": 0.09512241139254218,
            "kurtosis": 0.012258062925774471
          },
          "POT": {
            "count": 18979,
            "mean": 71.13609779229675,
            "median": 71.0,
            "std": 6.114176317324753,
            "var": 37.38315203933488,
            "min": 47.0,
            "max": 95.0,
            "q25": 67.0,
            "q50": 71.0,
            "q75": 75.0,
            "iqr": 8.0,
            "range": 48.0,
            "skewness": 0.19916219523112877,
            "kurtosis": 0.07937480832391541
          },
          "ID": {
            "count": 18979,
            "mean": 226404.79024184626,
            "median": 232424.0,
            "std": 27141.67334866169,
            "var": 736670432.1654524,
            "min": 41.0,
            "max": 259216.0,
            "q25": 210135.0,
            "q50": 232424.0,
            "q75": 246925.5,
            "iqr": 36790.5,
            "range": 259175.0,
            "skewness": -1.569377138189067,
            "kurtosis": 5.833501165643778
          },
          "BOV": {
            "count": 18979,
            "mean": 66.75162021181306,
            "median": 67.0,
            "std": 6.7470173801626,
            "var": 45.52224352821619,
            "min": 48.0,
            "max": 93.0,
            "q25": 62.0,
            "q50": 67.0,
            "q75": 71.0,
            "iqr": 9.0,
            "range": 45.0,
            "skewness": 0.11930567193709145,
            "kurtosis": 0.05447882934541992
          },
          "Growth": {
            "count": 18979,
            "mean": 5.41746140471047,
            "median": 4.0,
            "std": 5.6639544566467,
            "var": 32.08038008696802,
            "min": 0.0,
            "max": 26.0,
            "q25": 0.0,
            "q50": 4.0,
            "q75": 9.0,
            "iqr": 9.0,
            "range": 26.0,
            "skewness": 0.8273044347695576,
            "kurtosis": -0.28687569094481935
          },
          "Attacking": {
            "count": 18979,
            "mean": 248.93861636545657,
            "median": 263.0,
            "std": 74.29976393542036,
            "var": 5520.4549208591925,
            "min": 42.0,
            "max": 437.0,
            "q25": 222.0,
            "q50": 263.0,
            "q75": 297.0,
            "iqr": 75.0,
            "range": 395.0,
            "skewness": -1.0598395234509452,
            "kurtosis": 0.79452222124754
          },
          "Crossing": {
            "count": 18979,
            "mean": 49.688550503187734,
            "median": 54.0,
            "std": 18.131334346197125,
            "var": 328.7452851735875,
            "min": 6.0,
            "max": 94.0,
            "q25": 38.0,
            "q50": 54.0,
            "q75": 63.0,
            "iqr": 25.0,
            "range": 88.0,
            "skewness": -0.6176174102581636,
            "kurtosis": -0.46254539418567253
          },
          "Finishing": {
            "count": 18979,
            "mean": 45.84293166130987,
            "median": 49.0,
            "std": 19.566977881648654,
            "var": 382.8666234209277,
            "min": 3.0,
            "max": 95.0,
            "q25": 30.0,
            "q50": 49.0,
            "q75": 62.0,
            "iqr": 32.0,
            "range": 92.0,
            "skewness": -0.3437178108741985,
            "kurtosis": -0.8966283192004965
          },
          "Heading Accuracy": {
            "count": 18979,
            "mean": 51.9418831339902,
            "median": 55.0,
            "std": 17.293625880822347,
            "var": 299.0694961058485,
            "min": 5.0,
            "max": 93.0,
            "q25": 44.0,
            "q50": 55.0,
            "q75": 64.0,
            "iqr": 20.0,
            "range": 88.0,
            "skewness": -0.8681321258499143,
            "kurtosis": 0.2939650548846484
          },
          "Short Passing": {
            "count": 18979,
            "mean": 58.76800674429633,
            "median": 62.0,
            "std": 14.518995108971762,
            "var": 210.80121897434591,
            "min": 7.0,
            "max": 94.0,
            "q25": 54.0,
            "q50": 62.0,
            "q75": 68.0,
            "iqr": 14.0,
            "range": 87.0,
            "skewness": -1.1574471184322597,
            "kurtosis": 1.0149826076736712
          },
          "Volleys": {
            "count": 18979,
            "mean": 42.697244322672425,
            "median": 44.0,
            "std": 17.647116391325085,
            "var": 311.42071692897446,
            "min": 3.0,
            "max": 90.0,
            "q25": 30.0,
            "q50": 44.0,
            "q75": 56.0,
            "iqr": 26.0,
            "range": 87.0,
            "skewness": -0.16831320896880086,
            "kurtosis": -0.6547528372288185
          },
          "Skill": {
            "count": 18979,
            "mean": 256.4818483587123,
            "median": 269.0,
            "std": 78.6528965625111,
            "var": 6186.278137673072,
            "min": 40.0,
            "max": 470.0,
            "q25": 222.0,
            "q50": 269.0,
            "q75": 310.0,
            "iqr": 88.0,
            "range": 430.0,
            "skewness": -0.8009578035521177,
            "kurtosis": 0.22392318441482617
          },
          "Dribbling": {
            "count": 18979,
            "mean": 55.58791295642552,
            "median": 61.0,
            "std": 18.761660325180607,
            "var": 351.99989815745613,
            "min": 5.0,
            "max": 96.0,
            "q25": 49.0,
            "q50": 61.0,
            "q75": 68.0,
            "iqr": 19.0,
            "range": 91.0,
            "skewness": -1.1351615109475222,
            "kurtosis": 0.5158793752909476
          },
          "Curve": {
            "count": 18979,
            "mean": 47.24811633911165,
            "median": 49.0,
            "std": 18.208857004178654,
            "var": 331.56247339862597,
            "min": 4.0,
            "max": 94.0,
            "q25": 35.0,
            "q50": 49.0,
            "q75": 61.0,
            "iqr": 26.0,
            "range": 90.0,
            "skewness": -0.26121833060534966,
            "kurtosis": -0.6641962267752146
          },
          "FK Accuracy": {
            "count": 18979,
            "mean": 42.392012224037096,
            "median": 41.0,
            "std": 17.228069460460407,
            "var": 296.80637733444854,
            "min": 5.0,
            "max": 94.0,
            "q25": 31.0,
            "q50": 41.0,
            "q75": 55.0,
            "iqr": 24.0,
            "range": 89.0,
            "skewness": 0.11748126011031026,
            "kurtosis": -0.6451688945026395
          },
          "Long Passing": {
            "count": 18979,
            "mean": 52.725011855208386,
            "median": 56.0,
            "std": 15.177694523483419,
            "var": 230.36241104817856,
            "min": 5.0,
            "max": 93.0,
            "q25": 43.0,
            "q50": 56.0,
            "q75": 64.0,
            "iqr": 21.0,
            "range": 88.0,
            "skewness": -0.5910697583622896,
            "kurtosis": -0.32838870179201907
          },
          "Ball Control": {
            "count": 18979,
            "mean": 58.52879498392961,
            "median": 63.0,
            "std": 16.566285887083918,
            "var": 274.4418280925958,
            "min": 5.0,
            "max": 96.0,
            "q25": 54.0,
            "q50": 63.0,
            "q75": 69.0,
            "iqr": 15.0,
            "range": 91.0,
            "skewness": -1.3417595733615018,
            "kurtosis": 1.2787803412199548
          },
          "Movement": {
            "count": 18979,
            "mean": 317.7210074292639,
            "median": 327.0,
            "std": 55.88142232879353,
            "var": 3122.733361488985,
            "min": 122.0,
            "max": 464.0,
            "q25": 289.0,
            "q50": 327.0,
            "q75": 356.0,
            "iqr": 67.0,
            "range": 342.0,
            "skewness": -0.7944618317296908,
            "kurtosis": 0.5868532760388998
          },
          "Acceleration": {
            "count": 18979,
            "mean": 64.35792191369408,
            "median": 67.0,
            "std": 14.890207730228477,
            "var": 221.71828624935588,
            "min": 13.0,
            "max": 97.0,
            "q25": 57.0,
            "q50": 67.0,
            "q75": 74.0,
            "iqr": 17.0,
            "range": 84.0,
            "skewness": -0.8626641452814005,
            "kurtosis": 0.6335984278396136
          },
          "Sprint Speed": {
            "count": 18979,
            "mean": 64.41308815006059,
            "median": 67.0,
            "std": 14.63887383269106,
            "var": 214.29662708944701,
            "min": 12.0,
            "max": 96.0,
            "q25": 57.0,
            "q50": 67.0,
            "q75": 74.0,
            "iqr": 17.0,
            "range": 84.0,
            "skewness": -0.8804455091744651,
            "kurtosis": 0.7076275553491174
          },
          "Agility": {
            "count": 18979,
            "mean": 63.36761683966489,
            "median": 66.0,
            "std": 14.597144318774436,
            "var": 213.0766222631288,
            "min": 14.0,
            "max": 96.0,
            "q25": 55.0,
            "q50": 66.0,
            "q75": 74.0,
            "iqr": 19.0,
            "range": 82.0,
            "skewness": -0.62891337761555,
            "kurtosis": 0.01525744977517407
          },
          "Reactions": {
            "count": 18979,
            "mean": 61.655619368776016,
            "median": 62.0,
            "std": 9.072114010445553,
            "var": 82.30325261852249,
            "min": 24.0,
            "max": 95.0,
            "q25": 56.0,
            "q50": 62.0,
            "q75": 68.0,
            "iqr": 12.0,
            "range": 71.0,
            "skewness": -0.11215828439961273,
            "kurtosis": 0.19261822631529357
          },
          "Balance": {
            "count": 18979,
            "mean": 63.92676115706834,
            "median": 66.0,
            "std": 14.06270339698261,
            "var": 197.7596268315062,
            "min": 12.0,
            "max": 97.0,
            "q25": 56.0,
            "q50": 66.0,
            "q75": 74.0,
            "iqr": 18.0,
            "range": 85.0,
            "skewness": -0.6076798167015534,
            "kurtosis": 0.11002887363884328
          },
          "Power": {
            "count": 18979,
            "mean": 296.6066178407714,
            "median": 302.0,
            "std": 50.733368159315624,
            "var": 2573.87464478866,
            "min": 122.0,
            "max": 444.0,
            "q25": 264.0,
            "q50": 302.0,
            "q75": 334.0,
            "iqr": 70.0,
            "range": 322.0,
            "skewness": -0.45602910717897494,
            "kurtosis": -0.17550055460444947
          },
          "Shot Power": {
            "count": 18979,
            "mean": 57.80241319352969,
            "median": 59.0,
            "std": 13.30897972716968,
            "var": 177.1289413782135,
            "min": 18.0,
            "max": 95.0,
            "q25": 48.0,
            "q50": 59.0,
            "q75": 68.0,
            "iqr": 20.0,
            "range": 77.0,
            "skewness": -0.23233930648064455,
            "kurtosis": -0.5356763175023
          },
          "Jumping": {
            "count": 18979,
            "mean": 64.57700616470837,
            "median": 65.0,
            "std": 11.844591662167868,
            "var": 140.29435164349658,
            "min": 15.0,
            "max": 95.0,
            "q25": 58.0,
            "q50": 65.0,
            "q75": 73.0,
            "iqr": 15.0,
            "range": 80.0,
            "skewness": -0.4055514031114004,
            "kurtosis": 0.22427223055649614
          },
          "Stamina": {
            "count": 18979,
            "mean": 62.654723641920015,
            "median": 66.0,
            "std": 15.804985806792386,
            "var": 249.79757635290875,
            "min": 12.0,
            "max": 97.0,
            "q25": 55.0,
            "q50": 66.0,
            "q75": 73.0,
            "iqr": 18.0,
            "range": 85.0,
            "skewness": -0.9004937278293047,
            "kurtosis": 0.49452874413512093
          },
          "Strength": {
            "count": 18979,
            "mean": 64.78613204067653,
            "median": 66.0,
            "std": 12.488690025022875,
            "var": 155.96737854110583,
            "min": 16.0,
            "max": 97.0,
            "q25": 57.0,
            "q50": 66.0,
            "q75": 74.0,
            "iqr": 17.0,
            "range": 81.0,
            "skewness": -0.41855433306262296,
            "kurtosis": 0.008829234072545766
          },
          "Long Shots": {
            "count": 18979,
            "mean": 46.78634279993677,
            "median": 51.0,
            "std": 19.300861900574688,
            "var": 372.52327010505553,
            "min": 4.0,
            "max": 94.0,
            "q25": 32.0,
            "q50": 51.0,
            "q75": 62.0,
            "iqr": 30.0,
            "range": 90.0,
            "skewness": -0.4423304429906175,
            "kurtosis": -0.7831521305676832
          },
          "Mentality": {
            "count": 18979,
            "mean": 254.20037936666841,
            "median": 263.0,
            "std": 64.59622758859736,
            "var": 4172.672618677867,
            "min": 50.0,
            "max": 421.0,
            "q25": 227.5,
            "q50": 263.0,
            "q75": 297.0,
            "iqr": 69.5,
            "range": 371.0,
            "skewness": -0.938913983206278,
            "kurtosis": 0.7869908674684463
          },
          "Aggression": {
            "count": 18979,
            "mean": 55.59096896569893,
            "median": 58.0,
            "std": 17.140037572298493,
            "var": 293.78088797980405,
            "min": 9.0,
            "max": 96.0,
            "q25": 44.0,
            "q50": 58.0,
            "q75": 69.0,
            "iqr": 25.0,
            "range": 87.0,
            "skewness": -0.4258350923970428,
            "kurtosis": -0.5938754429941198
          },
          "Interceptions": {
            "count": 18979,
            "mean": 46.39406712682438,
            "median": 53.0,
            "std": 20.697516110530454,
            "var": 428.38717314566765,
            "min": 3.0,
            "max": 91.0,
            "q25": 25.0,
            "q50": 53.0,
            "q75": 64.0,
            "iqr": 39.0,
            "range": 88.0,
            "skewness": -0.29526460826105166,
            "kurtosis": -1.2532510980994456
          },
          "Positioning": {
            "count": 18979,
            "mean": 50.299857737499345,
            "median": 55.0,
            "std": 19.429171433254027,
            "var": 377.49270258277437,
            "min": 2.0,
            "max": 95.0,
            "q25": 40.0,
            "q50": 55.0,
            "q75": 64.0,
            "iqr": 24.0,
            "range": 93.0,
            "skewness": -0.7863959629345285,
            "kurtosis": -0.22860424269489776
          },
          "Vision": {
            "count": 18979,
            "mean": 53.85715791137573,
            "median": 55.0,
            "std": 13.708606833370283,
            "var": 187.9259013119264,
            "min": 9.0,
            "max": 95.0,
            "q25": 45.0,
            "q50": 55.0,
            "q75": 64.0,
            "iqr": 19.0,
            "range": 86.0,
            "skewness": -0.3430659024734638,
            "kurtosis": -0.3685362062752522
          },
          "Penalties": {
            "count": 18979,
            "mean": 48.05832762527004,
            "median": 49.0,
            "std": 15.655889732069197,
            "var": 245.10688330270972,
            "min": 6.0,
            "max": 92.0,
            "q25": 39.0,
            "q50": 49.0,
            "q75": 60.0,
            "iqr": 21.0,
            "range": 86.0,
            "skewness": -0.34136516043977355,
            "kurtosis": -0.258423542972805
          },
          "Composure": {
            "count": 18979,
            "mean": 58.07360767163707,
            "median": 59.0,
            "std": 12.079042402618235,
            "var": 145.9032653642493,
            "min": 12.0,
            "max": 96.0,
            "q25": 50.0,
            "q50": 59.0,
            "q75": 67.0,
            "iqr": 17.0,
            "range": 84.0,
            "skewness": -0.44092127082078436,
            "kurtosis": 0.2233726992726317
          },
          "Defending": {
            "count": 18979,
            "mean": 139.9086885505032,
            "median": 159.0,
            "std": 61.218624013333475,
            "var": 3747.71992608589,
            "min": 20.0,
            "max": 272.0,
            "q25": 83.0,
            "q50": 159.0,
            "q75": 191.0,
            "iqr": 108.0,
            "range": 252.0,
            "skewness": -0.3210218754364689,
            "kurtosis": -1.253243139895386
          },
          "Marking": {
            "count": 18979,
            "mean": 46.558828178513096,
            "median": 52.0,
            "std": 20.138812549662877,
            "var": 405.57177091045895,
            "min": 3.0,
            "max": 94.0,
            "q25": 29.0,
            "q50": 52.0,
            "q75": 63.0,
            "iqr": 34.0,
            "range": 91.0,
            "skewness": -0.35336639876491976,
            "kurtosis": -1.0925086399060824
          },
          "Standing Tackle": {
            "count": 18979,
            "mean": 47.70535855419148,
            "median": 55.0,
            "std": 21.367322245791044,
            "var": 456.5624599554768,
            "min": 5.0,
            "max": 93.0,
            "q25": 27.0,
            "q50": 55.0,
            "q75": 65.0,
            "iqr": 38.0,
            "range": 88.0,
            "skewness": -0.36818219634344734,
            "kurtosis": -1.2700837297129879
          },
          "Sliding Tackle": {
            "count": 18979,
            "mean": 45.64450181779862,
            "median": 52.0,
            "std": 20.922167380050357,
            "var": 437.7370878788433,
            "min": 4.0,
            "max": 90.0,
            "q25": 25.0,
            "q50": 52.0,
            "q75": 63.0,
            "iqr": 38.0,
            "range": 86.0,
            "skewness": -0.2979680983191419,
            "kurtosis": -1.3232909670632793
          },
          "Goalkeeping": {
            "count": 18979,
            "mean": 81.43669318720691,
            "median": 53.0,
            "std": 84.66557941450758,
            "var": 7168.26033759429,
            "min": 10.0,
            "max": 440.0,
            "q25": 48.0,
            "q50": 53.0,
            "q75": 59.0,
            "iqr": 11.0,
            "range": 430.0,
            "skewness": 2.5612427945418283,
            "kurtosis": 4.846421277322107
          },
          "GK Diving": {
            "count": 18979,
            "mean": 16.41619684914906,
            "median": 11.0,
            "std": 17.55422092873467,
            "var": 308.1506724148262,
            "min": 2.0,
            "max": 90.0,
            "q25": 8.0,
            "q50": 11.0,
            "q75": 14.0,
            "iqr": 6.0,
            "range": 88.0,
            "skewness": 2.471050052642962,
            "kurtosis": 4.591091798211497
          },
          "GK Handling": {
            "count": 18979,
            "mean": 16.207123662995944,
            "median": 11.0,
            "std": 16.81630495641104,
            "var": 282.7881123870146,
            "min": 2.0,
            "max": 92.0,
            "q25": 8.0,
            "q50": 11.0,
            "q75": 14.0,
            "iqr": 6.0,
            "range": 90.0,
            "skewness": 2.46189166036411,
            "kurtosis": 4.5669493510247765
          },
          "GK Kicking": {
            "count": 18979,
            "mean": 16.07655830128036,
            "median": 11.0,
            "std": 16.491064207400445,
            "var": 271.95519869260403,
            "min": 2.0,
            "max": 93.0,
            "q25": 8.0,
            "q50": 11.0,
            "q75": 14.0,
            "iqr": 6.0,
            "range": 91.0,
            "skewness": 2.4627243703066752,
            "kurtosis": 4.614988335566301
          },
          "GK Positioning": {
            "count": 18979,
            "mean": 16.217608936192633,
            "median": 11.0,
            "std": 17.002134342304743,
            "var": 289.0725721937783,
            "min": 2.0,
            "max": 91.0,
            "q25": 8.0,
            "q50": 11.0,
            "q75": 14.0,
            "iqr": 6.0,
            "range": 89.0,
            "skewness": 2.491693717380941,
            "kurtosis": 4.763610647682104
          },
          "GK Reflexes": {
            "count": 18979,
            "mean": 16.519205437588916,
            "median": 11.0,
            "std": 17.85418531524333,
            "var": 318.77193327105067,
            "min": 2.0,
            "max": 90.0,
            "q25": 8.0,
            "q50": 11.0,
            "q75": 14.0,
            "iqr": 6.0,
            "range": 88.0,
            "skewness": 2.4844953143605495,
            "kurtosis": 4.664693722426858
          },
          "Total Stats": {
            "count": 18979,
            "mean": 1595.2938510985825,
            "median": 1627.0,
            "std": 269.88354164494353,
            "var": 72837.12605081797,
            "min": 747.0,
            "max": 2316.0,
            "q25": 1452.0,
            "q50": 1627.0,
            "q75": 1781.0,
            "iqr": 329.0,
            "range": 1569.0,
            "skewness": -0.6465625658046046,
            "kurtosis": 0.3374691602548334
          },
          "Base Stats": {
            "count": 18979,
            "mean": 355.7030402023289,
            "median": 356.0,
            "std": 40.76228180055369,
            "var": 1661.5636175877505,
            "min": 232.0,
            "max": 498.0,
            "q25": 327.0,
            "q50": 356.0,
            "q75": 384.0,
            "iqr": 57.0,
            "range": 266.0,
            "skewness": 0.035601179684846336,
            "kurtosis": -0.3065185537528001
          },
          "PAC": {
            "count": 18979,
            "mean": 67.45423889562147,
            "median": 68.0,
            "std": 10.67805784308584,
            "var": 114.02091930028702,
            "min": 25.0,
            "max": 96.0,
            "q25": 61.0,
            "q50": 68.0,
            "q75": 75.0,
            "iqr": 14.0,
            "range": 71.0,
            "skewness": -0.4544150412915721,
            "kurtosis": 0.6740170436420172
          },
          "SHO": {
            "count": 18979,
            "mean": 53.457716423415356,
            "median": 56.0,
            "std": 13.827229138406587,
            "var": 191.19226564600018,
            "min": 16.0,
            "max": 93.0,
            "q25": 44.0,
            "q50": 56.0,
            "q75": 64.0,
            "iqr": 20.0,
            "range": 77.0,
            "skewness": -0.3775230718013942,
            "kurtosis": -0.6494046584449005
          },
          "PAS": {
            "count": 18979,
            "mean": 57.68106854944939,
            "median": 58.0,
            "std": 10.081913711351595,
            "var": 101.64498408313928,
            "min": 25.0,
            "max": 93.0,
            "q25": 51.0,
            "q50": 58.0,
            "q75": 64.0,
            "iqr": 13.0,
            "range": 68.0,
            "skewness": -0.21645372343625746,
            "kurtosis": -0.0296963301534503
          },
          "DRI": {
            "count": 18979,
            "mean": 62.875493967016176,
            "median": 64.0,
            "std": 9.927874557859445,
            "var": 98.56269323659286,
            "min": 25.0,
            "max": 95.0,
            "q25": 57.0,
            "q50": 64.0,
            "q75": 69.0,
            "iqr": 12.0,
            "range": 70.0,
            "skewness": -0.5121082806780715,
            "kurtosis": 0.45772346620266235
          },
          "DEF": {
            "count": 18979,
            "mean": 49.865904420675484,
            "median": 53.0,
            "std": 16.442729509185074,
            "var": 270.36335371222566,
            "min": 12.0,
            "max": 91.0,
            "q25": 35.0,
            "q50": 53.0,
            "q75": 63.0,
            "iqr": 28.0,
            "range": 79.0,
            "skewness": -0.22211311185780064,
            "kurtosis": -1.1198244649113915
          },
          "PHY": {
            "count": 18979,
            "mean": 64.368617946151,
            "median": 65.0,
            "std": 9.60166480115684,
            "var": 92.19196695377423,
            "min": 28.0,
            "max": 91.0,
            "q25": 58.0,
            "q50": 65.0,
            "q75": 71.0,
            "iqr": 13.0,
            "range": 63.0,
            "skewness": -0.41024814905978535,
            "kurtosis": -0.14153961591232944
          }
        },
        "columns_analyzed": 55
      },
      "errors": [],
      "warnings": [],
      "quality_score": 1,
      "metadata": {},
      "timestamp": "2025-12-09T06:53:16.804453",
      "execution_time_ms": 158
    },
    "CategoricalAnalyzer": {
      "worker": "CategoricalAnalyzer",
      "task_type": "categorical_analysis",
      "success": true,
      "data": {
        "categorical_columns": [
          "photoUrl",
          "LongName",
          "playerUrl",
          "Nationality",
          "Positions",
          "Name",
          "Team & Contract",
          "Height",
          "Weight",
          "foot",
          "BP",
          "Joined",
          "Loan Date End",
          "Value",
          "Wage",
          "Release Clause",
          "W/F",
          "SM",
          "A/W",
          "D/W",
          "IR",
          "Hits"
        ],
        "statistics": {
          "photoUrl": {
            "count": 18979,
            "unique_values": 18978,
            "null_count": 0,
            "null_percentage": 0.0,
            "most_common": "https://cdn.sofifa.com/players/251/698/21_60.png",
            "most_common_count": 2,
            "most_common_percentage": 0.01,
            "least_common": "https://cdn.sofifa.com/players/255/958/21_60.png",
            "least_common_count": 1,
            "top_10_values": {
              "https://cdn.sofifa.com/players/251/698/21_60.png": 2,
              "https://cdn.sofifa.com/players/243/876/21_60.png": 1,
              "https://cdn.sofifa.com/players/173/734/21_60.png": 1,
              "https://cdn.sofifa.com/players/232/102/21_60.png": 1,
              "https://cdn.sofifa.com/players/193/957/21_60.png": 1,
              "https://cdn.sofifa.com/players/191/909/21_60.png": 1,
              "https://cdn.sofifa.com/players/256/421/21_60.png": 1,
              "https://cdn.sofifa.com/players/257/956/21_60.png": 1,
              "https://cdn.sofifa.com/players/252/580/21_60.png": 1,
              "https://cdn.sofifa.com/players/158/023/21_60.png": 1
            }
          },
          "LongName": {
            "count": 18979,
            "unique_values": 18851,
            "null_count": 0,
            "null_percentage": 0.0,
            "most_common": "Liam Kelly",
            "most_common_count": 3,
            "most_common_percentage": 0.02,
            "least_common": "Mateo Flores",
            "least_common_count": 1,
            "top_10_values": {
              "Liam Kelly": 3,
              "Danny Rose": 3,
              "Nicol\u00e1s Gonz\u00e1lez": 3,
              "Peng Wang": 3,
              "Adama Traor\u00e9": 3,
              "Diego Rodr\u00edguez": 3,
              "James Clarke": 2,
              "Enzo D\u00edaz": 2,
              "Joe Riley": 2,
              "Tommy Smith": 2
            }
          },
          "playerUrl": {
            "count": 18979,
            "unique_values": 18978,
            "null_count": 0,
            "null_percentage": 0.0,
            "most_common": "http://sofifa.com/player/251698/kevin-berlaso/210005/",
            "most_common_count": 2,
            "most_common_percentage": 0.01,
            "least_common": "http://sofifa.com/player/255958/mateo-flores/210005/",
            "least_common_count": 1,
            "top_10_values": {
              "http://sofifa.com/player/251698/kevin-berlaso/210005/": 2,
              "http://sofifa.com/player/243876/mads-frokjaer-jensen/210005/": 1,
              "http://sofifa.com/player/173734/james-wilson/210005/": 1,
              "http://sofifa.com/player/232102/conor-masterson/210005/": 1,
              "http://sofifa.com/player/193957/cristian-montano/210005/": 1,
              "http://sofifa.com/player/191909/hyun-sung-kim/210005/": 1,
              "http://sofifa.com/player/256421/alan-forrest/210005/": 1,
              "http://sofifa.com/player/257956/juergen-farid-elitim/210005/": 1,
              "http://sofifa.com/player/252580/paul-omo-mukairu/210005/": 1,
              "http://sofifa.com/player/158023/lionel-messi/210005/": 1
            }
          },
          "Nationality": {
            "count": 18979,
            "unique_values": 164,
            "null_count": 0,
            "null_percentage": 0.0,
            "most_common": "England",
            "most_common_count": 1704,
            "most_common_percentage": 8.98,
            "least_common": "Indonesia",
            "least_common_count": 1,
            "top_10_values": {
              "England": 1704,
              "Germany": 1195,
              "Spain": 1065,
              "France": 1003,
              "Argentina": 943,
              "Brazil": 887,
              "Japan": 485,
              "Netherlands": 438,
              "Italy": 387,
              "Sweden": 380
            }
          },
          "Positions": {
            "count": 18979,
            "unique_values": 640,
            "null_count": 0,
            "null_percentage": 0.0,
            "most_common": "CB",
            "most_common_count": 2441,
            "most_common_percentage": 12.86,
            "least_common": "LB LWB LW",
            "least_common_count": 1,
            "top_10_values": {
              "CB": 2441,
              "GK": 2074,
              "ST": 1864,
              "CDM CM": 842,
              "CM": 795,
              "LB": 743,
              "CM CDM": 689,
              "RB": 655,
              "CDM": 329,
              "RM": 262
            }
          },
          "Name": {
            "count": 18979,
            "unique_values": 17919,
            "null_count": 0,
            "null_percentage": 0.0,
            "most_common": "J. Rodr\u00edguez",
            "most_common_count": 13,
            "most_common_percentage": 0.07,
            "least_common": "M. Flores",
            "least_common_count": 1,
            "top_10_values": {
              "J. Rodr\u00edguez": 13,
              "Paulinho": 8,
              "J. Garc\u00eda": 7,
              "J. Gonz\u00e1lez": 7,
              "M. Smith": 7,
              "R. Fern\u00e1ndez": 7,
              "J. Jones": 7,
              "A. Gonz\u00e1lez": 7,
              "A. Traor\u00e9": 6,
              "J. Williams": 6
            }
          },
          "Team & Contract": {
            "count": 18979,
            "unique_values": 9023,
            "null_count": 0,
            "null_percentage": 0.0,
            "most_common": "\n India\nFree\n\n",
            "most_common_count": 29,
            "most_common_percentage": 0.15,
            "least_common": "\n\n\n\nWuhan Zall\n2018 ~ 2022\n\n",
            "least_common_count": 1,
            "top_10_values": {
              "\n India\nFree\n\n": 29,
              "\n Ecuador\nFree\n\n": 24,
              "\n Uruguay\nFree\n\n": 23,
              "\n\n\n\nGoi\u00e1s\n2019 ~ 2023\n\n": 20,
              "\n\n\n\nVasco da Gama\n2019 ~ 2023\n\n": 20,
              "\n\n\n\nFortaleza\n2019 ~ 2023\n\n": 20,
              "\n\n\n\nCear\u00e1 Sporting Club\n2019 ~ 2023\n\n": 20,
              "\n\n\n\nFlamengo\n2019 ~ 2023\n\n": 20,
              "\n\n\n\nBahia\n2019 ~ 2023\n\n": 20,
              "\n\n\n\nS\u00e3o Paulo\n2019 ~ 2023\n\n": 20
            }
          },
          "Height": {
            "count": 18979,
            "unique_values": 21,
            "null_count": 0,
            "null_percentage": 0.0,
            "most_common": "6'0\"",
            "most_common_count": 2859,
            "most_common_percentage": 15.06,
            "least_common": "6'9\"",
            "least_common_count": 1,
            "top_10_values": {
              "6'0\"": 2859,
              "5'10\"": 2654,
              "5'9\"": 2304,
              "5'11\"": 2188,
              "6'2\"": 2108,
              "6'1\"": 2001,
              "5'8\"": 1069,
              "6'3\"": 1049,
              "5'7\"": 953,
              "6'4\"": 797
            }
          },
          "Weight": {
            "count": 18979,
            "unique_values": 56,
            "null_count": 0,
            "null_percentage": 0.0,
            "most_common": "154lbs",
            "most_common_count": 1496,
            "most_common_percentage": 7.88,
            "least_common": "110lbs",
            "least_common_count": 1,
            "top_10_values": {
              "154lbs": 1496,
              "165lbs": 1458,
              "176lbs": 1109,
              "159lbs": 1024,
              "172lbs": 995,
              "163lbs": 957,
              "161lbs": 956,
              "170lbs": 893,
              "168lbs": 880,
              "150lbs": 795
            }
          },
          "foot": {
            "count": 18979,
            "unique_values": 2,
            "null_count": 0,
            "null_percentage": 0.0,
            "most_common": "Right",
            "most_common_count": 14445,
            "most_common_percentage": 76.11,
            "least_common": "Left",
            "least_common_count": 4534,
            "top_10_values": {
              "Right": 14445,
              "Left": 4534
            }
          },
          "BP": {
            "count": 18979,
            "unique_values": 15,
            "null_count": 0,
            "null_percentage": 0.0,
            "most_common": "CB",
            "most_common_count": 3685,
            "most_common_percentage": 19.42,
            "least_common": "CF",
            "least_common_count": 78,
            "top_10_values": {
              "CB": 3685,
              "ST": 2680,
              "CAM": 2299,
              "GK": 2075,
              "RM": 1611,
              "CDM": 1445,
              "LB": 1086,
              "RB": 1080,
              "CM": 1047,
              "LM": 871
            }
          },
          "Joined": {
            "count": 18979,
            "unique_values": 1869,
            "null_count": 0,
            "null_percentage": 0.0,
            "most_common": "Jul 1, 2019",
            "most_common_count": 1344,
            "most_common_percentage": 7.08,
            "least_common": "Feb 28, 2015",
            "least_common_count": 1,
            "top_10_values": {
              "Jul 1, 2019": 1344,
              "Jul 1, 2018": 865,
              "Jan 1, 2019": 682,
              "Jul 1, 2017": 520,
              "Jul 1, 2020": 435,
              "Jan 1, 2020": 432,
              "Jul 1, 2016": 293,
              "Jan 1, 2018": 223,
              "Jul 1, 2015": 178,
              "Oct 5, 2020": 155
            }
          },
          "Loan Date End": {
            "count": 18979,
            "unique_values": 24,
            "null_count": 17966,
            "null_percentage": 94.66,
            "most_common": "Jun 30, 2021",
            "most_common_count": 770,
            "most_common_percentage": 4.06,
            "least_common": "Aug 1, 2021",
            "least_common_count": 1,
            "top_10_values": {
              "Jun 30, 2021": 770,
              "Dec 31, 2020": 100,
              "May 31, 2021": 30,
              "Dec 31, 2021": 22,
              "Jan 31, 2021": 18,
              "Jan 1, 2021": 15,
              "Jun 30, 2022": 15,
              "Nov 30, 2020": 7,
              "Jun 23, 2021": 7,
              "Nov 27, 2021": 6
            }
          },
          "Value": {
            "count": 18979,
            "unique_values": 214,
            "null_count": 0,
            "null_percentage": 0.0,
            "most_common": "\u20ac1.1M",
            "most_common_count": 467,
            "most_common_percentage": 2.46,
            "least_common": "\u20ac5K",
            "least_common_count": 1,
            "top_10_values": {
              "\u20ac1.1M": 467,
              "\u20ac325K": 429,
              "\u20ac350K": 397,
              "\u20ac275K": 394,
              "\u20ac450K": 390,
              "\u20ac475K": 380,
              "\u20ac375K": 366,
              "\u20ac1M": 351,
              "\u20ac400K": 350,
              "\u20ac300K": 350
            }
          },
          "Wage": {
            "count": 18979,
            "unique_values": 141,
            "null_count": 0,
            "null_percentage": 0.0,
            "most_common": "\u20ac2K",
            "most_common_count": 2997,
            "most_common_percentage": 15.79,
            "least_common": "\u20ac560K",
            "least_common_count": 1,
            "top_10_values": {
              "\u20ac2K": 2997,
              "\u20ac500": 2413,
              "\u20ac3K": 2033,
              "\u20ac1K": 1739,
              "\u20ac4K": 1165,
              "\u20ac5K": 897,
              "\u20ac6K": 641,
              "\u20ac7K": 480,
              "\u20ac8K": 424,
              "\u20ac9K": 367
            }
          },
          "Release Clause": {
            "count": 18979,
            "unique_values": 1216,
            "null_count": 0,
            "null_percentage": 0.0,
            "most_common": "\u20ac0",
            "most_common_count": 1262,
            "most_common_percentage": 6.65,
            "least_common": "\u20ac35K",
            "least_common_count": 1,
            "top_10_values": {
              "\u20ac0": 1262,
              "\u20ac1.1M": 609,
              "\u20ac1.2M": 504,
              "\u20ac1.3M": 443,
              "\u20ac1.4M": 385,
              "\u20ac1.5M": 340,
              "\u20ac1M": 328,
              "\u20ac1.6M": 318,
              "\u20ac1.7M": 285,
              "\u20ac1.8M": 263
            }
          },
          "W/F": {
            "count": 18979,
            "unique_values": 5,
            "null_count": 0,
            "null_percentage": 0.0,
            "most_common": "3 \u2605",
            "most_common_count": 11695,
            "most_common_percentage": 61.62,
            "least_common": "1 \u2605",
            "least_common_count": 138,
            "top_10_values": {
              "3 \u2605": 11695,
              "2 \u2605": 4141,
              "4 \u2605": 2722,
              "5 \u2605": 283,
              "1 \u2605": 138
            }
          },
          "SM": {
            "count": 18979,
            "unique_values": 5,
            "null_count": 0,
            "null_percentage": 0.0,
            "most_common": "2\u2605",
            "most_common_count": 9142,
            "most_common_percentage": 48.17,
            "least_common": "5\u2605",
            "least_common_count": 55,
            "top_10_values": {
              "2\u2605": 9142,
              "3\u2605": 6576,
              "1\u2605": 2075,
              "4\u2605": 1131,
              "5\u2605": 55
            }
          },
          "A/W": {
            "count": 18979,
            "unique_values": 3,
            "null_count": 0,
            "null_percentage": 0.0,
            "most_common": "Medium",
            "most_common_count": 12700,
            "most_common_percentage": 66.92,
            "least_common": "Low",
            "least_common_count": 990,
            "top_10_values": {
              "Medium": 12700,
              "High": 5289,
              "Low": 990
            }
          },
          "D/W": {
            "count": 18979,
            "unique_values": 3,
            "null_count": 0,
            "null_percentage": 0.0,
            "most_common": "Medium",
            "most_common_count": 13956,
            "most_common_percentage": 73.53,
            "least_common": "Low",
            "least_common_count": 1726,
            "top_10_values": {
              "Medium": 13956,
              "High": 3297,
              "Low": 1726
            }
          },
          "IR": {
            "count": 18979,
            "unique_values": 5,
            "null_count": 0,
            "null_percentage": 0.0,
            "most_common": "1 \u2605",
            "most_common_count": 17628,
            "most_common_percentage": 92.88,
            "least_common": "5 \u2605",
            "least_common_count": 6,
            "top_10_values": {
              "1 \u2605": 17628,
              "2 \u2605": 1019,
              "3 \u2605": 281,
              "4 \u2605": 45,
              "5 \u2605": 6
            }
          },
          "Hits": {
            "count": 18979,
            "unique_values": 374,
            "null_count": 0,
            "null_percentage": 0.0,
            "most_common": "\n1",
            "most_common_count": 4321,
            "most_common_percentage": 22.77,
            "least_common": "\n208",
            "least_common_count": 1,
            "top_10_values": {
              "\n1": 4321,
              "\n2": 3095,
              "\n3": 2083,
              "\n4": 1407,
              "\n5": 1064,
              "\n6": 787,
              "\n7": 598,
              "\n8": 468,
              "\n9": 401,
              "\n10": 334
            }
          }
        },
        "columns_analyzed": 22
      },
      "errors": [],
      "warnings": [],
      "quality_score": 1,
      "metadata": {},
      "timestamp": "2025-12-09T06:53:16.963413",
      "execution_time_ms": 67
    },
    "CorrelationAnalyzer": {
      "worker": "CorrelationAnalyzer",
      "task_type": "correlation_analysis",
      "success": true,
      "data": {
        "correlation_matrix": {
          "Age": {
            "Age": 1.0,
            "\u2193OVA": 0.4663,
            "POT": -0.2694,
            "ID": -0.7533,
            "BOV": 0.4019,
            "Growth": -0.8645,
            "Attacking": 0.1468,
            "Crossing": 0.1248,
            "Finishing": 0.0818,
            "Heading Accuracy": 0.1465,
            "Short Passing": 0.1429,
            "Volleys": 0.1383,
            "Skill": 0.1326,
            "Dribbling": 0.0247,
            "Curve": 0.1393,
            "FK Accuracy": 0.1816,
            "Long Passing": 0.1834,
            "Ball Control": 0.0919,
            "Movement": -0.022,
            "Acceleration": -0.142,
            "Sprint Speed": -0.1357,
            "Agility": -0.0119,
            "Reactions": 0.4548,
            "Balance": -0.0768,
            "Power": 0.2995,
            "Shot Power": 0.2664,
            "Jumping": 0.205,
            "Stamina": 0.1182,
            "Strength": 0.3485,
            "Long Shots": 0.1555,
            "Mentality": 0.2262,
            "Aggression": 0.2442,
            "Interceptions": 0.1806,
            "Positioning": 0.0956,
            "Vision": 0.1961,
            "Penalties": 0.1367,
            "Composure": 0.3576,
            "Defending": 0.1182,
            "Marking": 0.1621,
            "Standing Tackle": 0.1015,
            "Sliding Tackle": 0.086,
            "Goalkeeping": 0.1216,
            "GK Diving": 0.1171,
            "GK Handling": 0.118,
            "GK Kicking": 0.1191,
            "GK Positioning": 0.1295,
            "GK Reflexes": 0.1173,
            "Total Stats": 0.2499,
            "Base Stats": 0.3904,
            "PAC": -0.1296,
            "SHO": 0.2655,
            "PAS": 0.3501,
            "DRI": 0.2149,
            "DEF": 0.2238,
            "PHY": 0.4458
          },
          "\u2193OVA": {
            "Age": 0.4663,
            "\u2193OVA": 1.0,
            "POT": 0.6321,
            "ID": -0.4869,
            "BOV": 0.9871,
            "Growth": -0.548,
            "Attacking": 0.4463,
            "Crossing": 0.4066,
            "Finishing": 0.3237,
            "Heading Accuracy": 0.3251,
            "Short Passing": 0.5,
            "Volleys": 0.3726,
            "Skill": 0.4581,
            "Dribbling": 0.3764,
            "Curve": 0.4179,
            "FK Accuracy": 0.3828,
            "Long Passing": 0.4846,
            "Ball Control": 0.4474,
            "Movement": 0.3548,
            "Acceleration": 0.2035,
            "Sprint Speed": 0.2125,
            "Agility": 0.2767,
            "Reactions": 0.867,
            "Balance": 0.1269,
            "Power": 0.5728,
            "Shot Power": 0.558,
            "Jumping": 0.2831,
            "Stamina": 0.3798,
            "Strength": 0.3561,
            "Long Shots": 0.4057,
            "Mentality": 0.4998,
            "Aggression": 0.3979,
            "Interceptions": 0.3155,
            "Positioning": 0.3523,
            "Vision": 0.5074,
            "Penalties": 0.3279,
            "Composure": 0.703,
            "Defending": 0.272,
            "Marking": 0.317,
            "Standing Tackle": 0.2561,
            "Sliding Tackle": 0.2291,
            "Goalkeeping": 0.0063,
            "GK Diving": 0.0051,
            "GK Handling": 0.0047,
            "GK Kicking": 0.0017,
            "GK Positioning": 0.0135,
            "GK Reflexes": 0.006,
            "Total Stats": 0.6208,
            "Base Stats": 0.8459,
            "PAC": 0.2665,
            "SHO": 0.4793,
            "PAS": 0.6988,
            "DRI": 0.6548,
            "DEF": 0.363,
            "PHY": 0.5721
          },
          "POT": {
            "Age": -0.2694,
            "\u2193OVA": 0.6321,
            "POT": 1.0,
            "ID": 0.0238,
            "BOV": 0.6696,
            "Growth": 0.3017,
            "Attacking": 0.2845,
            "Crossing": 0.2556,
            "Finishing": 0.2168,
            "Heading Accuracy": 0.1794,
            "Short Passing": 0.3515,
            "Volleys": 0.23,
            "Skill": 0.3147,
            "Dribbling": 0.3078,
            "Curve": 0.2762,
            "FK Accuracy": 0.2133,
            "Long Passing": 0.3147,
            "Ball Control": 0.3319,
            "Movement": 0.3111,
            "Acceleration": 0.2415,
            "Sprint Speed": 0.2422,
            "Agility": 0.2357,
            "Reactions": 0.509,
            "Balance": 0.1554,
            "Power": 0.2863,
            "Shot Power": 0.335,
            "Jumping": 0.1111,
            "Stamina": 0.2072,
            "Strength": 0.0649,
            "Long Shots": 0.2418,
            "Mentality": 0.289,
            "Aggression": 0.1874,
            "Interceptions": 0.1589,
            "Positioning": 0.2284,
            "Vision": 0.3382,
            "Penalties": 0.1975,
            "Composure": 0.4237,
            "Defending": 0.1622,
            "Marking": 0.1735,
            "Standing Tackle": 0.1585,
            "Sliding Tackle": 0.1457,
            "Goalkeeping": -0.039,
            "GK Diving": -0.0381,
            "GK Handling": -0.0383,
            "GK Kicking": -0.043,
            "GK Positioning": -0.036,
            "GK Reflexes": -0.0375,
            "Total Stats": 0.382,
            "Base Stats": 0.5205,
            "PAC": 0.3059,
            "SHO": 0.2752,
            "PAS": 0.4287,
            "DRI": 0.4795,
            "DEF": 0.1881,
            "PHY": 0.2049
          },
          "ID": {
            "Age": -0.7533,
            "\u2193OVA": -0.4869,
            "POT": 0.0238,
            "ID": 1.0,
            "BOV": -0.4436,
            "Growth": 0.6247,
            "Attacking": -0.1809,
            "Crossing": -0.1569,
            "Finishing": -0.1179,
            "Heading Accuracy": -0.1406,
            "Short Passing": -0.1739,
            "Volleys": -0.189,
            "Skill": -0.1843,
            "Dribbling": -0.0791,
            "Curve": -0.1965,
            "FK Accuracy": -0.2225,
            "Long Passing": -0.2207,
            "Ball Control": -0.1361,
            "Movement": -0.0385,
            "Acceleration": 0.0934,
            "Sprint Speed": 0.0918,
            "Agility": -0.0597,
            "Reactions": -0.4726,
            "Balance": 0.0193,
            "Power": -0.3105,
            "Shot Power": -0.318,
            "Jumping": -0.2068,
            "Stamina": -0.1013,
            "Strength": -0.2979,
            "Long Shots": -0.1944,
            "Mentality": -0.2521,
            "Aggression": -0.2408,
            "Interceptions": -0.1707,
            "Positioning": -0.1273,
            "Vision": -0.2543,
            "Penalties": -0.1701,
            "Composure": -0.4128,
            "Defending": -0.1097,
            "Marking": -0.1568,
            "Standing Tackle": -0.093,
            "Sliding Tackle": -0.0751,
            "Goalkeeping": -0.1158,
            "GK Diving": -0.1116,
            "GK Handling": -0.1138,
            "GK Kicking": -0.1129,
            "GK Positioning": -0.1234,
            "GK Reflexes": -0.1104,
            "Total Stats": -0.2914,
            "Base Stats": -0.4347,
            "PAC": 0.0792,
            "SHO": -0.3082,
            "PAS": -0.3992,
            "DRI": -0.2911,
            "DEF": -0.216,
            "PHY": -0.3995
          },
          "BOV": {
            "Age": 0.4019,
            "\u2193OVA": 0.9871,
            "POT": 0.6696,
            "ID": -0.4436,
            "BOV": 1.0,
            "Growth": -0.4917,
            "Attacking": 0.4873,
            "Crossing": 0.4231,
            "Finishing": 0.3631,
            "Heading Accuracy": 0.3646,
            "Short Passing": 0.5462,
            "Volleys": 0.4078,
            "Skill": 0.4971,
            "Dribbling": 0.4187,
            "Curve": 0.4447,
            "FK Accuracy": 0.4082,
            "Long Passing": 0.5227,
            "Ball Control": 0.4936,
            "Movement": 0.3906,
            "Acceleration": 0.2412,
            "Sprint Speed": 0.2514,
            "Agility": 0.3067,
            "Reactions": 0.8686,
            "Balance": 0.1564,
            "Power": 0.6039,
            "Shot Power": 0.5787,
            "Jumping": 0.2895,
            "Stamina": 0.4133,
            "Strength": 0.3572,
            "Long Shots": 0.4412,
            "Mentality": 0.5356,
            "Aggression": 0.421,
            "Interceptions": 0.3325,
            "Positioning": 0.3867,
            "Vision": 0.5337,
            "Penalties": 0.3622,
            "Composure": 0.7259,
            "Defending": 0.2942,
            "Marking": 0.3386,
            "Standing Tackle": 0.2791,
            "Sliding Tackle": 0.2499,
            "Goalkeeping": -0.0478,
            "GK Diving": -0.0486,
            "GK Handling": -0.0488,
            "GK Kicking": -0.0519,
            "GK Positioning": -0.0395,
            "GK Reflexes": -0.0474,
            "Total Stats": 0.6534,
            "Base Stats": 0.8412,
            "PAC": 0.275,
            "SHO": 0.4709,
            "PAS": 0.6872,
            "DRI": 0.6487,
            "DEF": 0.3678,
            "PHY": 0.5651
          },
          "Growth": {
            "Age": -0.8645,
            "\u2193OVA": -0.548,
            "POT": 0.3017,
            "ID": 0.6247,
            "BOV": -0.4917,
            "Growth": 1.0,
            "Attacking": -0.242,
            "Crossing": -0.2244,
            "Finishing": -0.1643,
            "Heading Accuracy": -0.2064,
            "Short Passing": -0.2358,
            "Volleys": -0.2101,
            "Skill": -0.224,
            "Dribbling": -0.1309,
            "Curve": -0.2161,
            "FK Accuracy": -0.2408,
            "Long Passing": -0.2565,
            "Ball Control": -0.1922,
            "Movement": -0.1008,
            "Acceleration": 0.0103,
            "Sprint Speed": -0.0,
            "Agility": -0.086,
            "Reactions": -0.5172,
            "Balance": 0.0116,
            "Power": -0.3957,
            "Shot Power": -0.325,
            "Jumping": -0.2284,
            "Stamina": -0.2436,
            "Strength": -0.3681,
            "Long Shots": -0.2382,
            "Mentality": -0.303,
            "Aggression": -0.2872,
            "Interceptions": -0.2167,
            "Positioning": -0.1869,
            "Vision": -0.2592,
            "Penalties": -0.1902,
            "Composure": -0.4076,
            "Defending": -0.1596,
            "Marking": -0.2028,
            "Standing Tackle": -0.1441,
            "Sliding Tackle": -0.1247,
            "Goalkeeping": -0.0499,
            "GK Diving": -0.0474,
            "GK Handling": -0.0472,
            "GK Kicking": -0.0484,
            "GK Positioning": -0.0554,
            "GK Reflexes": -0.0479,
            "Total Stats": -0.3515,
            "Base Stats": -0.479,
            "PAC": 0.0023,
            "SHO": -0.2926,
            "PAS": -0.397,
            "DRI": -0.288,
            "DEF": -0.2436,
            "PHY": -0.4827
          },
          "Attacking": {
            "Age": 0.1468,
            "\u2193OVA": 0.4463,
            "POT": 0.2845,
            "ID": -0.1809,
            "BOV": 0.4873,
            "Growth": -0.242,
            "Attacking": 1.0,
            "Crossing": 0.8542,
            "Finishing": 0.885,
            "Heading Accuracy": 0.7327,
            "Short Passing": 0.8915,
            "Volleys": 0.8999,
            "Skill": 0.9355,
            "Dribbling": 0.9237,
            "Curve": 0.8588,
            "FK Accuracy": 0.7906,
            "Long Passing": 0.7518,
            "Ball Control": 0.9406,
            "Movement": 0.7488,
            "Acceleration": 0.6623,
            "Sprint Speed": 0.6592,
            "Agility": 0.6868,
            "Reactions": 0.4615,
            "Balance": 0.5775,
            "Power": 0.84,
            "Shot Power": 0.6899,
            "Jumping": 0.2269,
            "Stamina": 0.7256,
            "Strength": 0.1623,
            "Long Shots": 0.8938,
            "Mentality": 0.9,
            "Aggression": 0.565,
            "Interceptions": 0.3671,
            "Positioning": 0.9144,
            "Vision": 0.7134,
            "Penalties": 0.8501,
            "Composure": 0.7253,
            "Defending": 0.3757,
            "Marking": 0.4063,
            "Standing Tackle": 0.368,
            "Sliding Tackle": 0.3324,
            "Goalkeeping": -0.7858,
            "GK Diving": -0.7784,
            "GK Handling": -0.7776,
            "GK Kicking": -0.7731,
            "GK Positioning": -0.773,
            "GK Reflexes": -0.7782,
            "Total Stats": 0.915,
            "Base Stats": 0.4494,
            "PAC": 0.247,
            "SHO": 0.3109,
            "PAS": 0.3527,
            "DRI": 0.3743,
            "DEF": 0.159,
            "PHY": 0.1557
          },
          "Crossing": {
            "Age": 0.1248,
            "\u2193OVA": 0.4066,
            "POT": 0.2556,
            "ID": -0.1569,
            "BOV": 0.4231,
            "Growth": -0.2244,
            "Attacking": 0.8542,
            "Crossing": 1.0,
            "Finishing": 0.6712,
            "Heading Accuracy": 0.4818,
            "Short Passing": 0.8037,
            "Volleys": 0.6913,
            "Skill": 0.8885,
            "Dribbling": 0.8642,
            "Curve": 0.8386,
            "FK Accuracy": 0.7628,
            "Long Passing": 0.7463,
            "Ball Control": 0.8409,
            "Movement": 0.7665,
            "Acceleration": 0.6852,
            "Sprint Speed": 0.6604,
            "Agility": 0.7172,
            "Reactions": 0.3871,
            "Balance": 0.6386,
            "Power": 0.657,
            "Shot Power": 0.526,
            "Jumping": 0.1252,
            "Stamina": 0.6788,
            "Strength": -0.0202,
            "Long Shots": 0.7446,
            "Mentality": 0.8104,
            "Aggression": 0.4866,
            "Interceptions": 0.4343,
            "Positioning": 0.7979,
            "Vision": 0.6783,
            "Penalties": 0.6527,
            "Composure": 0.6154,
            "Defending": 0.4482,
            "Marking": 0.4593,
            "Standing Tackle": 0.439,
            "Sliding Tackle": 0.4211,
            "Goalkeeping": -0.6747,
            "GK Diving": -0.6677,
            "GK Handling": -0.6663,
            "GK Kicking": -0.6647,
            "GK Positioning": -0.6649,
            "GK Reflexes": -0.6685,
            "Total Stats": 0.8603,
            "Base Stats": 0.4959,
            "PAC": 0.3592,
            "SHO": 0.1847,
            "PAS": 0.4779,
            "DRI": 0.4355,
            "DEF": 0.2559,
            "PHY": 0.0494
          },
          "Finishing": {
            "Age": 0.0818,
            "\u2193OVA": 0.3237,
            "POT": 0.2168,
            "ID": -0.1179,
            "BOV": 0.3631,
            "Growth": -0.1643,
            "Attacking": 0.885,
            "Crossing": 0.6712,
            "Finishing": 1.0,
            "Heading Accuracy": 0.4865,
            "Short Passing": 0.6759,
            "Volleys": 0.8948,
            "Skill": 0.8033,
            "Dribbling": 0.8328,
            "Curve": 0.7753,
            "FK Accuracy": 0.7119,
            "Long Passing": 0.5278,
            "Ball Control": 0.7945,
            "Movement": 0.6871,
            "Acceleration": 0.6169,
            "Sprint Speed": 0.6034,
            "Agility": 0.6567,
            "Reactions": 0.3487,
            "Balance": 0.5426,
            "Power": 0.721,
            "Shot Power": 0.7239,
            "Jumping": 0.0935,
            "Stamina": 0.5283,
            "Strength": 0.0182,
            "Long Shots": 0.8941,
            "Mentality": 0.7006,
            "Aggression": 0.2785,
            "Interceptions": 0.0042,
            "Positioning": 0.8995,
            "Vision": 0.7021,
            "Penalties": 0.849,
            "Composure": 0.5837,
            "Defending": 0.0004,
            "Marking": 0.044,
            "Standing Tackle": -0.001,
            "Sliding Tackle": -0.0402,
            "Goalkeeping": -0.6029,
            "GK Diving": -0.5975,
            "GK Handling": -0.5975,
            "GK Kicking": -0.5925,
            "GK Positioning": -0.5931,
            "GK Reflexes": -0.5968,
            "Total Stats": 0.7342,
            "Base Stats": 0.3893,
            "PAC": 0.3299,
            "SHO": 0.575,
            "PAS": 0.3255,
            "DRI": 0.4668,
            "DEF": -0.2016,
            "PHY": -0.0213
          },
          "Heading Accuracy": {
            "Age": 0.1465,
            "\u2193OVA": 0.3251,
            "POT": 0.1794,
            "ID": -0.1406,
            "BOV": 0.3646,
            "Growth": -0.2064,
            "Attacking": 0.7327,
            "Crossing": 0.4818,
            "Finishing": 0.4865,
            "Heading Accuracy": 1.0,
            "Short Passing": 0.6685,
            "Volleys": 0.5205,
            "Skill": 0.5761,
            "Dribbling": 0.5744,
            "Curve": 0.455,
            "FK Accuracy": 0.4116,
            "Long Passing": 0.5222,
            "Ball Control": 0.6781,
            "Movement": 0.3779,
            "Acceleration": 0.3475,
            "Sprint Speed": 0.3983,
            "Agility": 0.2822,
            "Reactions": 0.3523,
            "Balance": 0.1989,
            "Power": 0.7112,
            "Shot Power": 0.3566,
            "Jumping": 0.427,
            "Stamina": 0.6433,
            "Strength": 0.4972,
            "Long Shots": 0.513,
            "Mentality": 0.7253,
            "Aggression": 0.7093,
            "Interceptions": 0.5531,
            "Positioning": 0.5498,
            "Vision": 0.2673,
            "Penalties": 0.5685,
            "Composure": 0.5466,
            "Defending": 0.5759,
            "Marking": 0.5899,
            "Standing Tackle": 0.5647,
            "Sliding Tackle": 0.5405,
            "Goalkeeping": -0.7501,
            "GK Diving": -0.743,
            "GK Handling": -0.7423,
            "GK Kicking": -0.7388,
            "GK Positioning": -0.7374,
            "GK Reflexes": -0.7426,
            "Total Stats": 0.6505,
            "Base Stats": 0.1393,
            "PAC": -0.1117,
            "SHO": -0.1407,
            "PAS": -0.0896,
            "DRI": -0.1242,
            "DEF": 0.418,
            "PHY": 0.4248
          },
          "Short Passing": {
            "Age": 0.1429,
            "\u2193OVA": 0.5,
            "POT": 0.3515,
            "ID": -0.1739,
            "BOV": 0.5462,
            "Growth": -0.2358,
            "Attacking": 0.8915,
            "Crossing": 0.8037,
            "Finishing": 0.6759,
            "Heading Accuracy": 0.6685,
            "Short Passing": 1.0,
            "Volleys": 0.7004,
            "Skill": 0.9077,
            "Dribbling": 0.8509,
            "Curve": 0.7748,
            "FK Accuracy": 0.7309,
            "Long Passing": 0.8905,
            "Ball Control": 0.9186,
            "Movement": 0.686,
            "Acceleration": 0.5786,
            "Sprint Speed": 0.5695,
            "Agility": 0.6233,
            "Reactions": 0.5051,
            "Balance": 0.5477,
            "Power": 0.7626,
            "Shot Power": 0.5708,
            "Jumping": 0.2191,
            "Stamina": 0.7368,
            "Strength": 0.1707,
            "Long Shots": 0.7629,
            "Mentality": 0.8964,
            "Aggression": 0.641,
            "Interceptions": 0.563,
            "Positioning": 0.7707,
            "Vision": 0.6971,
            "Penalties": 0.6855,
            "Composure": 0.7339,
            "Defending": 0.5728,
            "Marking": 0.5898,
            "Standing Tackle": 0.5642,
            "Sliding Tackle": 0.532,
            "Goalkeeping": -0.7427,
            "GK Diving": -0.7358,
            "GK Handling": -0.7345,
            "GK Kicking": -0.7304,
            "GK Positioning": -0.7304,
            "GK Reflexes": -0.7363,
            "Total Stats": 0.9069,
            "Base Stats": 0.4869,
            "PAC": 0.1588,
            "SHO": 0.1297,
            "PAS": 0.4385,
            "DRI": 0.3429,
            "DEF": 0.3921,
            "PHY": 0.2173
          },
          "Volleys": {
            "Age": 0.1383,
            "\u2193OVA": 0.3726,
            "POT": 0.23,
            "ID": -0.189,
            "BOV": 0.4078,
            "Growth": -0.2101,
            "Attacking": 0.8999,
            "Crossing": 0.6913,
            "Finishing": 0.8948,
            "Heading Accuracy": 0.5205,
            "Short Passing": 0.7004,
            "Volleys": 1.0,
            "Skill": 0.8238,
            "Dribbling": 0.8148,
            "Curve": 0.8112,
            "FK Accuracy": 0.7511,
            "Long Passing": 0.5687,
            "Ball Control": 0.7947,
            "Movement": 0.6685,
            "Acceleration": 0.5837,
            "Sprint Speed": 0.5689,
            "Agility": 0.6373,
            "Reactions": 0.3979,
            "Balance": 0.5281,
            "Power": 0.7379,
            "Shot Power": 0.7426,
            "Jumping": 0.1244,
            "Stamina": 0.5351,
            "Strength": 0.056,
            "Long Shots": 0.8766,
            "Mentality": 0.7317,
            "Aggression": 0.3477,
            "Interceptions": 0.0896,
            "Positioning": 0.8598,
            "Vision": 0.6928,
            "Penalties": 0.846,
            "Composure": 0.6346,
            "Defending": 0.0853,
            "Marking": 0.1266,
            "Standing Tackle": 0.0817,
            "Sliding Tackle": 0.0442,
            "Goalkeeping": -0.6005,
            "GK Diving": -0.5954,
            "GK Handling": -0.595,
            "GK Kicking": -0.5903,
            "GK Positioning": -0.5901,
            "GK Reflexes": -0.5945,
            "Total Stats": 0.7711,
            "Base Stats": 0.4137,
            "PAC": 0.284,
            "SHO": 0.5127,
            "PAS": 0.3601,
            "DRI": 0.4505,
            "DEF": -0.1023,
            "PHY": 0.0335
          },
          "Skill": {
            "Age": 0.1326,
            "\u2193OVA": 0.4581,
            "POT": 0.3147,
            "ID": -0.1843,
            "BOV": 0.4971,
            "Growth": -0.224,
            "Attacking": 0.9355,
            "Crossing": 0.8885,
            "Finishing": 0.8033,
            "Heading Accuracy": 0.5761,
            "Short Passing": 0.9077,
            "Volleys": 0.8238,
            "Skill": 1.0,
            "Dribbling": 0.9413,
            "Curve": 0.9353,
            "FK Accuracy": 0.8942,
            "Long Passing": 0.8506,
            "Ball Control": 0.9445,
            "Movement": 0.7755,
            "Acceleration": 0.6696,
            "Sprint Speed": 0.6437,
            "Agility": 0.7355,
            "Reactions": 0.4613,
            "Balance": 0.6414,
            "Power": 0.7785,
            "Shot Power": 0.6758,
            "Jumping": 0.1495,
            "Stamina": 0.7085,
            "Strength": 0.0457,
            "Long Shots": 0.8787,
            "Mentality": 0.898,
            "Aggression": 0.5403,
            "Interceptions": 0.416,
            "Positioning": 0.8754,
            "Vision": 0.7834,
            "Penalties": 0.7912,
            "Composure": 0.7307,
            "Defending": 0.4231,
            "Marking": 0.4453,
            "Standing Tackle": 0.4162,
            "Sliding Tackle": 0.3844,
            "Goalkeeping": -0.7333,
            "GK Diving": -0.7264,
            "GK Handling": -0.7253,
            "GK Kicking": -0.7209,
            "GK Positioning": -0.722,
            "GK Reflexes": -0.7265,
            "Total Stats": 0.9368,
            "Base Stats": 0.5221,
            "PAC": 0.284,
            "SHO": 0.2957,
            "PAS": 0.491,
            "DRI": 0.4782,
            "DEF": 0.2183,
            "PHY": 0.091
          },
          "Dribbling": {
            "Age": 0.0247,
            "\u2193OVA": 0.3764,
            "POT": 0.3078,
            "ID": -0.0791,
            "BOV": 0.4187,
            "Growth": -0.1309,
            "Attacking": 0.9237,
            "Crossing": 0.8642,
            "Finishing": 0.8328,
            "Heading Accuracy": 0.5744,
            "Short Passing": 0.8509,
            "Volleys": 0.8148,
            "Skill": 0.9413,
            "Dribbling": 1.0,
            "Curve": 0.8531,
            "FK Accuracy": 0.7605,
            "Long Passing": 0.7287,
            "Ball Control": 0.9401,
            "Movement": 0.8259,
            "Acceleration": 0.7538,
            "Sprint Speed": 0.7316,
            "Agility": 0.774,
            "Reactions": 0.3814,
            "Balance": 0.6728,
            "Power": 0.7341,
            "Shot Power": 0.6117,
            "Jumping": 0.1407,
            "Stamina": 0.6985,
            "Strength": -0.0011,
            "Long Shots": 0.8502,
            "Mentality": 0.8454,
            "Aggression": 0.4796,
            "Interceptions": 0.3209,
            "Positioning": 0.9078,
            "Vision": 0.7229,
            "Penalties": 0.7792,
            "Composure": 0.6581,
            "Defending": 0.3392,
            "Marking": 0.3612,
            "Standing Tackle": 0.3326,
            "Sliding Tackle": 0.3052,
            "Goalkeeping": -0.77,
            "GK Diving": -0.7628,
            "GK Handling": -0.7617,
            "GK Kicking": -0.7577,
            "GK Positioning": -0.758,
            "GK Reflexes": -0.7625,
            "Total Stats": 0.8753,
            "Base Stats": 0.4388,
            "PAC": 0.3758,
            "SHO": 0.2605,
            "PAS": 0.3549,
            "DRI": 0.4864,
            "DEF": 0.1049,
            "PHY": 0.0143
          },
          "Curve": {
            "Age": 0.1393,
            "\u2193OVA": 0.4179,
            "POT": 0.2762,
            "ID": -0.1965,
            "BOV": 0.4447,
            "Growth": -0.2161,
            "Attacking": 0.8588,
            "Crossing": 0.8386,
            "Finishing": 0.7753,
            "Heading Accuracy": 0.455,
            "Short Passing": 0.7748,
            "Volleys": 0.8112,
            "Skill": 0.9353,
            "Dribbling": 0.8531,
            "Curve": 1.0,
            "FK Accuracy": 0.8602,
            "Long Passing": 0.7101,
            "Ball Control": 0.83,
            "Movement": 0.7258,
            "Acceleration": 0.6255,
            "Sprint Speed": 0.5942,
            "Agility": 0.7008,
            "Reactions": 0.4173,
            "Balance": 0.6068,
            "Power": 0.7064,
            "Shot Power": 0.6802,
            "Jumping": 0.1049,
            "Stamina": 0.6033,
            "Strength": -0.0172,
            "Long Shots": 0.8405,
            "Mentality": 0.7932,
            "Aggression": 0.422,
            "Interceptions": 0.283,
            "Positioning": 0.8268,
            "Vision": 0.7471,
            "Penalties": 0.7567,
            "Composure": 0.6637,
            "Defending": 0.285,
            "Marking": 0.3114,
            "Standing Tackle": 0.2787,
            "Sliding Tackle": 0.2495,
            "Goalkeeping": -0.6159,
            "GK Diving": -0.6102,
            "GK Handling": -0.6089,
            "GK Kicking": -0.6056,
            "GK Positioning": -0.6068,
            "GK Reflexes": -0.61,
            "Total Stats": 0.8533,
            "Base Stats": 0.509,
            "PAC": 0.3195,
            "SHO": 0.3822,
            "PAS": 0.5066,
            "DRI": 0.4997,
            "DEF": 0.1028,
            "PHY": 0.0307
          },
          "FK Accuracy": {
            "Age": 0.1816,
            "\u2193OVA": 0.3828,
            "POT": 0.2133,
            "ID": -0.2225,
            "BOV": 0.4082,
            "Growth": -0.2408,
            "Attacking": 0.7906,
            "Crossing": 0.7628,
            "Finishing": 0.7119,
            "Heading Accuracy": 0.4116,
            "Short Passing": 0.7309,
            "Volleys": 0.7511,
            "Skill": 0.8942,
            "Dribbling": 0.7605,
            "Curve": 0.8602,
            "FK Accuracy": 1.0,
            "Long Passing": 0.7015,
            "Ball Control": 0.7561,
            "Movement": 0.6233,
            "Acceleration": 0.5161,
            "Sprint Speed": 0.4819,
            "Agility": 0.6126,
            "Reactions": 0.3929,
            "Balance": 0.5393,
            "Power": 0.6655,
            "Shot Power": 0.6542,
            "Jumping": 0.0734,
            "Stamina": 0.5464,
            "Strength": -0.0044,
            "Long Shots": 0.8086,
            "Mentality": 0.7555,
            "Aggression": 0.4056,
            "Interceptions": 0.296,
            "Positioning": 0.7427,
            "Vision": 0.7128,
            "Penalties": 0.7361,
            "Composure": 0.6208,
            "Defending": 0.2902,
            "Marking": 0.311,
            "Standing Tackle": 0.2875,
            "Sliding Tackle": 0.2562,
            "Goalkeeping": -0.5606,
            "GK Diving": -0.5557,
            "GK Handling": -0.5548,
            "GK Kicking": -0.5499,
            "GK Positioning": -0.5527,
            "GK Reflexes": -0.5551,
            "Total Stats": 0.8032,
            "Base Stats": 0.4734,
            "PAC": 0.2119,
            "SHO": 0.371,
            "PAS": 0.5068,
            "DRI": 0.4328,
            "DEF": 0.1287,
            "PHY": 0.0399
          },
          "Long Passing": {
            "Age": 0.1834,
            "\u2193OVA": 0.4846,
            "POT": 0.3147,
            "ID": -0.2207,
            "BOV": 0.5227,
            "Growth": -0.2565,
            "Attacking": 0.7518,
            "Crossing": 0.7463,
            "Finishing": 0.5278,
            "Heading Accuracy": 0.5222,
            "Short Passing": 0.8905,
            "Volleys": 0.5687,
            "Skill": 0.8506,
            "Dribbling": 0.7287,
            "Curve": 0.7101,
            "FK Accuracy": 0.7015,
            "Long Passing": 1.0,
            "Ball Control": 0.7872,
            "Movement": 0.574,
            "Acceleration": 0.4532,
            "Sprint Speed": 0.4356,
            "Agility": 0.5391,
            "Reactions": 0.48,
            "Balance": 0.4784,
            "Power": 0.6699,
            "Shot Power": 0.5266,
            "Jumping": 0.1699,
            "Stamina": 0.6542,
            "Strength": 0.1393,
            "Long Shots": 0.6677,
            "Mentality": 0.8242,
            "Aggression": 0.6057,
            "Interceptions": 0.6038,
            "Positioning": 0.6298,
            "Vision": 0.6964,
            "Penalties": 0.548,
            "Composure": 0.6872,
            "Defending": 0.6067,
            "Marking": 0.6122,
            "Standing Tackle": 0.5986,
            "Sliding Tackle": 0.5746,
            "Goalkeeping": -0.595,
            "GK Diving": -0.5891,
            "GK Handling": -0.5885,
            "GK Kicking": -0.5848,
            "GK Positioning": -0.5852,
            "GK Reflexes": -0.5907,
            "Total Stats": 0.8479,
            "Base Stats": 0.5384,
            "PAC": 0.1019,
            "SHO": 0.1241,
            "PAS": 0.5497,
            "DRI": 0.3528,
            "DEF": 0.4782,
            "PHY": 0.2329
          },
          "Ball Control": {
            "Age": 0.0919,
            "\u2193OVA": 0.4474,
            "POT": 0.3319,
            "ID": -0.1361,
            "BOV": 0.4936,
            "Growth": -0.1922,
            "Attacking": 0.9406,
            "Crossing": 0.8409,
            "Finishing": 0.7945,
            "Heading Accuracy": 0.6781,
            "Short Passing": 0.9186,
            "Volleys": 0.7947,
            "Skill": 0.9445,
            "Dribbling": 0.9401,
            "Curve": 0.83,
            "FK Accuracy": 0.7561,
            "Long Passing": 0.7872,
            "Ball Control": 1.0,
            "Movement": 0.7746,
            "Acceleration": 0.6862,
            "Sprint Speed": 0.6742,
            "Agility": 0.714,
            "Reactions": 0.4512,
            "Balance": 0.6172,
            "Power": 0.7823,
            "Shot Power": 0.6054,
            "Jumping": 0.2032,
            "Stamina": 0.742,
            "Strength": 0.1142,
            "Long Shots": 0.8327,
            "Mentality": 0.8931,
            "Aggression": 0.5813,
            "Interceptions": 0.4395,
            "Positioning": 0.8698,
            "Vision": 0.7004,
            "Penalties": 0.7749,
            "Composure": 0.7192,
            "Defending": 0.4539,
            "Marking": 0.4785,
            "Standing Tackle": 0.4455,
            "Sliding Tackle": 0.4126,
            "Goalkeeping": -0.8042,
            "GK Diving": -0.7964,
            "GK Handling": -0.7957,
            "GK Kicking": -0.7912,
            "GK Positioning": -0.7914,
            "GK Reflexes": -0.7968,
            "Total Stats": 0.9061,
            "Base Stats": 0.4367,
            "PAC": 0.2579,
            "SHO": 0.1894,
            "PAS": 0.3419,
            "DRI": 0.3967,
            "DEF": 0.2324,
            "PHY": 0.1272
          },
          "Movement": {
            "Age": -0.022,
            "\u2193OVA": 0.3548,
            "POT": 0.3111,
            "ID": -0.0385,
            "BOV": 0.3906,
            "Growth": -0.1008,
            "Attacking": 0.7488,
            "Crossing": 0.7665,
            "Finishing": 0.6871,
            "Heading Accuracy": 0.3779,
            "Short Passing": 0.686,
            "Volleys": 0.6685,
            "Skill": 0.7755,
            "Dribbling": 0.8259,
            "Curve": 0.7258,
            "FK Accuracy": 0.6233,
            "Long Passing": 0.574,
            "Ball Control": 0.7746,
            "Movement": 1.0,
            "Acceleration": 0.9363,
            "Sprint Speed": 0.9046,
            "Agility": 0.9241,
            "Reactions": 0.376,
            "Balance": 0.839,
            "Power": 0.6098,
            "Shot Power": 0.4725,
            "Jumping": 0.2337,
            "Stamina": 0.6626,
            "Strength": -0.1523,
            "Long Shots": 0.6895,
            "Mentality": 0.6795,
            "Aggression": 0.3495,
            "Interceptions": 0.2399,
            "Positioning": 0.7696,
            "Vision": 0.6054,
            "Penalties": 0.6188,
            "Composure": 0.5463,
            "Defending": 0.2497,
            "Marking": 0.2717,
            "Standing Tackle": 0.239,
            "Sliding Tackle": 0.2251,
            "Goalkeeping": -0.6129,
            "GK Diving": -0.6063,
            "GK Handling": -0.6069,
            "GK Kicking": -0.6049,
            "GK Positioning": -0.6028,
            "GK Reflexes": -0.606,
            "Total Stats": 0.7809,
            "Base Stats": 0.4771,
            "PAC": 0.7017,
            "SHO": 0.2195,
            "PAS": 0.3187,
            "DRI": 0.487,
            "DEF": 0.0817,
            "PHY": -0.0491
          },
          "Acceleration": {
            "Age": -0.142,
            "\u2193OVA": 0.2035,
            "POT": 0.2415,
            "ID": 0.0934,
            "BOV": 0.2412,
            "Growth": 0.0103,
            "Attacking": 0.6623,
            "Crossing": 0.6852,
            "Finishing": 0.6169,
            "Heading Accuracy": 0.3475,
            "Short Passing": 0.5786,
            "Volleys": 0.5837,
            "Skill": 0.6696,
            "Dribbling": 0.7538,
            "Curve": 0.6255,
            "FK Accuracy": 0.5161,
            "Long Passing": 0.4532,
            "Ball Control": 0.6862,
            "Movement": 0.9363,
            "Acceleration": 1.0,
            "Sprint Speed": 0.926,
            "Agility": 0.8266,
            "Reactions": 0.1918,
            "Balance": 0.7161,
            "Power": 0.5148,
            "Shot Power": 0.3586,
            "Jumping": 0.1879,
            "Stamina": 0.6095,
            "Strength": -0.154,
            "Long Shots": 0.591,
            "Mentality": 0.5709,
            "Aggression": 0.2802,
            "Interceptions": 0.1766,
            "Positioning": 0.6937,
            "Vision": 0.4671,
            "Penalties": 0.5455,
            "Composure": 0.4049,
            "Defending": 0.2004,
            "Marking": 0.2128,
            "Standing Tackle": 0.1923,
            "Sliding Tackle": 0.1851,
            "Goalkeeping": -0.6159,
            "GK Diving": -0.609,
            "GK Handling": -0.6094,
            "GK Kicking": -0.6073,
            "GK Positioning": -0.6074,
            "GK Reflexes": -0.6086,
            "Total Stats": 0.657,
            "Base Stats": 0.3408,
            "PAC": 0.7503,
            "SHO": 0.1103,
            "PAS": 0.154,
            "DRI": 0.3454,
            "DEF": 0.0225,
            "PHY": -0.1039
          },
          "Sprint Speed": {
            "Age": -0.1357,
            "\u2193OVA": 0.2125,
            "POT": 0.2422,
            "ID": 0.0918,
            "BOV": 0.2514,
            "Growth": -0.0,
            "Attacking": 0.6592,
            "Crossing": 0.6604,
            "Finishing": 0.6034,
            "Heading Accuracy": 0.3983,
            "Short Passing": 0.5695,
            "Volleys": 0.5689,
            "Skill": 0.6437,
            "Dribbling": 0.7316,
            "Curve": 0.5942,
            "FK Accuracy": 0.4819,
            "Long Passing": 0.4356,
            "Ball Control": 0.6742,
            "Movement": 0.9046,
            "Acceleration": 0.926,
            "Sprint Speed": 1.0,
            "Agility": 0.7727,
            "Reactions": 0.194,
            "Balance": 0.6458,
            "Power": 0.5355,
            "Shot Power": 0.3576,
            "Jumping": 0.2088,
            "Stamina": 0.6171,
            "Strength": -0.0676,
            "Long Shots": 0.5712,
            "Mentality": 0.567,
            "Aggression": 0.3074,
            "Interceptions": 0.1875,
            "Positioning": 0.6772,
            "Vision": 0.4331,
            "Penalties": 0.5356,
            "Composure": 0.4022,
            "Defending": 0.2159,
            "Marking": 0.2294,
            "Standing Tackle": 0.2071,
            "Sliding Tackle": 0.1993,
            "Goalkeeping": -0.6218,
            "GK Diving": -0.6148,
            "GK Handling": -0.6154,
            "GK Kicking": -0.6136,
            "GK Positioning": -0.6124,
            "GK Reflexes": -0.6146,
            "Total Stats": 0.6466,
            "Base Stats": 0.3358,
            "PAC": 0.7549,
            "SHO": 0.0876,
            "PAS": 0.1138,
            "DRI": 0.2972,
            "DEF": 0.0416,
            "PHY": -0.0382
          },
          "Agility": {
            "Age": -0.0119,
            "\u2193OVA": 0.2767,
            "POT": 0.2357,
            "ID": -0.0597,
            "BOV": 0.3067,
            "Growth": -0.086,
            "Attacking": 0.6868,
            "Crossing": 0.7172,
            "Finishing": 0.6567,
            "Heading Accuracy": 0.2822,
            "Short Passing": 0.6233,
            "Volleys": 0.6373,
            "Skill": 0.7355,
            "Dribbling": 0.774,
            "Curve": 0.7008,
            "FK Accuracy": 0.6126,
            "Long Passing": 0.5391,
            "Ball Control": 0.714,
            "Movement": 0.9241,
            "Acceleration": 0.8266,
            "Sprint Speed": 0.7727,
            "Agility": 1.0,
            "Reactions": 0.2792,
            "Balance": 0.7743,
            "Power": 0.5385,
            "Shot Power": 0.4479,
            "Jumping": 0.1766,
            "Stamina": 0.5764,
            "Strength": -0.2118,
            "Long Shots": 0.6632,
            "Mentality": 0.6108,
            "Aggression": 0.2724,
            "Interceptions": 0.168,
            "Positioning": 0.7216,
            "Vision": 0.6028,
            "Penalties": 0.5763,
            "Composure": 0.4921,
            "Defending": 0.1743,
            "Marking": 0.1975,
            "Standing Tackle": 0.1653,
            "Sliding Tackle": 0.1511,
            "Goalkeeping": -0.55,
            "GK Diving": -0.5438,
            "GK Handling": -0.5444,
            "GK Kicking": -0.5424,
            "GK Positioning": -0.5409,
            "GK Reflexes": -0.5446,
            "Total Stats": 0.7092,
            "Base Stats": 0.4214,
            "PAC": 0.6038,
            "SHO": 0.2484,
            "PAS": 0.3319,
            "DRI": 0.501,
            "DEF": 0.0067,
            "PHY": -0.118
          },
          "Reactions": {
            "Age": 0.4548,
            "\u2193OVA": 0.867,
            "POT": 0.509,
            "ID": -0.4726,
            "BOV": 0.8686,
            "Growth": -0.5172,
            "Attacking": 0.4615,
            "Crossing": 0.3871,
            "Finishing": 0.3487,
            "Heading Accuracy": 0.3523,
            "Short Passing": 0.5051,
            "Volleys": 0.3979,
            "Skill": 0.4613,
            "Dribbling": 0.3814,
            "Curve": 0.4173,
            "FK Accuracy": 0.3929,
            "Long Passing": 0.48,
            "Ball Control": 0.4512,
            "Movement": 0.376,
            "Acceleration": 0.1918,
            "Sprint Speed": 0.194,
            "Agility": 0.2792,
            "Reactions": 1.0,
            "Balance": 0.1542,
            "Power": 0.5722,
            "Shot Power": 0.5243,
            "Jumping": 0.2842,
            "Stamina": 0.3971,
            "Strength": 0.3279,
            "Long Shots": 0.4307,
            "Mentality": 0.5358,
            "Aggression": 0.4212,
            "Interceptions": 0.34,
            "Positioning": 0.3952,
            "Vision": 0.5193,
            "Penalties": 0.3548,
            "Composure": 0.687,
            "Defending": 0.2819,
            "Marking": 0.3278,
            "Standing Tackle": 0.2668,
            "Sliding Tackle": 0.2367,
            "Goalkeeping": -0.0601,
            "GK Diving": -0.0608,
            "GK Handling": -0.0612,
            "GK Kicking": -0.0638,
            "GK Positioning": -0.053,
            "GK Reflexes": -0.0582,
            "Total Stats": 0.6202,
            "Base Stats": 0.7517,
            "PAC": 0.179,
            "SHO": 0.4322,
            "PAS": 0.6175,
            "DRI": 0.5702,
            "DEF": 0.3575,
            "PHY": 0.5197
          },
          "Balance": {
            "Age": -0.0768,
            "\u2193OVA": 0.1269,
            "POT": 0.1554,
            "ID": 0.0193,
            "BOV": 0.1564,
            "Growth": 0.0116,
            "Attacking": 0.5775,
            "Crossing": 0.6386,
            "Finishing": 0.5426,
            "Heading Accuracy": 0.1989,
            "Short Passing": 0.5477,
            "Volleys": 0.5281,
            "Skill": 0.6414,
            "Dribbling": 0.6728,
            "Curve": 0.6068,
            "FK Accuracy": 0.5393,
            "Long Passing": 0.4784,
            "Ball Control": 0.6172,
            "Movement": 0.839,
            "Acceleration": 0.7161,
            "Sprint Speed": 0.6458,
            "Agility": 0.7743,
            "Reactions": 0.1542,
            "Balance": 1.0,
            "Power": 0.3925,
            "Shot Power": 0.3223,
            "Jumping": 0.1459,
            "Stamina": 0.4909,
            "Strength": -0.3635,
            "Long Shots": 0.5532,
            "Mentality": 0.5259,
            "Aggression": 0.2176,
            "Interceptions": 0.1773,
            "Positioning": 0.6148,
            "Vision": 0.4998,
            "Penalties": 0.4967,
            "Composure": 0.3693,
            "Defending": 0.1927,
            "Marking": 0.1991,
            "Standing Tackle": 0.1868,
            "Sliding Tackle": 0.1815,
            "Goalkeeping": -0.5264,
            "GK Diving": -0.5205,
            "GK Handling": -0.5214,
            "GK Kicking": -0.5179,
            "GK Positioning": -0.5189,
            "GK Reflexes": -0.5209,
            "Total Stats": 0.5979,
            "Base Stats": 0.263,
            "PAC": 0.4657,
            "SHO": 0.1276,
            "PAS": 0.2419,
            "DRI": 0.3722,
            "DEF": 0.0201,
            "PHY": -0.2583
          },
          "Power": {
            "Age": 0.2995,
            "\u2193OVA": 0.5728,
            "POT": 0.2863,
            "ID": -0.3105,
            "BOV": 0.6039,
            "Growth": -0.3957,
            "Attacking": 0.84,
            "Crossing": 0.657,
            "Finishing": 0.721,
            "Heading Accuracy": 0.7112,
            "Short Passing": 0.7626,
            "Volleys": 0.7379,
            "Skill": 0.7785,
            "Dribbling": 0.7341,
            "Curve": 0.7064,
            "FK Accuracy": 0.6655,
            "Long Passing": 0.6699,
            "Ball Control": 0.7823,
            "Movement": 0.6098,
            "Acceleration": 0.5148,
            "Sprint Speed": 0.5355,
            "Agility": 0.5385,
            "Reactions": 0.5722,
            "Balance": 0.3925,
            "Power": 1.0,
            "Shot Power": 0.7586,
            "Jumping": 0.5133,
            "Stamina": 0.7958,
            "Strength": 0.4856,
            "Long Shots": 0.8246,
            "Mentality": 0.8409,
            "Aggression": 0.6531,
            "Interceptions": 0.43,
            "Positioning": 0.7514,
            "Vision": 0.6218,
            "Penalties": 0.7091,
            "Composure": 0.7284,
            "Defending": 0.4097,
            "Marking": 0.4472,
            "Standing Tackle": 0.3985,
            "Sliding Tackle": 0.3615,
            "Goalkeeping": -0.5957,
            "GK Diving": -0.5911,
            "GK Handling": -0.5906,
            "GK Kicking": -0.5862,
            "GK Positioning": -0.5837,
            "GK Reflexes": -0.5902,
            "Total Stats": 0.8797,
            "Base Stats": 0.5935,
            "PAC": 0.2001,
            "SHO": 0.3557,
            "PAS": 0.363,
            "DRI": 0.3477,
            "DEF": 0.2938,
            "PHY": 0.5411
          },
          "Shot Power": {
            "Age": 0.2664,
            "\u2193OVA": 0.558,
            "POT": 0.335,
            "ID": -0.318,
            "BOV": 0.5787,
            "Growth": -0.325,
            "Attacking": 0.6899,
            "Crossing": 0.526,
            "Finishing": 0.7239,
            "Heading Accuracy": 0.3566,
            "Short Passing": 0.5708,
            "Volleys": 0.7426,
            "Skill": 0.6758,
            "Dribbling": 0.6117,
            "Curve": 0.6802,
            "FK Accuracy": 0.6542,
            "Long Passing": 0.5266,
            "Ball Control": 0.6054,
            "Movement": 0.4725,
            "Acceleration": 0.3586,
            "Sprint Speed": 0.3576,
            "Agility": 0.4479,
            "Reactions": 0.5243,
            "Balance": 0.3223,
            "Power": 0.7586,
            "Shot Power": 1.0,
            "Jumping": 0.1244,
            "Stamina": 0.3923,
            "Strength": 0.1715,
            "Long Shots": 0.796,
            "Mentality": 0.6025,
            "Aggression": 0.3076,
            "Interceptions": 0.0471,
            "Positioning": 0.6593,
            "Vision": 0.6779,
            "Penalties": 0.6753,
            "Composure": 0.6291,
            "Defending": 0.023,
            "Marking": 0.0682,
            "Standing Tackle": 0.0168,
            "Sliding Tackle": -0.0156,
            "Goalkeeping": -0.2708,
            "GK Diving": -0.2703,
            "GK Handling": -0.2707,
            "GK Kicking": -0.2612,
            "GK Positioning": -0.2654,
            "GK Reflexes": -0.2695,
            "Total Stats": 0.6918,
            "Base Stats": 0.6388,
            "PAC": 0.2559,
            "SHO": 0.7211,
            "PAS": 0.5836,
            "DRI": 0.592,
            "DEF": -0.0418,
            "PHY": 0.2355
          },
          "Jumping": {
            "Age": 0.205,
            "\u2193OVA": 0.2831,
            "POT": 0.1111,
            "ID": -0.2068,
            "BOV": 0.2895,
            "Growth": -0.2284,
            "Attacking": 0.2269,
            "Crossing": 0.1252,
            "Finishing": 0.0935,
            "Heading Accuracy": 0.427,
            "Short Passing": 0.2191,
            "Volleys": 0.1244,
            "Skill": 0.1495,
            "Dribbling": 0.1407,
            "Curve": 0.1049,
            "FK Accuracy": 0.0734,
            "Long Passing": 0.1699,
            "Ball Control": 0.2032,
            "Movement": 0.2337,
            "Acceleration": 0.1879,
            "Sprint Speed": 0.2088,
            "Agility": 0.1766,
            "Reactions": 0.2842,
            "Balance": 0.1459,
            "Power": 0.5133,
            "Shot Power": 0.1244,
            "Jumping": 1.0,
            "Stamina": 0.3575,
            "Strength": 0.352,
            "Long Shots": 0.1292,
            "Mentality": 0.2919,
            "Aggression": 0.4011,
            "Interceptions": 0.3122,
            "Positioning": 0.1366,
            "Vision": 0.0498,
            "Penalties": 0.1393,
            "Composure": 0.2728,
            "Defending": 0.2946,
            "Marking": 0.3073,
            "Standing Tackle": 0.2801,
            "Sliding Tackle": 0.2802,
            "Goalkeeping": -0.1925,
            "GK Diving": -0.1912,
            "GK Handling": -0.1907,
            "GK Kicking": -0.192,
            "GK Positioning": -0.1863,
            "GK Reflexes": -0.1905,
            "Total Stats": 0.3272,
            "Base Stats": 0.2267,
            "PAC": 0.0727,
            "SHO": -0.0626,
            "PAS": -0.0159,
            "DRI": -0.0114,
            "DEF": 0.3147,
            "PHY": 0.4612
          },
          "Stamina": {
            "Age": 0.1182,
            "\u2193OVA": 0.3798,
            "POT": 0.2072,
            "ID": -0.1013,
            "BOV": 0.4133,
            "Growth": -0.2436,
            "Attacking": 0.7256,
            "Crossing": 0.6788,
            "Finishing": 0.5283,
            "Heading Accuracy": 0.6433,
            "Short Passing": 0.7368,
            "Volleys": 0.5351,
            "Skill": 0.7085,
            "Dribbling": 0.6985,
            "Curve": 0.6033,
            "FK Accuracy": 0.5464,
            "Long Passing": 0.6542,
            "Ball Control": 0.742,
            "Movement": 0.6626,
            "Acceleration": 0.6095,
            "Sprint Speed": 0.6171,
            "Agility": 0.5764,
            "Reactions": 0.3971,
            "Balance": 0.4909,
            "Power": 0.7958,
            "Shot Power": 0.3923,
            "Jumping": 0.3575,
            "Stamina": 1.0,
            "Strength": 0.2764,
            "Long Shots": 0.6043,
            "Mentality": 0.7955,
            "Aggression": 0.6643,
            "Interceptions": 0.5965,
            "Positioning": 0.6572,
            "Vision": 0.4805,
            "Penalties": 0.5301,
            "Composure": 0.572,
            "Defending": 0.6,
            "Marking": 0.6126,
            "Standing Tackle": 0.589,
            "Sliding Tackle": 0.5643,
            "Goalkeeping": -0.7022,
            "GK Diving": -0.6954,
            "GK Handling": -0.694,
            "GK Kicking": -0.6917,
            "GK Positioning": -0.6909,
            "GK Reflexes": -0.6955,
            "Total Stats": 0.7993,
            "Base Stats": 0.4132,
            "PAC": 0.2399,
            "SHO": -0.0302,
            "PAS": 0.1787,
            "DRI": 0.1541,
            "DEF": 0.4427,
            "PHY": 0.4259
          },
          "Strength": {
            "Age": 0.3485,
            "\u2193OVA": 0.3561,
            "POT": 0.0649,
            "ID": -0.2979,
            "BOV": 0.3572,
            "Growth": -0.3681,
            "Attacking": 0.1623,
            "Crossing": -0.0202,
            "Finishing": 0.0182,
            "Heading Accuracy": 0.4972,
            "Short Passing": 0.1707,
            "Volleys": 0.056,
            "Skill": 0.0457,
            "Dribbling": -0.0011,
            "Curve": -0.0172,
            "FK Accuracy": -0.0044,
            "Long Passing": 0.1393,
            "Ball Control": 0.1142,
            "Movement": -0.1523,
            "Acceleration": -0.154,
            "Sprint Speed": -0.0676,
            "Agility": -0.2118,
            "Reactions": 0.3279,
            "Balance": -0.3635,
            "Power": 0.4856,
            "Shot Power": 0.1715,
            "Jumping": 0.352,
            "Stamina": 0.2764,
            "Strength": 1.0,
            "Long Shots": 0.0687,
            "Mentality": 0.2628,
            "Aggression": 0.4748,
            "Interceptions": 0.3455,
            "Positioning": 0.031,
            "Vision": -0.0219,
            "Penalties": 0.0884,
            "Composure": 0.2909,
            "Defending": 0.32,
            "Marking": 0.3397,
            "Standing Tackle": 0.3134,
            "Sliding Tackle": 0.2892,
            "Goalkeeping": -0.107,
            "GK Diving": -0.1068,
            "GK Handling": -0.1068,
            "GK Kicking": -0.1085,
            "GK Positioning": -0.1007,
            "GK Reflexes": -0.1058,
            "Total Stats": 0.2197,
            "Base Stats": 0.2222,
            "PAC": -0.2592,
            "SHO": -0.0472,
            "PAS": -0.0357,
            "DRI": -0.1527,
            "DEF": 0.38,
            "PHY": 0.8443
          },
          "Long Shots": {
            "Age": 0.1555,
            "\u2193OVA": 0.4057,
            "POT": 0.2418,
            "ID": -0.1944,
            "BOV": 0.4412,
            "Growth": -0.2382,
            "Attacking": 0.8938,
            "Crossing": 0.7446,
            "Finishing": 0.8941,
            "Heading Accuracy": 0.513,
            "Short Passing": 0.7629,
            "Volleys": 0.8766,
            "Skill": 0.8787,
            "Dribbling": 0.8502,
            "Curve": 0.8405,
            "FK Accuracy": 0.8086,
            "Long Passing": 0.6677,
            "Ball Control": 0.8327,
            "Movement": 0.6895,
            "Acceleration": 0.591,
            "Sprint Speed": 0.5712,
            "Agility": 0.6632,
            "Reactions": 0.4307,
            "Balance": 0.5532,
            "Power": 0.8246,
            "Shot Power": 0.796,
            "Jumping": 0.1292,
            "Stamina": 0.6043,
            "Strength": 0.0687,
            "Long Shots": 1.0,
            "Mentality": 0.7942,
            "Aggression": 0.4072,
            "Interceptions": 0.1942,
            "Positioning": 0.8784,
            "Vision": 0.7571,
            "Penalties": 0.8215,
            "Composure": 0.6568,
            "Defending": 0.182,
            "Marking": 0.2184,
            "Standing Tackle": 0.1787,
            "Sliding Tackle": 0.1397,
            "Goalkeeping": -0.6168,
            "GK Diving": -0.6116,
            "GK Handling": -0.6113,
            "GK Kicking": -0.6063,
            "GK Positioning": -0.606,
            "GK Reflexes": -0.6105,
            "Total Stats": 0.8378,
            "Base Stats": 0.4984,
            "PAC": 0.2762,
            "SHO": 0.5314,
            "PAS": 0.4383,
            "DRI": 0.4853,
            "DEF": -0.0004,
            "PHY": 0.0819
          },
          "Mentality": {
            "Age": 0.2262,
            "\u2193OVA": 0.4998,
            "POT": 0.289,
            "ID": -0.2521,
            "BOV": 0.5356,
            "Growth": -0.303,
            "Attacking": 0.9,
            "Crossing": 0.8104,
            "Finishing": 0.7006,
            "Heading Accuracy": 0.7253,
            "Short Passing": 0.8964,
            "Volleys": 0.7317,
            "Skill": 0.898,
            "Dribbling": 0.8454,
            "Curve": 0.7932,
            "FK Accuracy": 0.7555,
            "Long Passing": 0.8242,
            "Ball Control": 0.8931,
            "Movement": 0.6795,
            "Acceleration": 0.5709,
            "Sprint Speed": 0.567,
            "Agility": 0.6108,
            "Reactions": 0.5358,
            "Balance": 0.5259,
            "Power": 0.8409,
            "Shot Power": 0.6025,
            "Jumping": 0.2919,
            "Stamina": 0.7955,
            "Strength": 0.2628,
            "Long Shots": 0.7942,
            "Mentality": 1.0,
            "Aggression": 0.784,
            "Interceptions": 0.6449,
            "Positioning": 0.8282,
            "Vision": 0.7256,
            "Penalties": 0.7518,
            "Composure": 0.7591,
            "Defending": 0.6252,
            "Marking": 0.6411,
            "Standing Tackle": 0.6172,
            "Sliding Tackle": 0.582,
            "Goalkeeping": -0.7544,
            "GK Diving": -0.7479,
            "GK Handling": -0.7462,
            "GK Kicking": -0.7426,
            "GK Positioning": -0.741,
            "GK Reflexes": -0.7475,
            "Total Stats": 0.9528,
            "Base Stats": 0.5248,
            "PAC": 0.1402,
            "SHO": 0.1556,
            "PAS": 0.3808,
            "DRI": 0.3055,
            "DEF": 0.4578,
            "PHY": 0.3481
          },
          "Aggression": {
            "Age": 0.2442,
            "\u2193OVA": 0.3979,
            "POT": 0.1874,
            "ID": -0.2408,
            "BOV": 0.421,
            "Growth": -0.2872,
            "Attacking": 0.565,
            "Crossing": 0.4866,
            "Finishing": 0.2785,
            "Heading Accuracy": 0.7093,
            "Short Passing": 0.641,
            "Volleys": 0.3477,
            "Skill": 0.5403,
            "Dribbling": 0.4796,
            "Curve": 0.422,
            "FK Accuracy": 0.4056,
            "Long Passing": 0.6057,
            "Ball Control": 0.5813,
            "Movement": 0.3495,
            "Acceleration": 0.2802,
            "Sprint Speed": 0.3074,
            "Agility": 0.2724,
            "Reactions": 0.4212,
            "Balance": 0.2176,
            "Power": 0.6531,
            "Shot Power": 0.3076,
            "Jumping": 0.4011,
            "Stamina": 0.6643,
            "Strength": 0.4748,
            "Long Shots": 0.4072,
            "Mentality": 0.784,
            "Aggression": 1.0,
            "Interceptions": 0.7509,
            "Positioning": 0.4184,
            "Vision": 0.307,
            "Penalties": 0.3594,
            "Composure": 0.5599,
            "Defending": 0.7524,
            "Marking": 0.7474,
            "Standing Tackle": 0.7429,
            "Sliding Tackle": 0.7234,
            "Goalkeeping": -0.5891,
            "GK Diving": -0.5831,
            "GK Handling": -0.5823,
            "GK Kicking": -0.5817,
            "GK Positioning": -0.5786,
            "GK Reflexes": -0.5836,
            "Total Stats": 0.6817,
            "Base Stats": 0.3404,
            "PAC": -0.0941,
            "SHO": -0.1824,
            "PAS": 0.1041,
            "DRI": -0.0334,
            "DEF": 0.6604,
            "PHY": 0.6067
          },
          "Interceptions": {
            "Age": 0.1806,
            "\u2193OVA": 0.3155,
            "POT": 0.1589,
            "ID": -0.1707,
            "BOV": 0.3325,
            "Growth": -0.2167,
            "Attacking": 0.3671,
            "Crossing": 0.4343,
            "Finishing": 0.0042,
            "Heading Accuracy": 0.5531,
            "Short Passing": 0.563,
            "Volleys": 0.0896,
            "Skill": 0.416,
            "Dribbling": 0.3209,
            "Curve": 0.283,
            "FK Accuracy": 0.296,
            "Long Passing": 0.6038,
            "Ball Control": 0.4395,
            "Movement": 0.2399,
            "Acceleration": 0.1766,
            "Sprint Speed": 0.1875,
            "Agility": 0.168,
            "Reactions": 0.34,
            "Balance": 0.1773,
            "Power": 0.43,
            "Shot Power": 0.0471,
            "Jumping": 0.3122,
            "Stamina": 0.5965,
            "Strength": 0.3455,
            "Long Shots": 0.1942,
            "Mentality": 0.6449,
            "Aggression": 0.7509,
            "Interceptions": 1.0,
            "Positioning": 0.1965,
            "Vision": 0.1811,
            "Penalties": 0.1144,
            "Composure": 0.4138,
            "Defending": 0.9546,
            "Marking": 0.9242,
            "Standing Tackle": 0.9475,
            "Sliding Tackle": 0.9359,
            "Goalkeeping": -0.4972,
            "GK Diving": -0.4921,
            "GK Handling": -0.4909,
            "GK Kicking": -0.4912,
            "GK Positioning": -0.4884,
            "GK Reflexes": -0.4926,
            "Total Stats": 0.5677,
            "Base Stats": 0.2804,
            "PAC": -0.1762,
            "SHO": -0.4203,
            "PAS": 0.0979,
            "DRI": -0.1444,
            "DEF": 0.9204,
            "PHY": 0.4619
          },
          "Positioning": {
            "Age": 0.0956,
            "\u2193OVA": 0.3523,
            "POT": 0.2284,
            "ID": -0.1273,
            "BOV": 0.3867,
            "Growth": -0.1869,
            "Attacking": 0.9144,
            "Crossing": 0.7979,
            "Finishing": 0.8995,
            "Heading Accuracy": 0.5498,
            "Short Passing": 0.7707,
            "Volleys": 0.8598,
            "Skill": 0.8754,
            "Dribbling": 0.9078,
            "Curve": 0.8268,
            "FK Accuracy": 0.7427,
            "Long Passing": 0.6298,
            "Ball Control": 0.8698,
            "Movement": 0.7696,
            "Acceleration": 0.6937,
            "Sprint Speed": 0.6772,
            "Agility": 0.7216,
            "Reactions": 0.3952,
            "Balance": 0.6148,
            "Power": 0.7514,
            "Shot Power": 0.6593,
            "Jumping": 0.1366,
            "Stamina": 0.6572,
            "Strength": 0.031,
            "Long Shots": 0.8784,
            "Mentality": 0.8282,
            "Aggression": 0.4184,
            "Interceptions": 0.1965,
            "Positioning": 1.0,
            "Vision": 0.7378,
            "Penalties": 0.8124,
            "Composure": 0.6331,
            "Defending": 0.1948,
            "Marking": 0.2286,
            "Standing Tackle": 0.1904,
            "Sliding Tackle": 0.1556,
            "Goalkeeping": -0.6979,
            "GK Diving": -0.6922,
            "GK Handling": -0.6912,
            "GK Kicking": -0.6865,
            "GK Positioning": -0.686,
            "GK Reflexes": -0.6908,
            "Total Stats": 0.8309,
            "Base Stats": 0.4269,
            "PAC": 0.3536,
            "SHO": 0.4018,
            "PAS": 0.3501,
            "DRI": 0.4569,
            "DEF": -0.0208,
            "PHY": 0.0361
          },
          "Vision": {
            "Age": 0.1961,
            "\u2193OVA": 0.5074,
            "POT": 0.3382,
            "ID": -0.2543,
            "BOV": 0.5337,
            "Growth": -0.2592,
            "Attacking": 0.7134,
            "Crossing": 0.6783,
            "Finishing": 0.7021,
            "Heading Accuracy": 0.2673,
            "Short Passing": 0.6971,
            "Volleys": 0.6928,
            "Skill": 0.7834,
            "Dribbling": 0.7229,
            "Curve": 0.7471,
            "FK Accuracy": 0.7128,
            "Long Passing": 0.6964,
            "Ball Control": 0.7004,
            "Movement": 0.6054,
            "Acceleration": 0.4671,
            "Sprint Speed": 0.4331,
            "Agility": 0.6028,
            "Reactions": 0.5193,
            "Balance": 0.4998,
            "Power": 0.6218,
            "Shot Power": 0.6779,
            "Jumping": 0.0498,
            "Stamina": 0.4805,
            "Strength": -0.0219,
            "Long Shots": 0.7571,
            "Mentality": 0.7256,
            "Aggression": 0.307,
            "Interceptions": 0.1811,
            "Positioning": 0.7378,
            "Vision": 1.0,
            "Penalties": 0.6272,
            "Composure": 0.6677,
            "Defending": 0.1541,
            "Marking": 0.1891,
            "Standing Tackle": 0.1498,
            "Sliding Tackle": 0.116,
            "Goalkeeping": -0.3588,
            "GK Diving": -0.3575,
            "GK Handling": -0.355,
            "GK Kicking": -0.3509,
            "GK Positioning": -0.3508,
            "GK Reflexes": -0.3573,
            "Total Stats": 0.7631,
            "Base Stats": 0.6435,
            "PAC": 0.3079,
            "SHO": 0.5471,
            "PAS": 0.7076,
            "DRI": 0.6526,
            "DEF": 0.0561,
            "PHY": 0.0876
          },
          "Penalties": {
            "Age": 0.1367,
            "\u2193OVA": 0.3279,
            "POT": 0.1975,
            "ID": -0.1701,
            "BOV": 0.3622,
            "Growth": -0.1902,
            "Attacking": 0.8501,
            "Crossing": 0.6527,
            "Finishing": 0.849,
            "Heading Accuracy": 0.5685,
            "Short Passing": 0.6855,
            "Volleys": 0.846,
            "Skill": 0.7912,
            "Dribbling": 0.7792,
            "Curve": 0.7567,
            "FK Accuracy": 0.7361,
            "Long Passing": 0.548,
            "Ball Control": 0.7749,
            "Movement": 0.6188,
            "Acceleration": 0.5455,
            "Sprint Speed": 0.5356,
            "Agility": 0.5763,
            "Reactions": 0.3548,
            "Balance": 0.4967,
            "Power": 0.7091,
            "Shot Power": 0.6753,
            "Jumping": 0.1393,
            "Stamina": 0.5301,
            "Strength": 0.0884,
            "Long Shots": 0.8215,
            "Mentality": 0.7518,
            "Aggression": 0.3594,
            "Interceptions": 0.1144,
            "Positioning": 0.8124,
            "Vision": 0.6272,
            "Penalties": 1.0,
            "Composure": 0.6016,
            "Defending": 0.1173,
            "Marking": 0.1559,
            "Standing Tackle": 0.1132,
            "Sliding Tackle": 0.0774,
            "Goalkeeping": -0.63,
            "GK Diving": -0.6249,
            "GK Handling": -0.6239,
            "GK Kicking": -0.6183,
            "GK Positioning": -0.6199,
            "GK Reflexes": -0.624,
            "Total Stats": 0.735,
            "Base Stats": 0.3286,
            "PAC": 0.206,
            "SHO": 0.4195,
            "PAS": 0.2738,
            "DRI": 0.3497,
            "DEF": -0.0742,
            "PHY": 0.04
          },
          "Composure": {
            "Age": 0.3576,
            "\u2193OVA": 0.703,
            "POT": 0.4237,
            "ID": -0.4128,
            "BOV": 0.7259,
            "Growth": -0.4076,
            "Attacking": 0.7253,
            "Crossing": 0.6154,
            "Finishing": 0.5837,
            "Heading Accuracy": 0.5466,
            "Short Passing": 0.7339,
            "Volleys": 0.6346,
            "Skill": 0.7307,
            "Dribbling": 0.6581,
            "Curve": 0.6637,
            "FK Accuracy": 0.6208,
            "Long Passing": 0.6872,
            "Ball Control": 0.7192,
            "Movement": 0.5463,
            "Acceleration": 0.4049,
            "Sprint Speed": 0.4022,
            "Agility": 0.4921,
            "Reactions": 0.687,
            "Balance": 0.3693,
            "Power": 0.7284,
            "Shot Power": 0.6291,
            "Jumping": 0.2728,
            "Stamina": 0.572,
            "Strength": 0.2909,
            "Long Shots": 0.6568,
            "Mentality": 0.7591,
            "Aggression": 0.5599,
            "Interceptions": 0.4138,
            "Positioning": 0.6331,
            "Vision": 0.6677,
            "Penalties": 0.6016,
            "Composure": 1.0,
            "Defending": 0.3919,
            "Marking": 0.4331,
            "Standing Tackle": 0.3779,
            "Sliding Tackle": 0.3437,
            "Goalkeeping": -0.4287,
            "GK Diving": -0.4267,
            "GK Handling": -0.4242,
            "GK Kicking": -0.4225,
            "GK Positioning": -0.4175,
            "GK Reflexes": -0.4259,
            "Total Stats": 0.7987,
            "Base Stats": 0.6304,
            "PAC": 0.1666,
            "SHO": 0.3446,
            "PAS": 0.5227,
            "DRI": 0.4755,
            "DEF": 0.3298,
            "PHY": 0.3894
          },
          "Defending": {
            "Age": 0.1182,
            "\u2193OVA": 0.272,
            "POT": 0.1622,
            "ID": -0.1097,
            "BOV": 0.2942,
            "Growth": -0.1596,
            "Attacking": 0.3757,
            "Crossing": 0.4482,
            "Finishing": 0.0004,
            "Heading Accuracy": 0.5759,
            "Short Passing": 0.5728,
            "Volleys": 0.0853,
            "Skill": 0.4231,
            "Dribbling": 0.3392,
            "Curve": 0.285,
            "FK Accuracy": 0.2902,
            "Long Passing": 0.6067,
            "Ball Control": 0.4539,
            "Movement": 0.2497,
            "Acceleration": 0.2004,
            "Sprint Speed": 0.2159,
            "Agility": 0.1743,
            "Reactions": 0.2819,
            "Balance": 0.1927,
            "Power": 0.4097,
            "Shot Power": 0.023,
            "Jumping": 0.2946,
            "Stamina": 0.6,
            "Strength": 0.32,
            "Long Shots": 0.182,
            "Mentality": 0.6252,
            "Aggression": 0.7524,
            "Interceptions": 0.9546,
            "Positioning": 0.1948,
            "Vision": 0.1541,
            "Penalties": 0.1173,
            "Composure": 0.3919,
            "Defending": 1.0,
            "Marking": 0.9679,
            "Standing Tackle": 0.9881,
            "Sliding Tackle": 0.9853,
            "Goalkeeping": -0.5478,
            "GK Diving": -0.5416,
            "GK Handling": -0.5413,
            "GK Kicking": -0.5412,
            "GK Positioning": -0.5385,
            "GK Reflexes": -0.5426,
            "Total Stats": 0.5601,
            "Base Stats": 0.2292,
            "PAC": -0.1736,
            "SHO": -0.4788,
            "PAS": 0.0459,
            "DRI": -0.1885,
            "DEF": 0.9246,
            "PHY": 0.4192
          },
          "Marking": {
            "Age": 0.1621,
            "\u2193OVA": 0.317,
            "POT": 0.1735,
            "ID": -0.1568,
            "BOV": 0.3386,
            "Growth": -0.2028,
            "Attacking": 0.4063,
            "Crossing": 0.4593,
            "Finishing": 0.044,
            "Heading Accuracy": 0.5899,
            "Short Passing": 0.5898,
            "Volleys": 0.1266,
            "Skill": 0.4453,
            "Dribbling": 0.3612,
            "Curve": 0.3114,
            "FK Accuracy": 0.311,
            "Long Passing": 0.6122,
            "Ball Control": 0.4785,
            "Movement": 0.2717,
            "Acceleration": 0.2128,
            "Sprint Speed": 0.2294,
            "Agility": 0.1975,
            "Reactions": 0.3278,
            "Balance": 0.1991,
            "Power": 0.4472,
            "Shot Power": 0.0682,
            "Jumping": 0.3073,
            "Stamina": 0.6126,
            "Strength": 0.3397,
            "Long Shots": 0.2184,
            "Mentality": 0.6411,
            "Aggression": 0.7474,
            "Interceptions": 0.9242,
            "Positioning": 0.2286,
            "Vision": 0.1891,
            "Penalties": 0.1559,
            "Composure": 0.4331,
            "Defending": 0.9679,
            "Marking": 1.0,
            "Standing Tackle": 0.9289,
            "Sliding Tackle": 0.9208,
            "Goalkeeping": -0.5456,
            "GK Diving": -0.5395,
            "GK Handling": -0.5397,
            "GK Kicking": -0.5387,
            "GK Positioning": -0.5358,
            "GK Reflexes": -0.5406,
            "Total Stats": 0.5838,
            "Base Stats": 0.2629,
            "PAC": -0.1566,
            "SHO": -0.4245,
            "PAS": 0.0739,
            "DRI": -0.1486,
            "DEF": 0.899,
            "PHY": 0.4382
          },
          "Standing Tackle": {
            "Age": 0.1015,
            "\u2193OVA": 0.2561,
            "POT": 0.1585,
            "ID": -0.093,
            "BOV": 0.2791,
            "Growth": -0.1441,
            "Attacking": 0.368,
            "Crossing": 0.439,
            "Finishing": -0.001,
            "Heading Accuracy": 0.5647,
            "Short Passing": 0.5642,
            "Volleys": 0.0817,
            "Skill": 0.4162,
            "Dribbling": 0.3326,
            "Curve": 0.2787,
            "FK Accuracy": 0.2875,
            "Long Passing": 0.5986,
            "Ball Control": 0.4455,
            "Movement": 0.239,
            "Acceleration": 0.1923,
            "Sprint Speed": 0.2071,
            "Agility": 0.1653,
            "Reactions": 0.2668,
            "Balance": 0.1868,
            "Power": 0.3985,
            "Shot Power": 0.0168,
            "Jumping": 0.2801,
            "Stamina": 0.589,
            "Strength": 0.3134,
            "Long Shots": 0.1787,
            "Mentality": 0.6172,
            "Aggression": 0.7429,
            "Interceptions": 0.9475,
            "Positioning": 0.1904,
            "Vision": 0.1498,
            "Penalties": 0.1132,
            "Composure": 0.3779,
            "Defending": 0.9881,
            "Marking": 0.9289,
            "Standing Tackle": 1.0,
            "Sliding Tackle": 0.9758,
            "Goalkeeping": -0.543,
            "GK Diving": -0.5369,
            "GK Handling": -0.5363,
            "GK Kicking": -0.5366,
            "GK Positioning": -0.5341,
            "GK Reflexes": -0.5378,
            "Total Stats": 0.5485,
            "Base Stats": 0.2186,
            "PAC": -0.1798,
            "SHO": -0.4769,
            "PAS": 0.0408,
            "DRI": -0.1936,
            "DEF": 0.913,
            "PHY": 0.4087
          },
          "Sliding Tackle": {
            "Age": 0.086,
            "\u2193OVA": 0.2291,
            "POT": 0.1457,
            "ID": -0.0751,
            "BOV": 0.2499,
            "Growth": -0.1247,
            "Attacking": 0.3324,
            "Crossing": 0.4211,
            "Finishing": -0.0402,
            "Heading Accuracy": 0.5405,
            "Short Passing": 0.532,
            "Volleys": 0.0442,
            "Skill": 0.3844,
            "Dribbling": 0.3052,
            "Curve": 0.2495,
            "FK Accuracy": 0.2562,
            "Long Passing": 0.5746,
            "Ball Control": 0.4126,
            "Movement": 0.2251,
            "Acceleration": 0.1851,
            "Sprint Speed": 0.1993,
            "Agility": 0.1511,
            "Reactions": 0.2367,
            "Balance": 0.1815,
            "Power": 0.3615,
            "Shot Power": -0.0156,
            "Jumping": 0.2802,
            "Stamina": 0.5643,
            "Strength": 0.2892,
            "Long Shots": 0.1397,
            "Mentality": 0.582,
            "Aggression": 0.7234,
            "Interceptions": 0.9359,
            "Positioning": 0.1556,
            "Vision": 0.116,
            "Penalties": 0.0774,
            "Composure": 0.3437,
            "Defending": 0.9853,
            "Marking": 0.9208,
            "Standing Tackle": 0.9758,
            "Sliding Tackle": 1.0,
            "Goalkeeping": -0.5231,
            "GK Diving": -0.5172,
            "GK Handling": -0.5166,
            "GK Kicking": -0.5169,
            "GK Positioning": -0.5144,
            "GK Reflexes": -0.5181,
            "Total Stats": 0.5168,
            "Base Stats": 0.1944,
            "PAC": -0.1737,
            "SHO": -0.5053,
            "PAS": 0.0215,
            "DRI": -0.2108,
            "DEF": 0.9077,
            "PHY": 0.3874
          },
          "Goalkeeping": {
            "Age": 0.1216,
            "\u2193OVA": 0.0063,
            "POT": -0.039,
            "ID": -0.1158,
            "BOV": -0.0478,
            "Growth": -0.0499,
            "Attacking": -0.7858,
            "Crossing": -0.6747,
            "Finishing": -0.6029,
            "Heading Accuracy": -0.7501,
            "Short Passing": -0.7427,
            "Volleys": -0.6005,
            "Skill": -0.7333,
            "Dribbling": -0.77,
            "Curve": -0.6159,
            "FK Accuracy": -0.5606,
            "Long Passing": -0.595,
            "Ball Control": -0.8042,
            "Movement": -0.6129,
            "Acceleration": -0.6159,
            "Sprint Speed": -0.6218,
            "Agility": -0.55,
            "Reactions": -0.0601,
            "Balance": -0.5264,
            "Power": -0.5957,
            "Shot Power": -0.2708,
            "Jumping": -0.1925,
            "Stamina": -0.7022,
            "Strength": -0.107,
            "Long Shots": -0.6168,
            "Mentality": -0.7544,
            "Aggression": -0.5891,
            "Interceptions": -0.4972,
            "Positioning": -0.6979,
            "Vision": -0.3588,
            "Penalties": -0.63,
            "Composure": -0.4287,
            "Defending": -0.5478,
            "Marking": -0.5456,
            "Standing Tackle": -0.543,
            "Sliding Tackle": -0.5231,
            "Goalkeeping": 1.0,
            "GK Diving": 0.9888,
            "GK Handling": 0.9878,
            "GK Kicking": 0.9854,
            "GK Positioning": 0.9876,
            "GK Reflexes": 0.989,
            "Total Stats": -0.66,
            "Base Stats": 0.0641,
            "PAC": -0.0416,
            "SHO": 0.2655,
            "PAS": 0.1772,
            "DRI": 0.1545,
            "DEF": -0.2448,
            "PHY": 0.0095
          },
          "GK Diving": {
            "Age": 0.1171,
            "\u2193OVA": 0.0051,
            "POT": -0.0381,
            "ID": -0.1116,
            "BOV": -0.0486,
            "Growth": -0.0474,
            "Attacking": -0.7784,
            "Crossing": -0.6677,
            "Finishing": -0.5975,
            "Heading Accuracy": -0.743,
            "Short Passing": -0.7358,
            "Volleys": -0.5954,
            "Skill": -0.7264,
            "Dribbling": -0.7628,
            "Curve": -0.6102,
            "FK Accuracy": -0.5557,
            "Long Passing": -0.5891,
            "Ball Control": -0.7964,
            "Movement": -0.6063,
            "Acceleration": -0.609,
            "Sprint Speed": -0.6148,
            "Agility": -0.5438,
            "Reactions": -0.0608,
            "Balance": -0.5205,
            "Power": -0.5911,
            "Shot Power": -0.2703,
            "Jumping": -0.1912,
            "Stamina": -0.6954,
            "Strength": -0.1068,
            "Long Shots": -0.6116,
            "Mentality": -0.7479,
            "Aggression": -0.5831,
            "Interceptions": -0.4921,
            "Positioning": -0.6922,
            "Vision": -0.3575,
            "Penalties": -0.6249,
            "Composure": -0.4267,
            "Defending": -0.5416,
            "Marking": -0.5395,
            "Standing Tackle": -0.5369,
            "Sliding Tackle": -0.5172,
            "Goalkeeping": 0.9888,
            "GK Diving": 1.0,
            "GK Handling": 0.9708,
            "GK Kicking": 0.967,
            "GK Positioning": 0.9705,
            "GK Reflexes": 0.9737,
            "Total Stats": -0.6543,
            "Base Stats": 0.0619,
            "PAC": -0.0381,
            "SHO": 0.2602,
            "PAS": 0.1717,
            "DRI": 0.1522,
            "DEF": -0.2416,
            "PHY": 0.0066
          },
          "GK Handling": {
            "Age": 0.118,
            "\u2193OVA": 0.0047,
            "POT": -0.0383,
            "ID": -0.1138,
            "BOV": -0.0488,
            "Growth": -0.0472,
            "Attacking": -0.7776,
            "Crossing": -0.6663,
            "Finishing": -0.5975,
            "Heading Accuracy": -0.7423,
            "Short Passing": -0.7345,
            "Volleys": -0.595,
            "Skill": -0.7253,
            "Dribbling": -0.7617,
            "Curve": -0.6089,
            "FK Accuracy": -0.5548,
            "Long Passing": -0.5885,
            "Ball Control": -0.7957,
            "Movement": -0.6069,
            "Acceleration": -0.6094,
            "Sprint Speed": -0.6154,
            "Agility": -0.5444,
            "Reactions": -0.0612,
            "Balance": -0.5214,
            "Power": -0.5906,
            "Shot Power": -0.2707,
            "Jumping": -0.1907,
            "Stamina": -0.694,
            "Strength": -0.1068,
            "Long Shots": -0.6113,
            "Mentality": -0.7462,
            "Aggression": -0.5823,
            "Interceptions": -0.4909,
            "Positioning": -0.6912,
            "Vision": -0.355,
            "Penalties": -0.6239,
            "Composure": -0.4242,
            "Defending": -0.5413,
            "Marking": -0.5397,
            "Standing Tackle": -0.5363,
            "Sliding Tackle": -0.5166,
            "Goalkeeping": 0.9878,
            "GK Diving": 0.9708,
            "GK Handling": 1.0,
            "GK Kicking": 0.9669,
            "GK Positioning": 0.97,
            "GK Reflexes": 0.9709,
            "Total Stats": -0.6537,
            "Base Stats": 0.0617,
            "PAC": -0.0418,
            "SHO": 0.2634,
            "PAS": 0.1733,
            "DRI": 0.1498,
            "DEF": -0.2429,
            "PHY": 0.0082
          },
          "GK Kicking": {
            "Age": 0.1191,
            "\u2193OVA": 0.0017,
            "POT": -0.043,
            "ID": -0.1129,
            "BOV": -0.0519,
            "Growth": -0.0484,
            "Attacking": -0.7731,
            "Crossing": -0.6647,
            "Finishing": -0.5925,
            "Heading Accuracy": -0.7388,
            "Short Passing": -0.7304,
            "Volleys": -0.5903,
            "Skill": -0.7209,
            "Dribbling": -0.7577,
            "Curve": -0.6056,
            "FK Accuracy": -0.5499,
            "Long Passing": -0.5848,
            "Ball Control": -0.7912,
            "Movement": -0.6049,
            "Acceleration": -0.6073,
            "Sprint Speed": -0.6136,
            "Agility": -0.5424,
            "Reactions": -0.0638,
            "Balance": -0.5179,
            "Power": -0.5862,
            "Shot Power": -0.2612,
            "Jumping": -0.192,
            "Stamina": -0.6917,
            "Strength": -0.1085,
            "Long Shots": -0.6063,
            "Mentality": -0.7426,
            "Aggression": -0.5817,
            "Interceptions": -0.4912,
            "Positioning": -0.6865,
            "Vision": -0.3509,
            "Penalties": -0.6183,
            "Composure": -0.4225,
            "Defending": -0.5412,
            "Marking": -0.5387,
            "Standing Tackle": -0.5366,
            "Sliding Tackle": -0.5169,
            "Goalkeeping": 0.9854,
            "GK Diving": 0.967,
            "GK Handling": 0.9669,
            "GK Kicking": 1.0,
            "GK Positioning": 0.9662,
            "GK Reflexes": 0.9674,
            "Total Stats": -0.6498,
            "Base Stats": 0.0613,
            "PAC": -0.045,
            "SHO": 0.2616,
            "PAS": 0.1834,
            "DRI": 0.1488,
            "DEF": -0.2432,
            "PHY": 0.0036
          },
          "GK Positioning": {
            "Age": 0.1295,
            "\u2193OVA": 0.0135,
            "POT": -0.036,
            "ID": -0.1234,
            "BOV": -0.0395,
            "Growth": -0.0554,
            "Attacking": -0.773,
            "Crossing": -0.6649,
            "Finishing": -0.5931,
            "Heading Accuracy": -0.7374,
            "Short Passing": -0.7304,
            "Volleys": -0.5901,
            "Skill": -0.722,
            "Dribbling": -0.758,
            "Curve": -0.6068,
            "FK Accuracy": -0.5527,
            "Long Passing": -0.5852,
            "Ball Control": -0.7914,
            "Movement": -0.6028,
            "Acceleration": -0.6074,
            "Sprint Speed": -0.6124,
            "Agility": -0.5409,
            "Reactions": -0.053,
            "Balance": -0.5189,
            "Power": -0.5837,
            "Shot Power": -0.2654,
            "Jumping": -0.1863,
            "Stamina": -0.6909,
            "Strength": -0.1007,
            "Long Shots": -0.606,
            "Mentality": -0.741,
            "Aggression": -0.5786,
            "Interceptions": -0.4884,
            "Positioning": -0.686,
            "Vision": -0.3508,
            "Penalties": -0.6199,
            "Composure": -0.4175,
            "Defending": -0.5385,
            "Marking": -0.5358,
            "Standing Tackle": -0.5341,
            "Sliding Tackle": -0.5144,
            "Goalkeeping": 0.9876,
            "GK Diving": 0.9705,
            "GK Handling": 0.97,
            "GK Kicking": 0.9662,
            "GK Positioning": 1.0,
            "GK Reflexes": 0.9707,
            "Total Stats": -0.6474,
            "Base Stats": 0.069,
            "PAC": -0.0408,
            "SHO": 0.2648,
            "PAS": 0.1761,
            "DRI": 0.1551,
            "DEF": -0.2391,
            "PHY": 0.0209
          },
          "GK Reflexes": {
            "Age": 0.1173,
            "\u2193OVA": 0.006,
            "POT": -0.0375,
            "ID": -0.1104,
            "BOV": -0.0474,
            "Growth": -0.0479,
            "Attacking": -0.7782,
            "Crossing": -0.6685,
            "Finishing": -0.5968,
            "Heading Accuracy": -0.7426,
            "Short Passing": -0.7363,
            "Volleys": -0.5945,
            "Skill": -0.7265,
            "Dribbling": -0.7625,
            "Curve": -0.61,
            "FK Accuracy": -0.5551,
            "Long Passing": -0.5907,
            "Ball Control": -0.7968,
            "Movement": -0.606,
            "Acceleration": -0.6086,
            "Sprint Speed": -0.6146,
            "Agility": -0.5446,
            "Reactions": -0.0582,
            "Balance": -0.5209,
            "Power": -0.5902,
            "Shot Power": -0.2695,
            "Jumping": -0.1905,
            "Stamina": -0.6955,
            "Strength": -0.1058,
            "Long Shots": -0.6105,
            "Mentality": -0.7475,
            "Aggression": -0.5836,
            "Interceptions": -0.4926,
            "Positioning": -0.6908,
            "Vision": -0.3573,
            "Penalties": -0.624,
            "Composure": -0.4259,
            "Defending": -0.5426,
            "Marking": -0.5406,
            "Standing Tackle": -0.5378,
            "Sliding Tackle": -0.5181,
            "Goalkeeping": 0.989,
            "GK Diving": 0.9737,
            "GK Handling": 0.9709,
            "GK Kicking": 0.9674,
            "GK Positioning": 0.9707,
            "GK Reflexes": 1.0,
            "Total Stats": -0.6541,
            "Base Stats": 0.0628,
            "PAC": -0.0401,
            "SHO": 0.2615,
            "PAS": 0.1711,
            "DRI": 0.1567,
            "DEF": -0.2421,
            "PHY": 0.0074
          },
          "Total Stats": {
            "Age": 0.2499,
            "\u2193OVA": 0.6208,
            "POT": 0.382,
            "ID": -0.2914,
            "BOV": 0.6534,
            "Growth": -0.3515,
            "Attacking": 0.915,
            "Crossing": 0.8603,
            "Finishing": 0.7342,
            "Heading Accuracy": 0.6505,
            "Short Passing": 0.9069,
            "Volleys": 0.7711,
            "Skill": 0.9368,
            "Dribbling": 0.8753,
            "Curve": 0.8533,
            "FK Accuracy": 0.8032,
            "Long Passing": 0.8479,
            "Ball Control": 0.9061,
            "Movement": 0.7809,
            "Acceleration": 0.657,
            "Sprint Speed": 0.6466,
            "Agility": 0.7092,
            "Reactions": 0.6202,
            "Balance": 0.5979,
            "Power": 0.8797,
            "Shot Power": 0.6918,
            "Jumping": 0.3272,
            "Stamina": 0.7993,
            "Strength": 0.2197,
            "Long Shots": 0.8378,
            "Mentality": 0.9528,
            "Aggression": 0.6817,
            "Interceptions": 0.5677,
            "Positioning": 0.8309,
            "Vision": 0.7631,
            "Penalties": 0.735,
            "Composure": 0.7987,
            "Defending": 0.5601,
            "Marking": 0.5838,
            "Standing Tackle": 0.5485,
            "Sliding Tackle": 0.5168,
            "Goalkeeping": -0.66,
            "GK Diving": -0.6543,
            "GK Handling": -0.6537,
            "GK Kicking": -0.6498,
            "GK Positioning": -0.6474,
            "GK Reflexes": -0.6541,
            "Total Stats": 1.0,
            "Base Stats": 0.6839,
            "PAC": 0.3148,
            "SHO": 0.296,
            "PAS": 0.5316,
            "DRI": 0.4874,
            "DEF": 0.422,
            "PHY": 0.3423
          },
          "Base Stats": {
            "Age": 0.3904,
            "\u2193OVA": 0.8459,
            "POT": 0.5205,
            "ID": -0.4347,
            "BOV": 0.8412,
            "Growth": -0.479,
            "Attacking": 0.4494,
            "Crossing": 0.4959,
            "Finishing": 0.3893,
            "Heading Accuracy": 0.1393,
            "Short Passing": 0.4869,
            "Volleys": 0.4137,
            "Skill": 0.5221,
            "Dribbling": 0.4388,
            "Curve": 0.509,
            "FK Accuracy": 0.4734,
            "Long Passing": 0.5384,
            "Ball Control": 0.4367,
            "Movement": 0.4771,
            "Acceleration": 0.3408,
            "Sprint Speed": 0.3358,
            "Agility": 0.4214,
            "Reactions": 0.7517,
            "Balance": 0.263,
            "Power": 0.5935,
            "Shot Power": 0.6388,
            "Jumping": 0.2267,
            "Stamina": 0.4132,
            "Strength": 0.2222,
            "Long Shots": 0.4984,
            "Mentality": 0.5248,
            "Aggression": 0.3404,
            "Interceptions": 0.2804,
            "Positioning": 0.4269,
            "Vision": 0.6435,
            "Penalties": 0.3286,
            "Composure": 0.6304,
            "Defending": 0.2292,
            "Marking": 0.2629,
            "Standing Tackle": 0.2186,
            "Sliding Tackle": 0.1944,
            "Goalkeeping": 0.0641,
            "GK Diving": 0.0619,
            "GK Handling": 0.0617,
            "GK Kicking": 0.0613,
            "GK Positioning": 0.069,
            "GK Reflexes": 0.0628,
            "Total Stats": 0.6839,
            "Base Stats": 1.0,
            "PAC": 0.4743,
            "SHO": 0.6274,
            "PAS": 0.8585,
            "DRI": 0.8128,
            "DEF": 0.3328,
            "PHY": 0.5025
          },
          "PAC": {
            "Age": -0.1296,
            "\u2193OVA": 0.2665,
            "POT": 0.3059,
            "ID": 0.0792,
            "BOV": 0.275,
            "Growth": 0.0023,
            "Attacking": 0.247,
            "Crossing": 0.3592,
            "Finishing": 0.3299,
            "Heading Accuracy": -0.1117,
            "Short Passing": 0.1588,
            "Volleys": 0.284,
            "Skill": 0.284,
            "Dribbling": 0.3758,
            "Curve": 0.3195,
            "FK Accuracy": 0.2119,
            "Long Passing": 0.1019,
            "Ball Control": 0.2579,
            "Movement": 0.7017,
            "Acceleration": 0.7503,
            "Sprint Speed": 0.7549,
            "Agility": 0.6038,
            "Reactions": 0.179,
            "Balance": 0.4657,
            "Power": 0.2001,
            "Shot Power": 0.2559,
            "Jumping": 0.0727,
            "Stamina": 0.2399,
            "Strength": -0.2592,
            "Long Shots": 0.2762,
            "Mentality": 0.1402,
            "Aggression": -0.0941,
            "Interceptions": -0.1762,
            "Positioning": 0.3536,
            "Vision": 0.3079,
            "Penalties": 0.206,
            "Composure": 0.1666,
            "Defending": -0.1736,
            "Marking": -0.1566,
            "Standing Tackle": -0.1798,
            "Sliding Tackle": -0.1737,
            "Goalkeeping": -0.0416,
            "GK Diving": -0.0381,
            "GK Handling": -0.0418,
            "GK Kicking": -0.045,
            "GK Positioning": -0.0408,
            "GK Reflexes": -0.0401,
            "Total Stats": 0.3148,
            "Base Stats": 0.4743,
            "PAC": 1.0,
            "SHO": 0.3423,
            "PAS": 0.3074,
            "DRI": 0.552,
            "DEF": -0.2199,
            "PHY": -0.1083
          },
          "SHO": {
            "Age": 0.2655,
            "\u2193OVA": 0.4793,
            "POT": 0.2752,
            "ID": -0.3082,
            "BOV": 0.4709,
            "Growth": -0.2926,
            "Attacking": 0.3109,
            "Crossing": 0.1847,
            "Finishing": 0.575,
            "Heading Accuracy": -0.1407,
            "Short Passing": 0.1297,
            "Volleys": 0.5127,
            "Skill": 0.2957,
            "Dribbling": 0.2605,
            "Curve": 0.3822,
            "FK Accuracy": 0.371,
            "Long Passing": 0.1241,
            "Ball Control": 0.1894,
            "Movement": 0.2195,
            "Acceleration": 0.1103,
            "Sprint Speed": 0.0876,
            "Agility": 0.2484,
            "Reactions": 0.4322,
            "Balance": 0.1276,
            "Power": 0.3557,
            "Shot Power": 0.7211,
            "Jumping": -0.0626,
            "Stamina": -0.0302,
            "Strength": -0.0472,
            "Long Shots": 0.5314,
            "Mentality": 0.1556,
            "Aggression": -0.1824,
            "Interceptions": -0.4203,
            "Positioning": 0.4018,
            "Vision": 0.5471,
            "Penalties": 0.4195,
            "Composure": 0.3446,
            "Defending": -0.4788,
            "Marking": -0.4245,
            "Standing Tackle": -0.4769,
            "Sliding Tackle": -0.5053,
            "Goalkeeping": 0.2655,
            "GK Diving": 0.2602,
            "GK Handling": 0.2634,
            "GK Kicking": 0.2616,
            "GK Positioning": 0.2648,
            "GK Reflexes": 0.2615,
            "Total Stats": 0.296,
            "Base Stats": 0.6274,
            "PAC": 0.3423,
            "SHO": 1.0,
            "PAS": 0.6661,
            "DRI": 0.7698,
            "DEF": -0.4116,
            "PHY": 0.0523
          },
          "PAS": {
            "Age": 0.3501,
            "\u2193OVA": 0.6988,
            "POT": 0.4287,
            "ID": -0.3992,
            "BOV": 0.6872,
            "Growth": -0.397,
            "Attacking": 0.3527,
            "Crossing": 0.4779,
            "Finishing": 0.3255,
            "Heading Accuracy": -0.0896,
            "Short Passing": 0.4385,
            "Volleys": 0.3601,
            "Skill": 0.491,
            "Dribbling": 0.3549,
            "Curve": 0.5066,
            "FK Accuracy": 0.5068,
            "Long Passing": 0.5497,
            "Ball Control": 0.3419,
            "Movement": 0.3187,
            "Acceleration": 0.154,
            "Sprint Speed": 0.1138,
            "Agility": 0.3319,
            "Reactions": 0.6175,
            "Balance": 0.2419,
            "Power": 0.363,
            "Shot Power": 0.5836,
            "Jumping": -0.0159,
            "Stamina": 0.1787,
            "Strength": -0.0357,
            "Long Shots": 0.4383,
            "Mentality": 0.3808,
            "Aggression": 0.1041,
            "Interceptions": 0.0979,
            "Positioning": 0.3501,
            "Vision": 0.7076,
            "Penalties": 0.2738,
            "Composure": 0.5227,
            "Defending": 0.0459,
            "Marking": 0.0739,
            "Standing Tackle": 0.0408,
            "Sliding Tackle": 0.0215,
            "Goalkeeping": 0.1772,
            "GK Diving": 0.1717,
            "GK Handling": 0.1733,
            "GK Kicking": 0.1834,
            "GK Positioning": 0.1761,
            "GK Reflexes": 0.1711,
            "Total Stats": 0.5316,
            "Base Stats": 0.8585,
            "PAC": 0.3074,
            "SHO": 0.6661,
            "PAS": 1.0,
            "DRI": 0.8299,
            "DEF": 0.1383,
            "PHY": 0.1987
          },
          "DRI": {
            "Age": 0.2149,
            "\u2193OVA": 0.6548,
            "POT": 0.4795,
            "ID": -0.2911,
            "BOV": 0.6487,
            "Growth": -0.288,
            "Attacking": 0.3743,
            "Crossing": 0.4355,
            "Finishing": 0.4668,
            "Heading Accuracy": -0.1242,
            "Short Passing": 0.3429,
            "Volleys": 0.4505,
            "Skill": 0.4782,
            "Dribbling": 0.4864,
            "Curve": 0.4997,
            "FK Accuracy": 0.4328,
            "Long Passing": 0.3528,
            "Ball Control": 0.3967,
            "Movement": 0.487,
            "Acceleration": 0.3454,
            "Sprint Speed": 0.2972,
            "Agility": 0.501,
            "Reactions": 0.5702,
            "Balance": 0.3722,
            "Power": 0.3477,
            "Shot Power": 0.592,
            "Jumping": -0.0114,
            "Stamina": 0.1541,
            "Strength": -0.1527,
            "Long Shots": 0.4853,
            "Mentality": 0.3055,
            "Aggression": -0.0334,
            "Interceptions": -0.1444,
            "Positioning": 0.4569,
            "Vision": 0.6526,
            "Penalties": 0.3497,
            "Composure": 0.4755,
            "Defending": -0.1885,
            "Marking": -0.1486,
            "Standing Tackle": -0.1936,
            "Sliding Tackle": -0.2108,
            "Goalkeeping": 0.1545,
            "GK Diving": 0.1522,
            "GK Handling": 0.1498,
            "GK Kicking": 0.1488,
            "GK Positioning": 0.1551,
            "GK Reflexes": 0.1567,
            "Total Stats": 0.4874,
            "Base Stats": 0.8128,
            "PAC": 0.552,
            "SHO": 0.7698,
            "PAS": 0.8299,
            "DRI": 1.0,
            "DEF": -0.1358,
            "PHY": 0.0554
          },
          "DEF": {
            "Age": 0.2238,
            "\u2193OVA": 0.363,
            "POT": 0.1881,
            "ID": -0.216,
            "BOV": 0.3678,
            "Growth": -0.2436,
            "Attacking": 0.159,
            "Crossing": 0.2559,
            "Finishing": -0.2016,
            "Heading Accuracy": 0.418,
            "Short Passing": 0.3921,
            "Volleys": -0.1023,
            "Skill": 0.2183,
            "Dribbling": 0.1049,
            "Curve": 0.1028,
            "FK Accuracy": 0.1287,
            "Long Passing": 0.4782,
            "Ball Control": 0.2324,
            "Movement": 0.0817,
            "Acceleration": 0.0225,
            "Sprint Speed": 0.0416,
            "Agility": 0.0067,
            "Reactions": 0.3575,
            "Balance": 0.0201,
            "Power": 0.2938,
            "Shot Power": -0.0418,
            "Jumping": 0.3147,
            "Stamina": 0.4427,
            "Strength": 0.38,
            "Long Shots": -0.0004,
            "Mentality": 0.4578,
            "Aggression": 0.6604,
            "Interceptions": 0.9204,
            "Positioning": -0.0208,
            "Vision": 0.0561,
            "Penalties": -0.0742,
            "Composure": 0.3298,
            "Defending": 0.9246,
            "Marking": 0.899,
            "Standing Tackle": 0.913,
            "Sliding Tackle": 0.9077,
            "Goalkeeping": -0.2448,
            "GK Diving": -0.2416,
            "GK Handling": -0.2429,
            "GK Kicking": -0.2432,
            "GK Positioning": -0.2391,
            "GK Reflexes": -0.2421,
            "Total Stats": 0.422,
            "Base Stats": 0.3328,
            "PAC": -0.2199,
            "SHO": -0.4116,
            "PAS": 0.1383,
            "DRI": -0.1358,
            "DEF": 1.0,
            "PHY": 0.5328
          },
          "PHY": {
            "Age": 0.4458,
            "\u2193OVA": 0.5721,
            "POT": 0.2049,
            "ID": -0.3995,
            "BOV": 0.5651,
            "Growth": -0.4827,
            "Attacking": 0.1557,
            "Crossing": 0.0494,
            "Finishing": -0.0213,
            "Heading Accuracy": 0.4248,
            "Short Passing": 0.2173,
            "Volleys": 0.0335,
            "Skill": 0.091,
            "Dribbling": 0.0143,
            "Curve": 0.0307,
            "FK Accuracy": 0.0399,
            "Long Passing": 0.2329,
            "Ball Control": 0.1272,
            "Movement": -0.0491,
            "Acceleration": -0.1039,
            "Sprint Speed": -0.0382,
            "Agility": -0.118,
            "Reactions": 0.5197,
            "Balance": -0.2583,
            "Power": 0.5411,
            "Shot Power": 0.2355,
            "Jumping": 0.4612,
            "Stamina": 0.4259,
            "Strength": 0.8443,
            "Long Shots": 0.0819,
            "Mentality": 0.3481,
            "Aggression": 0.6067,
            "Interceptions": 0.4619,
            "Positioning": 0.0361,
            "Vision": 0.0876,
            "Penalties": 0.04,
            "Composure": 0.3894,
            "Defending": 0.4192,
            "Marking": 0.4382,
            "Standing Tackle": 0.4087,
            "Sliding Tackle": 0.3874,
            "Goalkeeping": 0.0095,
            "GK Diving": 0.0066,
            "GK Handling": 0.0082,
            "GK Kicking": 0.0036,
            "GK Positioning": 0.0209,
            "GK Reflexes": 0.0074,
            "Total Stats": 0.3423,
            "Base Stats": 0.5025,
            "PAC": -0.1083,
            "SHO": 0.0523,
            "PAS": 0.1987,
            "DRI": 0.0554,
            "DEF": 0.5328,
            "PHY": 1.0
          }
        },
        "strong_correlations": [
          {
            "column_1": "Goalkeeping",
            "column_2": "GK Reflexes",
            "correlation": 0.989,
            "strength": "very_strong",
            "direction": "positive"
          },
          {
            "column_1": "Goalkeeping",
            "column_2": "GK Diving",
            "correlation": 0.9888,
            "strength": "very_strong",
            "direction": "positive"
          },
          {
            "column_1": "Defending",
            "column_2": "Standing Tackle",
            "correlation": 0.9881,
            "strength": "very_strong",
            "direction": "positive"
          },
          {
            "column_1": "Goalkeeping",
            "column_2": "GK Handling",
            "correlation": 0.9878,
            "strength": "very_strong",
            "direction": "positive"
          },
          {
            "column_1": "Goalkeeping",
            "column_2": "GK Positioning",
            "correlation": 0.9876,
            "strength": "very_strong",
            "direction": "positive"
          },
          {
            "column_1": "\u2193OVA",
            "column_2": "BOV",
            "correlation": 0.9871,
            "strength": "very_strong",
            "direction": "positive"
          },
          {
            "column_1": "Goalkeeping",
            "column_2": "GK Kicking",
            "correlation": 0.9854,
            "strength": "very_strong",
            "direction": "positive"
          },
          {
            "column_1": "Defending",
            "column_2": "Sliding Tackle",
            "correlation": 0.9853,
            "strength": "very_strong",
            "direction": "positive"
          },
          {
            "column_1": "Standing Tackle",
            "column_2": "Sliding Tackle",
            "correlation": 0.9758,
            "strength": "very_strong",
            "direction": "positive"
          },
          {
            "column_1": "GK Diving",
            "column_2": "GK Reflexes",
            "correlation": 0.9737,
            "strength": "very_strong",
            "direction": "positive"
          },
          {
            "column_1": "GK Handling",
            "column_2": "GK Reflexes",
            "correlation": 0.9709,
            "strength": "very_strong",
            "direction": "positive"
          },
          {
            "column_1": "GK Diving",
            "column_2": "GK Handling",
            "correlation": 0.9708,
            "strength": "very_strong",
            "direction": "positive"
          },
          {
            "column_1": "GK Positioning",
            "column_2": "GK Reflexes",
            "correlation": 0.9707,
            "strength": "very_strong",
            "direction": "positive"
          },
          {
            "column_1": "GK Diving",
            "column_2": "GK Positioning",
            "correlation": 0.9705,
            "strength": "very_strong",
            "direction": "positive"
          },
          {
            "column_1": "GK Handling",
            "column_2": "GK Positioning",
            "correlation": 0.97,
            "strength": "very_strong",
            "direction": "positive"
          },
          {
            "column_1": "Defending",
            "column_2": "Marking",
            "correlation": 0.9679,
            "strength": "very_strong",
            "direction": "positive"
          },
          {
            "column_1": "GK Kicking",
            "column_2": "GK Reflexes",
            "correlation": 0.9674,
            "strength": "very_strong",
            "direction": "positive"
          },
          {
            "column_1": "GK Diving",
            "column_2": "GK Kicking",
            "correlation": 0.967,
            "strength": "very_strong",
            "direction": "positive"
          },
          {
            "column_1": "GK Handling",
            "column_2": "GK Kicking",
            "correlation": 0.9669,
            "strength": "very_strong",
            "direction": "positive"
          },
          {
            "column_1": "GK Kicking",
            "column_2": "GK Positioning",
            "correlation": 0.9662,
            "strength": "very_strong",
            "direction": "positive"
          },
          {
            "column_1": "Interceptions",
            "column_2": "Defending",
            "correlation": 0.9546,
            "strength": "very_strong",
            "direction": "positive"
          },
          {
            "column_1": "Mentality",
            "column_2": "Total Stats",
            "correlation": 0.9528,
            "strength": "very_strong",
            "direction": "positive"
          },
          {
            "column_1": "Interceptions",
            "column_2": "Standing Tackle",
            "correlation": 0.9475,
            "strength": "very_strong",
            "direction": "positive"
          },
          {
            "column_1": "Skill",
            "column_2": "Ball Control",
            "correlation": 0.9445,
            "strength": "very_strong",
            "direction": "positive"
          },
          {
            "column_1": "Skill",
            "column_2": "Dribbling",
            "correlation": 0.9413,
            "strength": "very_strong",
            "direction": "positive"
          },
          {
            "column_1": "Attacking",
            "column_2": "Ball Control",
            "correlation": 0.9406,
            "strength": "very_strong",
            "direction": "positive"
          },
          {
            "column_1": "Dribbling",
            "column_2": "Ball Control",
            "correlation": 0.9401,
            "strength": "very_strong",
            "direction": "positive"
          },
          {
            "column_1": "Skill",
            "column_2": "Total Stats",
            "correlation": 0.9368,
            "strength": "very_strong",
            "direction": "positive"
          },
          {
            "column_1": "Movement",
            "column_2": "Acceleration",
            "correlation": 0.9363,
            "strength": "very_strong",
            "direction": "positive"
          },
          {
            "column_1": "Interceptions",
            "column_2": "Sliding Tackle",
            "correlation": 0.9359,
            "strength": "very_strong",
            "direction": "positive"
          },
          {
            "column_1": "Attacking",
            "column_2": "Skill",
            "correlation": 0.9355,
            "strength": "very_strong",
            "direction": "positive"
          },
          {
            "column_1": "Skill",
            "column_2": "Curve",
            "correlation": 0.9353,
            "strength": "very_strong",
            "direction": "positive"
          },
          {
            "column_1": "Marking",
            "column_2": "Standing Tackle",
            "correlation": 0.9289,
            "strength": "very_strong",
            "direction": "positive"
          },
          {
            "column_1": "Acceleration",
            "column_2": "Sprint Speed",
            "correlation": 0.926,
            "strength": "very_strong",
            "direction": "positive"
          },
          {
            "column_1": "Defending",
            "column_2": "DEF",
            "correlation": 0.9246,
            "strength": "very_strong",
            "direction": "positive"
          },
          {
            "column_1": "Interceptions",
            "column_2": "Marking",
            "correlation": 0.9242,
            "strength": "very_strong",
            "direction": "positive"
          },
          {
            "column_1": "Movement",
            "column_2": "Agility",
            "correlation": 0.9241,
            "strength": "very_strong",
            "direction": "positive"
          },
          {
            "column_1": "Attacking",
            "column_2": "Dribbling",
            "correlation": 0.9237,
            "strength": "very_strong",
            "direction": "positive"
          },
          {
            "column_1": "Marking",
            "column_2": "Sliding Tackle",
            "correlation": 0.9208,
            "strength": "very_strong",
            "direction": "positive"
          },
          {
            "column_1": "Interceptions",
            "column_2": "DEF",
            "correlation": 0.9204,
            "strength": "very_strong",
            "direction": "positive"
          },
          {
            "column_1": "Short Passing",
            "column_2": "Ball Control",
            "correlation": 0.9186,
            "strength": "very_strong",
            "direction": "positive"
          },
          {
            "column_1": "Attacking",
            "column_2": "Total Stats",
            "correlation": 0.915,
            "strength": "very_strong",
            "direction": "positive"
          },
          {
            "column_1": "Attacking",
            "column_2": "Positioning",
            "correlation": 0.9144,
            "strength": "very_strong",
            "direction": "positive"
          },
          {
            "column_1": "Standing Tackle",
            "column_2": "DEF",
            "correlation": 0.913,
            "strength": "very_strong",
            "direction": "positive"
          },
          {
            "column_1": "Dribbling",
            "column_2": "Positioning",
            "correlation": 0.9078,
            "strength": "very_strong",
            "direction": "positive"
          },
          {
            "column_1": "Short Passing",
            "column_2": "Skill",
            "correlation": 0.9077,
            "strength": "very_strong",
            "direction": "positive"
          },
          {
            "column_1": "Sliding Tackle",
            "column_2": "DEF",
            "correlation": 0.9077,
            "strength": "very_strong",
            "direction": "positive"
          },
          {
            "column_1": "Short Passing",
            "column_2": "Total Stats",
            "correlation": 0.9069,
            "strength": "very_strong",
            "direction": "positive"
          },
          {
            "column_1": "Ball Control",
            "column_2": "Total Stats",
            "correlation": 0.9061,
            "strength": "very_strong",
            "direction": "positive"
          },
          {
            "column_1": "Movement",
            "column_2": "Sprint Speed",
            "correlation": 0.9046,
            "strength": "very_strong",
            "direction": "positive"
          },
          {
            "column_1": "Attacking",
            "column_2": "Mentality",
            "correlation": 0.9,
            "strength": "very_strong",
            "direction": "positive"
          },
          {
            "column_1": "Attacking",
            "column_2": "Volleys",
            "correlation": 0.8999,
            "strength": "strong",
            "direction": "positive"
          },
          {
            "column_1": "Finishing",
            "column_2": "Positioning",
            "correlation": 0.8995,
            "strength": "strong",
            "direction": "positive"
          },
          {
            "column_1": "Marking",
            "column_2": "DEF",
            "correlation": 0.899,
            "strength": "strong",
            "direction": "positive"
          },
          {
            "column_1": "Skill",
            "column_2": "Mentality",
            "correlation": 0.898,
            "strength": "strong",
            "direction": "positive"
          },
          {
            "column_1": "Short Passing",
            "column_2": "Mentality",
            "correlation": 0.8964,
            "strength": "strong",
            "direction": "positive"
          },
          {
            "column_1": "Finishing",
            "column_2": "Volleys",
            "correlation": 0.8948,
            "strength": "strong",
            "direction": "positive"
          },
          {
            "column_1": "Skill",
            "column_2": "FK Accuracy",
            "correlation": 0.8942,
            "strength": "strong",
            "direction": "positive"
          },
          {
            "column_1": "Finishing",
            "column_2": "Long Shots",
            "correlation": 0.8941,
            "strength": "strong",
            "direction": "positive"
          },
          {
            "column_1": "Attacking",
            "column_2": "Long Shots",
            "correlation": 0.8938,
            "strength": "strong",
            "direction": "positive"
          },
          {
            "column_1": "Ball Control",
            "column_2": "Mentality",
            "correlation": 0.8931,
            "strength": "strong",
            "direction": "positive"
          },
          {
            "column_1": "Attacking",
            "column_2": "Short Passing",
            "correlation": 0.8915,
            "strength": "strong",
            "direction": "positive"
          },
          {
            "column_1": "Short Passing",
            "column_2": "Long Passing",
            "correlation": 0.8905,
            "strength": "strong",
            "direction": "positive"
          },
          {
            "column_1": "Crossing",
            "column_2": "Skill",
            "correlation": 0.8885,
            "strength": "strong",
            "direction": "positive"
          },
          {
            "column_1": "Attacking",
            "column_2": "Finishing",
            "correlation": 0.885,
            "strength": "strong",
            "direction": "positive"
          },
          {
            "column_1": "Power",
            "column_2": "Total Stats",
            "correlation": 0.8797,
            "strength": "strong",
            "direction": "positive"
          },
          {
            "column_1": "Skill",
            "column_2": "Long Shots",
            "correlation": 0.8787,
            "strength": "strong",
            "direction": "positive"
          },
          {
            "column_1": "Long Shots",
            "column_2": "Positioning",
            "correlation": 0.8784,
            "strength": "strong",
            "direction": "positive"
          },
          {
            "column_1": "Volleys",
            "column_2": "Long Shots",
            "correlation": 0.8766,
            "strength": "strong",
            "direction": "positive"
          },
          {
            "column_1": "Skill",
            "column_2": "Positioning",
            "correlation": 0.8754,
            "strength": "strong",
            "direction": "positive"
          },
          {
            "column_1": "Dribbling",
            "column_2": "Total Stats",
            "correlation": 0.8753,
            "strength": "strong",
            "direction": "positive"
          },
          {
            "column_1": "Ball Control",
            "column_2": "Positioning",
            "correlation": 0.8698,
            "strength": "strong",
            "direction": "positive"
          },
          {
            "column_1": "BOV",
            "column_2": "Reactions",
            "correlation": 0.8686,
            "strength": "strong",
            "direction": "positive"
          },
          {
            "column_1": "\u2193OVA",
            "column_2": "Reactions",
            "correlation": 0.867,
            "strength": "strong",
            "direction": "positive"
          },
          {
            "column_1": "Age",
            "column_2": "Growth",
            "correlation": -0.8645,
            "strength": "strong",
            "direction": "negative"
          },
          {
            "column_1": "Crossing",
            "column_2": "Dribbling",
            "correlation": 0.8642,
            "strength": "strong",
            "direction": "positive"
          },
          {
            "column_1": "Crossing",
            "column_2": "Total Stats",
            "correlation": 0.8603,
            "strength": "strong",
            "direction": "positive"
          },
          {
            "column_1": "Curve",
            "column_2": "FK Accuracy",
            "correlation": 0.8602,
            "strength": "strong",
            "direction": "positive"
          },
          {
            "column_1": "Volleys",
            "column_2": "Positioning",
            "correlation": 0.8598,
            "strength": "strong",
            "direction": "positive"
          },
          {
            "column_1": "Attacking",
            "column_2": "Curve",
            "correlation": 0.8588,
            "strength": "strong",
            "direction": "positive"
          },
          {
            "column_1": "Base Stats",
            "column_2": "PAS",
            "correlation": 0.8585,
            "strength": "strong",
            "direction": "positive"
          },
          {
            "column_1": "Attacking",
            "column_2": "Crossing",
            "correlation": 0.8542,
            "strength": "strong",
            "direction": "positive"
          },
          {
            "column_1": "Curve",
            "column_2": "Total Stats",
            "correlation": 0.8533,
            "strength": "strong",
            "direction": "positive"
          },
          {
            "column_1": "Dribbling",
            "column_2": "Curve",
            "correlation": 0.8531,
            "strength": "strong",
            "direction": "positive"
          },
          {
            "column_1": "Short Passing",
            "column_2": "Dribbling",
            "correlation": 0.8509,
            "strength": "strong",
            "direction": "positive"
          },
          {
            "column_1": "Skill",
            "column_2": "Long Passing",
            "correlation": 0.8506,
            "strength": "strong",
            "direction": "positive"
          },
          {
            "column_1": "Dribbling",
            "column_2": "Long Shots",
            "correlation": 0.8502,
            "strength": "strong",
            "direction": "positive"
          },
          {
            "column_1": "Attacking",
            "column_2": "Penalties",
            "correlation": 0.8501,
            "strength": "strong",
            "direction": "positive"
          },
          {
            "column_1": "Finishing",
            "column_2": "Penalties",
            "correlation": 0.849,
            "strength": "strong",
            "direction": "positive"
          },
          {
            "column_1": "Long Passing",
            "column_2": "Total Stats",
            "correlation": 0.8479,
            "strength": "strong",
            "direction": "positive"
          },
          {
            "column_1": "Volleys",
            "column_2": "Penalties",
            "correlation": 0.846,
            "strength": "strong",
            "direction": "positive"
          },
          {
            "column_1": "\u2193OVA",
            "column_2": "Base Stats",
            "correlation": 0.8459,
            "strength": "strong",
            "direction": "positive"
          },
          {
            "column_1": "Dribbling",
            "column_2": "Mentality",
            "correlation": 0.8454,
            "strength": "strong",
            "direction": "positive"
          },
          {
            "column_1": "Strength",
            "column_2": "PHY",
            "correlation": 0.8443,
            "strength": "strong",
            "direction": "positive"
          },
          {
            "column_1": "BOV",
            "column_2": "Base Stats",
            "correlation": 0.8412,
            "strength": "strong",
            "direction": "positive"
          },
          {
            "column_1": "Crossing",
            "column_2": "Ball Control",
            "correlation": 0.8409,
            "strength": "strong",
            "direction": "positive"
          },
          {
            "column_1": "Power",
            "column_2": "Mentality",
            "correlation": 0.8409,
            "strength": "strong",
            "direction": "positive"
          },
          {
            "column_1": "Curve",
            "column_2": "Long Shots",
            "correlation": 0.8405,
            "strength": "strong",
            "direction": "positive"
          },
          {
            "column_1": "Attacking",
            "column_2": "Power",
            "correlation": 0.84,
            "strength": "strong",
            "direction": "positive"
          },
          {
            "column_1": "Movement",
            "column_2": "Balance",
            "correlation": 0.839,
            "strength": "strong",
            "direction": "positive"
          },
          {
            "column_1": "Crossing",
            "column_2": "Curve",
            "correlation": 0.8386,
            "strength": "strong",
            "direction": "positive"
          },
          {
            "column_1": "Long Shots",
            "column_2": "Total Stats",
            "correlation": 0.8378,
            "strength": "strong",
            "direction": "positive"
          },
          {
            "column_1": "Finishing",
            "column_2": "Dribbling",
            "correlation": 0.8328,
            "strength": "strong",
            "direction": "positive"
          },
          {
            "column_1": "Ball Control",
            "column_2": "Long Shots",
            "correlation": 0.8327,
            "strength": "strong",
            "direction": "positive"
          },
          {
            "column_1": "Positioning",
            "column_2": "Total Stats",
            "correlation": 0.8309,
            "strength": "strong",
            "direction": "positive"
          },
          {
            "column_1": "Curve",
            "column_2": "Ball Control",
            "correlation": 0.83,
            "strength": "strong",
            "direction": "positive"
          },
          {
            "column_1": "PAS",
            "column_2": "DRI",
            "correlation": 0.8299,
            "strength": "strong",
            "direction": "positive"
          },
          {
            "column_1": "Mentality",
            "column_2": "Positioning",
            "correlation": 0.8282,
            "strength": "strong",
            "direction": "positive"
          },
          {
            "column_1": "Curve",
            "column_2": "Positioning",
            "correlation": 0.8268,
            "strength": "strong",
            "direction": "positive"
          },
          {
            "column_1": "Acceleration",
            "column_2": "Agility",
            "correlation": 0.8266,
            "strength": "strong",
            "direction": "positive"
          },
          {
            "column_1": "Dribbling",
            "column_2": "Movement",
            "correlation": 0.8259,
            "strength": "strong",
            "direction": "positive"
          },
          {
            "column_1": "Power",
            "column_2": "Long Shots",
            "correlation": 0.8246,
            "strength": "strong",
            "direction": "positive"
          },
          {
            "column_1": "Long Passing",
            "column_2": "Mentality",
            "correlation": 0.8242,
            "strength": "strong",
            "direction": "positive"
          },
          {
            "column_1": "Volleys",
            "column_2": "Skill",
            "correlation": 0.8238,
            "strength": "strong",
            "direction": "positive"
          },
          {
            "column_1": "Long Shots",
            "column_2": "Penalties",
            "correlation": 0.8215,
            "strength": "strong",
            "direction": "positive"
          },
          {
            "column_1": "Volleys",
            "column_2": "Dribbling",
            "correlation": 0.8148,
            "strength": "strong",
            "direction": "positive"
          },
          {
            "column_1": "Base Stats",
            "column_2": "DRI",
            "correlation": 0.8128,
            "strength": "strong",
            "direction": "positive"
          },
          {
            "column_1": "Positioning",
            "column_2": "Penalties",
            "correlation": 0.8124,
            "strength": "strong",
            "direction": "positive"
          },
          {
            "column_1": "Volleys",
            "column_2": "Curve",
            "correlation": 0.8112,
            "strength": "strong",
            "direction": "positive"
          },
          {
            "column_1": "Crossing",
            "column_2": "Mentality",
            "correlation": 0.8104,
            "strength": "strong",
            "direction": "positive"
          },
          {
            "column_1": "FK Accuracy",
            "column_2": "Long Shots",
            "correlation": 0.8086,
            "strength": "strong",
            "direction": "positive"
          },
          {
            "column_1": "Ball Control",
            "column_2": "Goalkeeping",
            "correlation": -0.8042,
            "strength": "strong",
            "direction": "negative"
          },
          {
            "column_1": "Crossing",
            "column_2": "Short Passing",
            "correlation": 0.8037,
            "strength": "strong",
            "direction": "positive"
          },
          {
            "column_1": "Finishing",
            "column_2": "Skill",
            "correlation": 0.8033,
            "strength": "strong",
            "direction": "positive"
          },
          {
            "column_1": "FK Accuracy",
            "column_2": "Total Stats",
            "correlation": 0.8032,
            "strength": "strong",
            "direction": "positive"
          },
          {
            "column_1": "Stamina",
            "column_2": "Total Stats",
            "correlation": 0.7993,
            "strength": "strong",
            "direction": "positive"
          },
          {
            "column_1": "Composure",
            "column_2": "Total Stats",
            "correlation": 0.7987,
            "strength": "strong",
            "direction": "positive"
          },
          {
            "column_1": "Crossing",
            "column_2": "Positioning",
            "correlation": 0.7979,
            "strength": "strong",
            "direction": "positive"
          },
          {
            "column_1": "Ball Control",
            "column_2": "GK Reflexes",
            "correlation": -0.7968,
            "strength": "strong",
            "direction": "negative"
          },
          {
            "column_1": "Ball Control",
            "column_2": "GK Diving",
            "correlation": -0.7964,
            "strength": "strong",
            "direction": "negative"
          },
          {
            "column_1": "Shot Power",
            "column_2": "Long Shots",
            "correlation": 0.796,
            "strength": "strong",
            "direction": "positive"
          },
          {
            "column_1": "Power",
            "column_2": "Stamina",
            "correlation": 0.7958,
            "strength": "strong",
            "direction": "positive"
          },
          {
            "column_1": "Ball Control",
            "column_2": "GK Handling",
            "correlation": -0.7957,
            "strength": "strong",
            "direction": "negative"
          },
          {
            "column_1": "Stamina",
            "column_2": "Mentality",
            "correlation": 0.7955,
            "strength": "strong",
            "direction": "positive"
          },
          {
            "column_1": "Volleys",
            "column_2": "Ball Control",
            "correlation": 0.7947,
            "strength": "strong",
            "direction": "positive"
          },
          {
            "column_1": "Finishing",
            "column_2": "Ball Control",
            "correlation": 0.7945,
            "strength": "strong",
            "direction": "positive"
          },
          {
            "column_1": "Long Shots",
            "column_2": "Mentality",
            "correlation": 0.7942,
            "strength": "strong",
            "direction": "positive"
          },
          {
            "column_1": "Curve",
            "column_2": "Mentality",
            "correlation": 0.7932,
            "strength": "strong",
            "direction": "positive"
          },
          {
            "column_1": "Ball Control",
            "column_2": "GK Positioning",
            "correlation": -0.7914,
            "strength": "strong",
            "direction": "negative"
          },
          {
            "column_1": "Skill",
            "column_2": "Penalties",
            "correlation": 0.7912,
            "strength": "strong",
            "direction": "positive"
          },
          {
            "column_1": "Ball Control",
            "column_2": "GK Kicking",
            "correlation": -0.7912,
            "strength": "strong",
            "direction": "negative"
          },
          {
            "column_1": "Attacking",
            "column_2": "FK Accuracy",
            "correlation": 0.7906,
            "strength": "strong",
            "direction": "positive"
          },
          {
            "column_1": "Long Passing",
            "column_2": "Ball Control",
            "correlation": 0.7872,
            "strength": "strong",
            "direction": "positive"
          },
          {
            "column_1": "Attacking",
            "column_2": "Goalkeeping",
            "correlation": -0.7858,
            "strength": "strong",
            "direction": "negative"
          },
          {
            "column_1": "Mentality",
            "column_2": "Aggression",
            "correlation": 0.784,
            "strength": "strong",
            "direction": "positive"
          },
          {
            "column_1": "Skill",
            "column_2": "Vision",
            "correlation": 0.7834,
            "strength": "strong",
            "direction": "positive"
          },
          {
            "column_1": "Ball Control",
            "column_2": "Power",
            "correlation": 0.7823,
            "strength": "strong",
            "direction": "positive"
          },
          {
            "column_1": "Movement",
            "column_2": "Total Stats",
            "correlation": 0.7809,
            "strength": "strong",
            "direction": "positive"
          },
          {
            "column_1": "Dribbling",
            "column_2": "Penalties",
            "correlation": 0.7792,
            "strength": "strong",
            "direction": "positive"
          },
          {
            "column_1": "Skill",
            "column_2": "Power",
            "correlation": 0.7785,
            "strength": "strong",
            "direction": "positive"
          },
          {
            "column_1": "Attacking",
            "column_2": "GK Diving",
            "correlation": -0.7784,
            "strength": "strong",
            "direction": "negative"
          },
          {
            "column_1": "Attacking",
            "column_2": "GK Reflexes",
            "correlation": -0.7782,
            "strength": "strong",
            "direction": "negative"
          },
          {
            "column_1": "Attacking",
            "column_2": "GK Handling",
            "correlation": -0.7776,
            "strength": "strong",
            "direction": "negative"
          },
          {
            "column_1": "Skill",
            "column_2": "Movement",
            "correlation": 0.7755,
            "strength": "strong",
            "direction": "positive"
          },
          {
            "column_1": "Finishing",
            "column_2": "Curve",
            "correlation": 0.7753,
            "strength": "strong",
            "direction": "positive"
          },
          {
            "column_1": "Ball Control",
            "column_2": "Penalties",
            "correlation": 0.7749,
            "strength": "strong",
            "direction": "positive"
          },
          {
            "column_1": "Short Passing",
            "column_2": "Curve",
            "correlation": 0.7748,
            "strength": "strong",
            "direction": "positive"
          },
          {
            "column_1": "Ball Control",
            "column_2": "Movement",
            "correlation": 0.7746,
            "strength": "strong",
            "direction": "positive"
          },
          {
            "column_1": "Agility",
            "column_2": "Balance",
            "correlation": 0.7743,
            "strength": "strong",
            "direction": "positive"
          },
          {
            "column_1": "Dribbling",
            "column_2": "Agility",
            "correlation": 0.774,
            "strength": "strong",
            "direction": "positive"
          },
          {
            "column_1": "Attacking",
            "column_2": "GK Kicking",
            "correlation": -0.7731,
            "strength": "strong",
            "direction": "negative"
          },
          {
            "column_1": "Attacking",
            "column_2": "GK Positioning",
            "correlation": -0.773,
            "strength": "strong",
            "direction": "negative"
          },
          {
            "column_1": "Sprint Speed",
            "column_2": "Agility",
            "correlation": 0.7727,
            "strength": "strong",
            "direction": "positive"
          },
          {
            "column_1": "Volleys",
            "column_2": "Total Stats",
            "correlation": 0.7711,
            "strength": "strong",
            "direction": "positive"
          },
          {
            "column_1": "Short Passing",
            "column_2": "Positioning",
            "correlation": 0.7707,
            "strength": "strong",
            "direction": "positive"
          },
          {
            "column_1": "Dribbling",
            "column_2": "Goalkeeping",
            "correlation": -0.77,
            "strength": "strong",
            "direction": "negative"
          },
          {
            "column_1": "SHO",
            "column_2": "DRI",
            "correlation": 0.7698,
            "strength": "strong",
            "direction": "positive"
          },
          {
            "column_1": "Movement",
            "column_2": "Positioning",
            "correlation": 0.7696,
            "strength": "strong",
            "direction": "positive"
          },
          {
            "column_1": "Crossing",
            "column_2": "Movement",
            "correlation": 0.7665,
            "strength": "strong",
            "direction": "positive"
          },
          {
            "column_1": "Vision",
            "column_2": "Total Stats",
            "correlation": 0.7631,
            "strength": "strong",
            "direction": "positive"
          },
          {
            "column_1": "Short Passing",
            "column_2": "Long Shots",
            "correlation": 0.7629,
            "strength": "strong",
            "direction": "positive"
          },
          {
            "column_1": "Crossing",
            "column_2": "FK Accuracy",
            "correlation": 0.7628,
            "strength": "strong",
            "direction": "positive"
          },
          {
            "column_1": "Dribbling",
            "column_2": "GK Diving",
            "correlation": -0.7628,
            "strength": "strong",
            "direction": "negative"
          },
          {
            "column_1": "Short Passing",
            "column_2": "Power",
            "correlation": 0.7626,
            "strength": "strong",
            "direction": "positive"
          },
          {
            "column_1": "Dribbling",
            "column_2": "GK Reflexes",
            "correlation": -0.7625,
            "strength": "strong",
            "direction": "negative"
          },
          {
            "column_1": "Dribbling",
            "column_2": "GK Handling",
            "correlation": -0.7617,
            "strength": "strong",
            "direction": "negative"
          },
          {
            "column_1": "Dribbling",
            "column_2": "FK Accuracy",
            "correlation": 0.7605,
            "strength": "strong",
            "direction": "positive"
          },
          {
            "column_1": "Mentality",
            "column_2": "Composure",
            "correlation": 0.7591,
            "strength": "strong",
            "direction": "positive"
          },
          {
            "column_1": "Power",
            "column_2": "Shot Power",
            "correlation": 0.7586,
            "strength": "strong",
            "direction": "positive"
          },
          {
            "column_1": "Dribbling",
            "column_2": "GK Positioning",
            "correlation": -0.758,
            "strength": "strong",
            "direction": "negative"
          },
          {
            "column_1": "Dribbling",
            "column_2": "GK Kicking",
            "correlation": -0.7577,
            "strength": "strong",
            "direction": "negative"
          },
          {
            "column_1": "Long Shots",
            "column_2": "Vision",
            "correlation": 0.7571,
            "strength": "strong",
            "direction": "positive"
          },
          {
            "column_1": "Curve",
            "column_2": "Penalties",
            "correlation": 0.7567,
            "strength": "strong",
            "direction": "positive"
          },
          {
            "column_1": "FK Accuracy",
            "column_2": "Ball Control",
            "correlation": 0.7561,
            "strength": "strong",
            "direction": "positive"
          },
          {
            "column_1": "FK Accuracy",
            "column_2": "Mentality",
            "correlation": 0.7555,
            "strength": "strong",
            "direction": "positive"
          },
          {
            "column_1": "Sprint Speed",
            "column_2": "PAC",
            "correlation": 0.7549,
            "strength": "strong",
            "direction": "positive"
          },
          {
            "column_1": "Mentality",
            "column_2": "Goalkeeping",
            "correlation": -0.7544,
            "strength": "strong",
            "direction": "negative"
          },
          {
            "column_1": "Dribbling",
            "column_2": "Acceleration",
            "correlation": 0.7538,
            "strength": "strong",
            "direction": "positive"
          },
          {
            "column_1": "Age",
            "column_2": "ID",
            "correlation": -0.7533,
            "strength": "strong",
            "direction": "negative"
          },
          {
            "column_1": "Aggression",
            "column_2": "Defending",
            "correlation": 0.7524,
            "strength": "strong",
            "direction": "positive"
          },
          {
            "column_1": "Attacking",
            "column_2": "Long Passing",
            "correlation": 0.7518,
            "strength": "strong",
            "direction": "positive"
          },
          {
            "column_1": "Mentality",
            "column_2": "Penalties",
            "correlation": 0.7518,
            "strength": "strong",
            "direction": "positive"
          },
          {
            "column_1": "Reactions",
            "column_2": "Base Stats",
            "correlation": 0.7517,
            "strength": "strong",
            "direction": "positive"
          },
          {
            "column_1": "Power",
            "column_2": "Positioning",
            "correlation": 0.7514,
            "strength": "strong",
            "direction": "positive"
          },
          {
            "column_1": "Volleys",
            "column_2": "FK Accuracy",
            "correlation": 0.7511,
            "strength": "strong",
            "direction": "positive"
          },
          {
            "column_1": "Aggression",
            "column_2": "Interceptions",
            "correlation": 0.7509,
            "strength": "strong",
            "direction": "positive"
          },
          {
            "column_1": "Acceleration",
            "column_2": "PAC",
            "correlation": 0.7503,
            "strength": "strong",
            "direction": "positive"
          },
          {
            "column_1": "Heading Accuracy",
            "column_2": "Goalkeeping",
            "correlation": -0.7501,
            "strength": "strong",
            "direction": "negative"
          },
          {
            "column_1": "Attacking",
            "column_2": "Movement",
            "correlation": 0.7488,
            "strength": "strong",
            "direction": "positive"
          },
          {
            "column_1": "Mentality",
            "column_2": "GK Diving",
            "correlation": -0.7479,
            "strength": "strong",
            "direction": "negative"
          },
          {
            "column_1": "Mentality",
            "column_2": "GK Reflexes",
            "correlation": -0.7475,
            "strength": "strong",
            "direction": "negative"
          },
          {
            "column_1": "Aggression",
            "column_2": "Marking",
            "correlation": 0.7474,
            "strength": "strong",
            "direction": "positive"
          },
          {
            "column_1": "Curve",
            "column_2": "Vision",
            "correlation": 0.7471,
            "strength": "strong",
            "direction": "positive"
          },
          {
            "column_1": "Crossing",
            "column_2": "Long Passing",
            "correlation": 0.7463,
            "strength": "strong",
            "direction": "positive"
          },
          {
            "column_1": "Mentality",
            "column_2": "GK Handling",
            "correlation": -0.7462,
            "strength": "strong",
            "direction": "negative"
          },
          {
            "column_1": "Crossing",
            "column_2": "Long Shots",
            "correlation": 0.7446,
            "strength": "strong",
            "direction": "positive"
          },
          {
            "column_1": "Heading Accuracy",
            "column_2": "GK Diving",
            "correlation": -0.743,
            "strength": "strong",
            "direction": "negative"
          },
          {
            "column_1": "Aggression",
            "column_2": "Standing Tackle",
            "correlation": 0.7429,
            "strength": "strong",
            "direction": "positive"
          },
          {
            "column_1": "Short Passing",
            "column_2": "Goalkeeping",
            "correlation": -0.7427,
            "strength": "strong",
            "direction": "negative"
          },
          {
            "column_1": "FK Accuracy",
            "column_2": "Positioning",
            "correlation": 0.7427,
            "strength": "strong",
            "direction": "positive"
          },
          {
            "column_1": "Heading Accuracy",
            "column_2": "GK Reflexes",
            "correlation": -0.7426,
            "strength": "strong",
            "direction": "negative"
          },
          {
            "column_1": "Volleys",
            "column_2": "Shot Power",
            "correlation": 0.7426,
            "strength": "strong",
            "direction": "positive"
          },
          {
            "column_1": "Mentality",
            "column_2": "GK Kicking",
            "correlation": -0.7426,
            "strength": "strong",
            "direction": "negative"
          },
          {
            "column_1": "Heading Accuracy",
            "column_2": "GK Handling",
            "correlation": -0.7423,
            "strength": "strong",
            "direction": "negative"
          },
          {
            "column_1": "Ball Control",
            "column_2": "Stamina",
            "correlation": 0.742,
            "strength": "strong",
            "direction": "positive"
          },
          {
            "column_1": "Mentality",
            "column_2": "GK Positioning",
            "correlation": -0.741,
            "strength": "strong",
            "direction": "negative"
          },
          {
            "column_1": "Heading Accuracy",
            "column_2": "GK Kicking",
            "correlation": -0.7388,
            "strength": "strong",
            "direction": "negative"
          },
          {
            "column_1": "Volleys",
            "column_2": "Power",
            "correlation": 0.7379,
            "strength": "strong",
            "direction": "positive"
          },
          {
            "column_1": "Positioning",
            "column_2": "Vision",
            "correlation": 0.7378,
            "strength": "strong",
            "direction": "positive"
          },
          {
            "column_1": "Heading Accuracy",
            "column_2": "GK Positioning",
            "correlation": -0.7374,
            "strength": "strong",
            "direction": "negative"
          },
          {
            "column_1": "Short Passing",
            "column_2": "Stamina",
            "correlation": 0.7368,
            "strength": "strong",
            "direction": "positive"
          },
          {
            "column_1": "Short Passing",
            "column_2": "GK Reflexes",
            "correlation": -0.7363,
            "strength": "strong",
            "direction": "negative"
          },
          {
            "column_1": "FK Accuracy",
            "column_2": "Penalties",
            "correlation": 0.7361,
            "strength": "strong",
            "direction": "positive"
          },
          {
            "column_1": "Short Passing",
            "column_2": "GK Diving",
            "correlation": -0.7358,
            "strength": "strong",
            "direction": "negative"
          },
          {
            "column_1": "Skill",
            "column_2": "Agility",
            "correlation": 0.7355,
            "strength": "strong",
            "direction": "positive"
          },
          {
            "column_1": "Penalties",
            "column_2": "Total Stats",
            "correlation": 0.735,
            "strength": "strong",
            "direction": "positive"
          },
          {
            "column_1": "Short Passing",
            "column_2": "GK Handling",
            "correlation": -0.7345,
            "strength": "strong",
            "direction": "negative"
          },
          {
            "column_1": "Finishing",
            "column_2": "Total Stats",
            "correlation": 0.7342,
            "strength": "strong",
            "direction": "positive"
          },
          {
            "column_1": "Dribbling",
            "column_2": "Power",
            "correlation": 0.7341,
            "strength": "strong",
            "direction": "positive"
          },
          {
            "column_1": "Short Passing",
            "column_2": "Composure",
            "correlation": 0.7339,
            "strength": "strong",
            "direction": "positive"
          },
          {
            "column_1": "Skill",
            "column_2": "Goalkeeping",
            "correlation": -0.7333,
            "strength": "strong",
            "direction": "negative"
          },
          {
            "column_1": "Attacking",
            "column_2": "Heading Accuracy",
            "correlation": 0.7327,
            "strength": "strong",
            "direction": "positive"
          },
          {
            "column_1": "Volleys",
            "column_2": "Mentality",
            "correlation": 0.7317,
            "strength": "strong",
            "direction": "positive"
          },
          {
            "column_1": "Dribbling",
            "column_2": "Sprint Speed",
            "correlation": 0.7316,
            "strength": "strong",
            "direction": "positive"
          },
          {
            "column_1": "Short Passing",
            "column_2": "FK Accuracy",
            "correlation": 0.7309,
            "strength": "strong",
            "direction": "positive"
          },
          {
            "column_1": "Skill",
            "column_2": "Composure",
            "correlation": 0.7307,
            "strength": "strong",
            "direction": "positive"
          },
          {
            "column_1": "Short Passing",
            "column_2": "GK Kicking",
            "correlation": -0.7304,
            "strength": "strong",
            "direction": "negative"
          },
          {
            "column_1": "Short Passing",
            "column_2": "GK Positioning",
            "correlation": -0.7304,
            "strength": "strong",
            "direction": "negative"
          },
          {
            "column_1": "Dribbling",
            "column_2": "Long Passing",
            "correlation": 0.7287,
            "strength": "strong",
            "direction": "positive"
          },
          {
            "column_1": "Power",
            "column_2": "Composure",
            "correlation": 0.7284,
            "strength": "strong",
            "direction": "positive"
          },
          {
            "column_1": "Skill",
            "column_2": "GK Reflexes",
            "correlation": -0.7265,
            "strength": "strong",
            "direction": "negative"
          },
          {
            "column_1": "Skill",
            "column_2": "GK Diving",
            "correlation": -0.7264,
            "strength": "strong",
            "direction": "negative"
          },
          {
            "column_1": "BOV",
            "column_2": "Composure",
            "correlation": 0.7259,
            "strength": "strong",
            "direction": "positive"
          },
          {
            "column_1": "Curve",
            "column_2": "Movement",
            "correlation": 0.7258,
            "strength": "strong",
            "direction": "positive"
          },
          {
            "column_1": "Attacking",
            "column_2": "Stamina",
            "correlation": 0.7256,
            "strength": "strong",
            "direction": "positive"
          },
          {
            "column_1": "Mentality",
            "column_2": "Vision",
            "correlation": 0.7256,
            "strength": "strong",
            "direction": "positive"
          },
          {
            "column_1": "Attacking",
            "column_2": "Composure",
            "correlation": 0.7253,
            "strength": "strong",
            "direction": "positive"
          },
          {
            "column_1": "Heading Accuracy",
            "column_2": "Mentality",
            "correlation": 0.7253,
            "strength": "strong",
            "direction": "positive"
          },
          {
            "column_1": "Skill",
            "column_2": "GK Handling",
            "correlation": -0.7253,
            "strength": "strong",
            "direction": "negative"
          },
          {
            "column_1": "Finishing",
            "column_2": "Shot Power",
            "correlation": 0.7239,
            "strength": "strong",
            "direction": "positive"
          },
          {
            "column_1": "Aggression",
            "column_2": "Sliding Tackle",
            "correlation": 0.7234,
            "strength": "strong",
            "direction": "positive"
          },
          {
            "column_1": "Dribbling",
            "column_2": "Vision",
            "correlation": 0.7229,
            "strength": "strong",
            "direction": "positive"
          },
          {
            "column_1": "Skill",
            "column_2": "GK Positioning",
            "correlation": -0.722,
            "strength": "strong",
            "direction": "negative"
          },
          {
            "column_1": "Agility",
            "column_2": "Positioning",
            "correlation": 0.7216,
            "strength": "strong",
            "direction": "positive"
          },
          {
            "column_1": "Shot Power",
            "column_2": "SHO",
            "correlation": 0.7211,
            "strength": "strong",
            "direction": "positive"
          },
          {
            "column_1": "Finishing",
            "column_2": "Power",
            "correlation": 0.721,
            "strength": "strong",
            "direction": "positive"
          },
          {
            "column_1": "Skill",
            "column_2": "GK Kicking",
            "correlation": -0.7209,
            "strength": "strong",
            "direction": "negative"
          },
          {
            "column_1": "Ball Control",
            "column_2": "Composure",
            "correlation": 0.7192,
            "strength": "strong",
            "direction": "positive"
          },
          {
            "column_1": "Crossing",
            "column_2": "Agility",
            "correlation": 0.7172,
            "strength": "strong",
            "direction": "positive"
          },
          {
            "column_1": "Acceleration",
            "column_2": "Balance",
            "correlation": 0.7161,
            "strength": "strong",
            "direction": "positive"
          },
          {
            "column_1": "Ball Control",
            "column_2": "Agility",
            "correlation": 0.714,
            "strength": "strong",
            "direction": "positive"
          },
          {
            "column_1": "Attacking",
            "column_2": "Vision",
            "correlation": 0.7134,
            "strength": "strong",
            "direction": "positive"
          },
          {
            "column_1": "FK Accuracy",
            "column_2": "Vision",
            "correlation": 0.7128,
            "strength": "strong",
            "direction": "positive"
          },
          {
            "column_1": "Finishing",
            "column_2": "FK Accuracy",
            "correlation": 0.7119,
            "strength": "strong",
            "direction": "positive"
          },
          {
            "column_1": "Heading Accuracy",
            "column_2": "Power",
            "correlation": 0.7112,
            "strength": "strong",
            "direction": "positive"
          },
          {
            "column_1": "Curve",
            "column_2": "Long Passing",
            "correlation": 0.7101,
            "strength": "strong",
            "direction": "positive"
          },
          {
            "column_1": "Heading Accuracy",
            "column_2": "Aggression",
            "correlation": 0.7093,
            "strength": "strong",
            "direction": "positive"
          },
          {
            "column_1": "Agility",
            "column_2": "Total Stats",
            "correlation": 0.7092,
            "strength": "strong",
            "direction": "positive"
          },
          {
            "column_1": "Power",
            "column_2": "Penalties",
            "correlation": 0.7091,
            "strength": "strong",
            "direction": "positive"
          },
          {
            "column_1": "Skill",
            "column_2": "Stamina",
            "correlation": 0.7085,
            "strength": "strong",
            "direction": "positive"
          },
          {
            "column_1": "Vision",
            "column_2": "PAS",
            "correlation": 0.7076,
            "strength": "strong",
            "direction": "positive"
          },
          {
            "column_1": "Curve",
            "column_2": "Power",
            "correlation": 0.7064,
            "strength": "strong",
            "direction": "positive"
          },
          {
            "column_1": "\u2193OVA",
            "column_2": "Composure",
            "correlation": 0.703,
            "strength": "strong",
            "direction": "positive"
          },
          {
            "column_1": "Stamina",
            "column_2": "Goalkeeping",
            "correlation": -0.7022,
            "strength": "strong",
            "direction": "negative"
          },
          {
            "column_1": "Finishing",
            "column_2": "Vision",
            "correlation": 0.7021,
            "strength": "strong",
            "direction": "positive"
          },
          {
            "column_1": "Movement",
            "column_2": "PAC",
            "correlation": 0.7017,
            "strength": "strong",
            "direction": "positive"
          },
          {
            "column_1": "FK Accuracy",
            "column_2": "Long Passing",
            "correlation": 0.7015,
            "strength": "strong",
            "direction": "positive"
          },
          {
            "column_1": "Curve",
            "column_2": "Agility",
            "correlation": 0.7008,
            "strength": "strong",
            "direction": "positive"
          },
          {
            "column_1": "Finishing",
            "column_2": "Mentality",
            "correlation": 0.7006,
            "strength": "strong",
            "direction": "positive"
          },
          {
            "column_1": "Short Passing",
            "column_2": "Volleys",
            "correlation": 0.7004,
            "strength": "strong",
            "direction": "positive"
          },
          {
            "column_1": "Ball Control",
            "column_2": "Vision",
            "correlation": 0.7004,
            "strength": "strong",
            "direction": "positive"
          }
        ],
        "columns": [
          "Age",
          "\u2193OVA",
          "POT",
          "ID",
          "BOV",
          "Growth",
          "Attacking",
          "Crossing",
          "Finishing",
          "Heading Accuracy",
          "Short Passing",
          "Volleys",
          "Skill",
          "Dribbling",
          "Curve",
          "FK Accuracy",
          "Long Passing",
          "Ball Control",
          "Movement",
          "Acceleration",
          "Sprint Speed",
          "Agility",
          "Reactions",
          "Balance",
          "Power",
          "Shot Power",
          "Jumping",
          "Stamina",
          "Strength",
          "Long Shots",
          "Mentality",
          "Aggression",
          "Interceptions",
          "Positioning",
          "Vision",
          "Penalties",
          "Composure",
          "Defending",
          "Marking",
          "Standing Tackle",
          "Sliding Tackle",
          "Goalkeeping",
          "GK Diving",
          "GK Handling",
          "GK Kicking",
          "GK Positioning",
          "GK Reflexes",
          "Total Stats",
          "Base Stats",
          "PAC",
          "SHO",
          "PAS",
          "DRI",
          "DEF",
          "PHY"
        ],
        "correlation_count": 281,
        "threshold": 0.7
      },
      "errors": [],
      "warnings": [],
      "quality_score": 1.0,
      "metadata": {},
      "timestamp": "2025-12-09T06:53:17.031221",
      "execution_time_ms": 105
    },
    "QualityAssessor": {
      "worker": "QualityAssessor",
      "task_type": "quality_assessment",
      "success": true,
      "data": {
        "overall_quality_score": 98.77,
        "quality_rating": "Excellent",
        "total_cells": 1461383,
        "null_cells": "17966",
        "null_percentage": 1.23,
        "total_rows": 18979,
        "total_columns": 77,
        "duplicate_rows": 1,
        "duplicate_percentage": 0.01,
        "complete_rows": 18978,
        "column_quality": {
          "photoUrl": {
            "null_count": 0,
            "null_percentage": 0.0,
            "completeness": 100.0
          },
          "LongName": {
            "null_count": 0,
            "null_percentage": 0.0,
            "completeness": 100.0
          },
          "playerUrl": {
            "null_count": 0,
            "null_percentage": 0.0,
            "completeness": 100.0
          },
          "Nationality": {
            "null_count": 0,
            "null_percentage": 0.0,
            "completeness": 100.0
          },
          "Positions": {
            "null_count": 0,
            "null_percentage": 0.0,
            "completeness": 100.0
          },
          "Name": {
            "null_count": 0,
            "null_percentage": 0.0,
            "completeness": 100.0
          },
          "Age": {
            "null_count": 0,
            "null_percentage": 0.0,
            "completeness": 100.0
          },
          "\u2193OVA": {
            "null_count": 0,
            "null_percentage": 0.0,
            "completeness": 100.0
          },
          "POT": {
            "null_count": 0,
            "null_percentage": 0.0,
            "completeness": 100.0
          },
          "Team & Contract": {
            "null_count": 0,
            "null_percentage": 0.0,
            "completeness": 100.0
          },
          "ID": {
            "null_count": 0,
            "null_percentage": 0.0,
            "completeness": 100.0
          },
          "Height": {
            "null_count": 0,
            "null_percentage": 0.0,
            "completeness": 100.0
          },
          "Weight": {
            "null_count": 0,
            "null_percentage": 0.0,
            "completeness": 100.0
          },
          "foot": {
            "null_count": 0,
            "null_percentage": 0.0,
            "completeness": 100.0
          },
          "BOV": {
            "null_count": 0,
            "null_percentage": 0.0,
            "completeness": 100.0
          },
          "BP": {
            "null_count": 0,
            "null_percentage": 0.0,
            "completeness": 100.0
          },
          "Growth": {
            "null_count": 0,
            "null_percentage": 0.0,
            "completeness": 100.0
          },
          "Joined": {
            "null_count": 0,
            "null_percentage": 0.0,
            "completeness": 100.0
          },
          "Loan Date End": {
            "null_count": 17966,
            "null_percentage": 94.66,
            "completeness": 5.34
          },
          "Value": {
            "null_count": 0,
            "null_percentage": 0.0,
            "completeness": 100.0
          },
          "Wage": {
            "null_count": 0,
            "null_percentage": 0.0,
            "completeness": 100.0
          },
          "Release Clause": {
            "null_count": 0,
            "null_percentage": 0.0,
            "completeness": 100.0
          },
          "Attacking": {
            "null_count": 0,
            "null_percentage": 0.0,
            "completeness": 100.0
          },
          "Crossing": {
            "null_count": 0,
            "null_percentage": 0.0,
            "completeness": 100.0
          },
          "Finishing": {
            "null_count": 0,
            "null_percentage": 0.0,
            "completeness": 100.0
          },
          "Heading Accuracy": {
            "null_count": 0,
            "null_percentage": 0.0,
            "completeness": 100.0
          },
          "Short Passing": {
            "null_count": 0,
            "null_percentage": 0.0,
            "completeness": 100.0
          },
          "Volleys": {
            "null_count": 0,
            "null_percentage": 0.0,
            "completeness": 100.0
          },
          "Skill": {
            "null_count": 0,
            "null_percentage": 0.0,
            "completeness": 100.0
          },
          "Dribbling": {
            "null_count": 0,
            "null_percentage": 0.0,
            "completeness": 100.0
          },
          "Curve": {
            "null_count": 0,
            "null_percentage": 0.0,
            "completeness": 100.0
          },
          "FK Accuracy": {
            "null_count": 0,
            "null_percentage": 0.0,
            "completeness": 100.0
          },
          "Long Passing": {
            "null_count": 0,
            "null_percentage": 0.0,
            "completeness": 100.0
          },
          "Ball Control": {
            "null_count": 0,
            "null_percentage": 0.0,
            "completeness": 100.0
          },
          "Movement": {
            "null_count": 0,
            "null_percentage": 0.0,
            "completeness": 100.0
          },
          "Acceleration": {
            "null_count": 0,
            "null_percentage": 0.0,
            "completeness": 100.0
          },
          "Sprint Speed": {
            "null_count": 0,
            "null_percentage": 0.0,
            "completeness": 100.0
          },
          "Agility": {
            "null_count": 0,
            "null_percentage": 0.0,
            "completeness": 100.0
          },
          "Reactions": {
            "null_count": 0,
            "null_percentage": 0.0,
            "completeness": 100.0
          },
          "Balance": {
            "null_count": 0,
            "null_percentage": 0.0,
            "completeness": 100.0
          },
          "Power": {
            "null_count": 0,
            "null_percentage": 0.0,
            "completeness": 100.0
          },
          "Shot Power": {
            "null_count": 0,
            "null_percentage": 0.0,
            "completeness": 100.0
          },
          "Jumping": {
            "null_count": 0,
            "null_percentage": 0.0,
            "completeness": 100.0
          },
          "Stamina": {
            "null_count": 0,
            "null_percentage": 0.0,
            "completeness": 100.0
          },
          "Strength": {
            "null_count": 0,
            "null_percentage": 0.0,
            "completeness": 100.0
          },
          "Long Shots": {
            "null_count": 0,
            "null_percentage": 0.0,
            "completeness": 100.0
          },
          "Mentality": {
            "null_count": 0,
            "null_percentage": 0.0,
            "completeness": 100.0
          },
          "Aggression": {
            "null_count": 0,
            "null_percentage": 0.0,
            "completeness": 100.0
          },
          "Interceptions": {
            "null_count": 0,
            "null_percentage": 0.0,
            "completeness": 100.0
          },
          "Positioning": {
            "null_count": 0,
            "null_percentage": 0.0,
            "completeness": 100.0
          },
          "Vision": {
            "null_count": 0,
            "null_percentage": 0.0,
            "completeness": 100.0
          },
          "Penalties": {
            "null_count": 0,
            "null_percentage": 0.0,
            "completeness": 100.0
          },
          "Composure": {
            "null_count": 0,
            "null_percentage": 0.0,
            "completeness": 100.0
          },
          "Defending": {
            "null_count": 0,
            "null_percentage": 0.0,
            "completeness": 100.0
          },
          "Marking": {
            "null_count": 0,
            "null_percentage": 0.0,
            "completeness": 100.0
          },
          "Standing Tackle": {
            "null_count": 0,
            "null_percentage": 0.0,
            "completeness": 100.0
          },
          "Sliding Tackle": {
            "null_count": 0,
            "null_percentage": 0.0,
            "completeness": 100.0
          },
          "Goalkeeping": {
            "null_count": 0,
            "null_percentage": 0.0,
            "completeness": 100.0
          },
          "GK Diving": {
            "null_count": 0,
            "null_percentage": 0.0,
            "completeness": 100.0
          },
          "GK Handling": {
            "null_count": 0,
            "null_percentage": 0.0,
            "completeness": 100.0
          },
          "GK Kicking": {
            "null_count": 0,
            "null_percentage": 0.0,
            "completeness": 100.0
          },
          "GK Positioning": {
            "null_count": 0,
            "null_percentage": 0.0,
            "completeness": 100.0
          },
          "GK Reflexes": {
            "null_count": 0,
            "null_percentage": 0.0,
            "completeness": 100.0
          },
          "Total Stats": {
            "null_count": 0,
            "null_percentage": 0.0,
            "completeness": 100.0
          },
          "Base Stats": {
            "null_count": 0,
            "null_percentage": 0.0,
            "completeness": 100.0
          },
          "W/F": {
            "null_count": 0,
            "null_percentage": 0.0,
            "completeness": 100.0
          },
          "SM": {
            "null_count": 0,
            "null_percentage": 0.0,
            "completeness": 100.0
          },
          "A/W": {
            "null_count": 0,
            "null_percentage": 0.0,
            "completeness": 100.0
          },
          "D/W": {
            "null_count": 0,
            "null_percentage": 0.0,
            "completeness": 100.0
          },
          "IR": {
            "null_count": 0,
            "null_percentage": 0.0,
            "completeness": 100.0
          },
          "PAC": {
            "null_count": 0,
            "null_percentage": 0.0,
            "completeness": 100.0
          },
          "SHO": {
            "null_count": 0,
            "null_percentage": 0.0,
            "completeness": 100.0
          },
          "PAS": {
            "null_count": 0,
            "null_percentage": 0.0,
            "completeness": 100.0
          },
          "DRI": {
            "null_count": 0,
            "null_percentage": 0.0,
            "completeness": 100.0
          },
          "DEF": {
            "null_count": 0,
            "null_percentage": 0.0,
            "completeness": 100.0
          },
          "PHY": {
            "null_count": 0,
            "null_percentage": 0.0,
            "completeness": 100.0
          },
          "Hits": {
            "null_count": 0,
            "null_percentage": 0.0,
            "completeness": 100.0
          }
        },
        "problematic_columns": [
          {
            "column": "Loan Date End",
            "null_percentage": 94.66,
            "issue": "High null percentage"
          }
        ]
      },
      "errors": [],
      "warnings": [
        "Found 1 columns with high null percentage"
      ],
      "quality_score": 0.988,
      "metadata": {},
      "timestamp": "2025-12-09T06:53:17.136999",
      "execution_time_ms": 63
    }
  },
  "quality_validation": {
    "total_workers": 4,
    "successful_workers": 4,
    "failed_workers": 0,
    "worker_details": [
      {
        "worker": "NumericAnalyzer",
        "success": true,
        "quality_score": 1,
        "error_count": 0,
        "has_critical_errors": false
      },
      {
        "worker": "CategoricalAnalyzer",
        "success": true,
        "quality_score": 1,
        "error_count": 0,
        "has_critical_errors": false
      },
      {
        "worker": "CorrelationAnalyzer",
        "success": true,
        "quality_score": 1.0,
        "error_count": 0,
        "has_critical_errors": false
      },
      {
        "worker": "QualityAssessor",
        "success": true,
        "quality_score": 0.988,
        "error_count": 0,
        "has_critical_errors": false
      }
    ],
    "error_summary": {}
  },
  "overall_quality_score": 0.997,
  "summary": {
    "numeric_columns": [
      "Age",
      "\u2193OVA",
      "POT",
      "ID",
      "BOV",
      "Growth",
      "Attacking",
      "Crossing",
      "Finishing",
      "Heading Accuracy",
      "Short Passing",
      "Volleys",
      "Skill",
      "Dribbling",
      "Curve",
      "FK Accuracy",
      "Long Passing",
      "Ball Control",
      "Movement",
      "Acceleration",
      "Sprint Speed",
      "Agility",
      "Reactions",
      "Balance",
      "Power",
      "Shot Power",
      "Jumping",
      "Stamina",
      "Strength",
      "Long Shots",
      "Mentality",
      "Aggression",
      "Interceptions",
      "Positioning",
      "Vision",
      "Penalties",
      "Composure",
      "Defending",
      "Marking",
      "Standing Tackle",
      "Sliding Tackle",
      "Goalkeeping",
      "GK Diving",
      "GK Handling",
      "GK Kicking",
      "GK Positioning",
      "GK Reflexes",
      "Total Stats",
      "Base Stats",
      "PAC",
      "SHO",
      "PAS",
      "DRI",
      "DEF",
      "PHY"
    ],
    "numeric_stats": {
      "Age": {
        "count": 18979,
        "mean": 25.19458348701196,
        "median": 25.0,
        "std": 4.71075259023509,
        "var": 22.191189966406615,
        "min": 16.0,
        "max": 53.0,
        "q25": 21.0,
        "q50": 25.0,
        "q75": 29.0,
        "iqr": 8.0,
        "range": 37.0,
        "skewness": 0.4042036254495867,
        "kurtosis": -0.4275258369612449
      },
      "\u2193OVA": {
        "count": 18979,
        "mean": 65.71863638758629,
        "median": 66.0,
        "std": 6.968998988533957,
        "var": 48.56694690218731,
        "min": 47.0,
        "max": 93.0,
        "q25": 61.0,
        "q50": 66.0,
        "q75": 70.0,
        "iqr": 9.0,
        "range": 46.0,
        "skewness": 0.09512241139254218,
        "kurtosis": 0.012258062925774471
      },
      "POT": {
        "count": 18979,
        "mean": 71.13609779229675,
        "median": 71.0,
        "std": 6.114176317324753,
        "var": 37.38315203933488,
        "min": 47.0,
        "max": 95.0,
        "q25": 67.0,
        "q50": 71.0,
        "q75": 75.0,
        "iqr": 8.0,
        "range": 48.0,
        "skewness": 0.19916219523112877,
        "kurtosis": 0.07937480832391541
      },
      "ID": {
        "count": 18979,
        "mean": 226404.79024184626,
        "median": 232424.0,
        "std": 27141.67334866169,
        "var": 736670432.1654524,
        "min": 41.0,
        "max": 259216.0,
        "q25": 210135.0,
        "q50": 232424.0,
        "q75": 246925.5,
        "iqr": 36790.5,
        "range": 259175.0,
        "skewness": -1.569377138189067,
        "kurtosis": 5.833501165643778
      },
      "BOV": {
        "count": 18979,
        "mean": 66.75162021181306,
        "median": 67.0,
        "std": 6.7470173801626,
        "var": 45.52224352821619,
        "min": 48.0,
        "max": 93.0,
        "q25": 62.0,
        "q50": 67.0,
        "q75": 71.0,
        "iqr": 9.0,
        "range": 45.0,
        "skewness": 0.11930567193709145,
        "kurtosis": 0.05447882934541992
      },
      "Growth": {
        "count": 18979,
        "mean": 5.41746140471047,
        "median": 4.0,
        "std": 5.6639544566467,
        "var": 32.08038008696802,
        "min": 0.0,
        "max": 26.0,
        "q25": 0.0,
        "q50": 4.0,
        "q75": 9.0,
        "iqr": 9.0,
        "range": 26.0,
        "skewness": 0.8273044347695576,
        "kurtosis": -0.28687569094481935
      },
      "Attacking": {
        "count": 18979,
        "mean": 248.93861636545657,
        "median": 263.0,
        "std": 74.29976393542036,
        "var": 5520.4549208591925,
        "min": 42.0,
        "max": 437.0,
        "q25": 222.0,
        "q50": 263.0,
        "q75": 297.0,
        "iqr": 75.0,
        "range": 395.0,
        "skewness": -1.0598395234509452,
        "kurtosis": 0.79452222124754
      },
      "Crossing": {
        "count": 18979,
        "mean": 49.688550503187734,
        "median": 54.0,
        "std": 18.131334346197125,
        "var": 328.7452851735875,
        "min": 6.0,
        "max": 94.0,
        "q25": 38.0,
        "q50": 54.0,
        "q75": 63.0,
        "iqr": 25.0,
        "range": 88.0,
        "skewness": -0.6176174102581636,
        "kurtosis": -0.46254539418567253
      },
      "Finishing": {
        "count": 18979,
        "mean": 45.84293166130987,
        "median": 49.0,
        "std": 19.566977881648654,
        "var": 382.8666234209277,
        "min": 3.0,
        "max": 95.0,
        "q25": 30.0,
        "q50": 49.0,
        "q75": 62.0,
        "iqr": 32.0,
        "range": 92.0,
        "skewness": -0.3437178108741985,
        "kurtosis": -0.8966283192004965
      },
      "Heading Accuracy": {
        "count": 18979,
        "mean": 51.9418831339902,
        "median": 55.0,
        "std": 17.293625880822347,
        "var": 299.0694961058485,
        "min": 5.0,
        "max": 93.0,
        "q25": 44.0,
        "q50": 55.0,
        "q75": 64.0,
        "iqr": 20.0,
        "range": 88.0,
        "skewness": -0.8681321258499143,
        "kurtosis": 0.2939650548846484
      },
      "Short Passing": {
        "count": 18979,
        "mean": 58.76800674429633,
        "median": 62.0,
        "std": 14.518995108971762,
        "var": 210.80121897434591,
        "min": 7.0,
        "max": 94.0,
        "q25": 54.0,
        "q50": 62.0,
        "q75": 68.0,
        "iqr": 14.0,
        "range": 87.0,
        "skewness": -1.1574471184322597,
        "kurtosis": 1.0149826076736712
      },
      "Volleys": {
        "count": 18979,
        "mean": 42.697244322672425,
        "median": 44.0,
        "std": 17.647116391325085,
        "var": 311.42071692897446,
        "min": 3.0,
        "max": 90.0,
        "q25": 30.0,
        "q50": 44.0,
        "q75": 56.0,
        "iqr": 26.0,
        "range": 87.0,
        "skewness": -0.16831320896880086,
        "kurtosis": -0.6547528372288185
      },
      "Skill": {
        "count": 18979,
        "mean": 256.4818483587123,
        "median": 269.0,
        "std": 78.6528965625111,
        "var": 6186.278137673072,
        "min": 40.0,
        "max": 470.0,
        "q25": 222.0,
        "q50": 269.0,
        "q75": 310.0,
        "iqr": 88.0,
        "range": 430.0,
        "skewness": -0.8009578035521177,
        "kurtosis": 0.22392318441482617
      },
      "Dribbling": {
        "count": 18979,
        "mean": 55.58791295642552,
        "median": 61.0,
        "std": 18.761660325180607,
        "var": 351.99989815745613,
        "min": 5.0,
        "max": 96.0,
        "q25": 49.0,
        "q50": 61.0,
        "q75": 68.0,
        "iqr": 19.0,
        "range": 91.0,
        "skewness": -1.1351615109475222,
        "kurtosis": 0.5158793752909476
      },
      "Curve": {
        "count": 18979,
        "mean": 47.24811633911165,
        "median": 49.0,
        "std": 18.208857004178654,
        "var": 331.56247339862597,
        "min": 4.0,
        "max": 94.0,
        "q25": 35.0,
        "q50": 49.0,
        "q75": 61.0,
        "iqr": 26.0,
        "range": 90.0,
        "skewness": -0.26121833060534966,
        "kurtosis": -0.6641962267752146
      },
      "FK Accuracy": {
        "count": 18979,
        "mean": 42.392012224037096,
        "median": 41.0,
        "std": 17.228069460460407,
        "var": 296.80637733444854,
        "min": 5.0,
        "max": 94.0,
        "q25": 31.0,
        "q50": 41.0,
        "q75": 55.0,
        "iqr": 24.0,
        "range": 89.0,
        "skewness": 0.11748126011031026,
        "kurtosis": -0.6451688945026395
      },
      "Long Passing": {
        "count": 18979,
        "mean": 52.725011855208386,
        "median": 56.0,
        "std": 15.177694523483419,
        "var": 230.36241104817856,
        "min": 5.0,
        "max": 93.0,
        "q25": 43.0,
        "q50": 56.0,
        "q75": 64.0,
        "iqr": 21.0,
        "range": 88.0,
        "skewness": -0.5910697583622896,
        "kurtosis": -0.32838870179201907
      },
      "Ball Control": {
        "count": 18979,
        "mean": 58.52879498392961,
        "median": 63.0,
        "std": 16.566285887083918,
        "var": 274.4418280925958,
        "min": 5.0,
        "max": 96.0,
        "q25": 54.0,
        "q50": 63.0,
        "q75": 69.0,
        "iqr": 15.0,
        "range": 91.0,
        "skewness": -1.3417595733615018,
        "kurtosis": 1.2787803412199548
      },
      "Movement": {
        "count": 18979,
        "mean": 317.7210074292639,
        "median": 327.0,
        "std": 55.88142232879353,
        "var": 3122.733361488985,
        "min": 122.0,
        "max": 464.0,
        "q25": 289.0,
        "q50": 327.0,
        "q75": 356.0,
        "iqr": 67.0,
        "range": 342.0,
        "skewness": -0.7944618317296908,
        "kurtosis": 0.5868532760388998
      },
      "Acceleration": {
        "count": 18979,
        "mean": 64.35792191369408,
        "median": 67.0,
        "std": 14.890207730228477,
        "var": 221.71828624935588,
        "min": 13.0,
        "max": 97.0,
        "q25": 57.0,
        "q50": 67.0,
        "q75": 74.0,
        "iqr": 17.0,
        "range": 84.0,
        "skewness": -0.8626641452814005,
        "kurtosis": 0.6335984278396136
      },
      "Sprint Speed": {
        "count": 18979,
        "mean": 64.41308815006059,
        "median": 67.0,
        "std": 14.63887383269106,
        "var": 214.29662708944701,
        "min": 12.0,
        "max": 96.0,
        "q25": 57.0,
        "q50": 67.0,
        "q75": 74.0,
        "iqr": 17.0,
        "range": 84.0,
        "skewness": -0.8804455091744651,
        "kurtosis": 0.7076275553491174
      },
      "Agility": {
        "count": 18979,
        "mean": 63.36761683966489,
        "median": 66.0,
        "std": 14.597144318774436,
        "var": 213.0766222631288,
        "min": 14.0,
        "max": 96.0,
        "q25": 55.0,
        "q50": 66.0,
        "q75": 74.0,
        "iqr": 19.0,
        "range": 82.0,
        "skewness": -0.62891337761555,
        "kurtosis": 0.01525744977517407
      },
      "Reactions": {
        "count": 18979,
        "mean": 61.655619368776016,
        "median": 62.0,
        "std": 9.072114010445553,
        "var": 82.30325261852249,
        "min": 24.0,
        "max": 95.0,
        "q25": 56.0,
        "q50": 62.0,
        "q75": 68.0,
        "iqr": 12.0,
        "range": 71.0,
        "skewness": -0.11215828439961273,
        "kurtosis": 0.19261822631529357
      },
      "Balance": {
        "count": 18979,
        "mean": 63.92676115706834,
        "median": 66.0,
        "std": 14.06270339698261,
        "var": 197.7596268315062,
        "min": 12.0,
        "max": 97.0,
        "q25": 56.0,
        "q50": 66.0,
        "q75": 74.0,
        "iqr": 18.0,
        "range": 85.0,
        "skewness": -0.6076798167015534,
        "kurtosis": 0.11002887363884328
      },
      "Power": {
        "count": 18979,
        "mean": 296.6066178407714,
        "median": 302.0,
        "std": 50.733368159315624,
        "var": 2573.87464478866,
        "min": 122.0,
        "max": 444.0,
        "q25": 264.0,
        "q50": 302.0,
        "q75": 334.0,
        "iqr": 70.0,
        "range": 322.0,
        "skewness": -0.45602910717897494,
        "kurtosis": -0.17550055460444947
      },
      "Shot Power": {
        "count": 18979,
        "mean": 57.80241319352969,
        "median": 59.0,
        "std": 13.30897972716968,
        "var": 177.1289413782135,
        "min": 18.0,
        "max": 95.0,
        "q25": 48.0,
        "q50": 59.0,
        "q75": 68.0,
        "iqr": 20.0,
        "range": 77.0,
        "skewness": -0.23233930648064455,
        "kurtosis": -0.5356763175023
      },
      "Jumping": {
        "count": 18979,
        "mean": 64.57700616470837,
        "median": 65.0,
        "std": 11.844591662167868,
        "var": 140.29435164349658,
        "min": 15.0,
        "max": 95.0,
        "q25": 58.0,
        "q50": 65.0,
        "q75": 73.0,
        "iqr": 15.0,
        "range": 80.0,
        "skewness": -0.4055514031114004,
        "kurtosis": 0.22427223055649614
      },
      "Stamina": {
        "count": 18979,
        "mean": 62.654723641920015,
        "median": 66.0,
        "std": 15.804985806792386,
        "var": 249.79757635290875,
        "min": 12.0,
        "max": 97.0,
        "q25": 55.0,
        "q50": 66.0,
        "q75": 73.0,
        "iqr": 18.0,
        "range": 85.0,
        "skewness": -0.9004937278293047,
        "kurtosis": 0.49452874413512093
      },
      "Strength": {
        "count": 18979,
        "mean": 64.78613204067653,
        "median": 66.0,
        "std": 12.488690025022875,
        "var": 155.96737854110583,
        "min": 16.0,
        "max": 97.0,
        "q25": 57.0,
        "q50": 66.0,
        "q75": 74.0,
        "iqr": 17.0,
        "range": 81.0,
        "skewness": -0.41855433306262296,
        "kurtosis": 0.008829234072545766
      },
      "Long Shots": {
        "count": 18979,
        "mean": 46.78634279993677,
        "median": 51.0,
        "std": 19.300861900574688,
        "var": 372.52327010505553,
        "min": 4.0,
        "max": 94.0,
        "q25": 32.0,
        "q50": 51.0,
        "q75": 62.0,
        "iqr": 30.0,
        "range": 90.0,
        "skewness": -0.4423304429906175,
        "kurtosis": -0.7831521305676832
      },
      "Mentality": {
        "count": 18979,
        "mean": 254.20037936666841,
        "median": 263.0,
        "std": 64.59622758859736,
        "var": 4172.672618677867,
        "min": 50.0,
        "max": 421.0,
        "q25": 227.5,
        "q50": 263.0,
        "q75": 297.0,
        "iqr": 69.5,
        "range": 371.0,
        "skewness": -0.938913983206278,
        "kurtosis": 0.7869908674684463
      },
      "Aggression": {
        "count": 18979,
        "mean": 55.59096896569893,
        "median": 58.0,
        "std": 17.140037572298493,
        "var": 293.78088797980405,
        "min": 9.0,
        "max": 96.0,
        "q25": 44.0,
        "q50": 58.0,
        "q75": 69.0,
        "iqr": 25.0,
        "range": 87.0,
        "skewness": -0.4258350923970428,
        "kurtosis": -0.5938754429941198
      },
      "Interceptions": {
        "count": 18979,
        "mean": 46.39406712682438,
        "median": 53.0,
        "std": 20.697516110530454,
        "var": 428.38717314566765,
        "min": 3.0,
        "max": 91.0,
        "q25": 25.0,
        "q50": 53.0,
        "q75": 64.0,
        "iqr": 39.0,
        "range": 88.0,
        "skewness": -0.29526460826105166,
        "kurtosis": -1.2532510980994456
      },
      "Positioning": {
        "count": 18979,
        "mean": 50.299857737499345,
        "median": 55.0,
        "std": 19.429171433254027,
        "var": 377.49270258277437,
        "min": 2.0,
        "max": 95.0,
        "q25": 40.0,
        "q50": 55.0,
        "q75": 64.0,
        "iqr": 24.0,
        "range": 93.0,
        "skewness": -0.7863959629345285,
        "kurtosis": -0.22860424269489776
      },
      "Vision": {
        "count": 18979,
        "mean": 53.85715791137573,
        "median": 55.0,
        "std": 13.708606833370283,
        "var": 187.9259013119264,
        "min": 9.0,
        "max": 95.0,
        "q25": 45.0,
        "q50": 55.0,
        "q75": 64.0,
        "iqr": 19.0,
        "range": 86.0,
        "skewness": -0.3430659024734638,
        "kurtosis": -0.3685362062752522
      },
      "Penalties": {
        "count": 18979,
        "mean": 48.05832762527004,
        "median": 49.0,
        "std": 15.655889732069197,
        "var": 245.10688330270972,
        "min": 6.0,
        "max": 92.0,
        "q25": 39.0,
        "q50": 49.0,
        "q75": 60.0,
        "iqr": 21.0,
        "range": 86.0,
        "skewness": -0.34136516043977355,
        "kurtosis": -0.258423542972805
      },
      "Composure": {
        "count": 18979,
        "mean": 58.07360767163707,
        "median": 59.0,
        "std": 12.079042402618235,
        "var": 145.9032653642493,
        "min": 12.0,
        "max": 96.0,
        "q25": 50.0,
        "q50": 59.0,
        "q75": 67.0,
        "iqr": 17.0,
        "range": 84.0,
        "skewness": -0.44092127082078436,
        "kurtosis": 0.2233726992726317
      },
      "Defending": {
        "count": 18979,
        "mean": 139.9086885505032,
        "median": 159.0,
        "std": 61.218624013333475,
        "var": 3747.71992608589,
        "min": 20.0,
        "max": 272.0,
        "q25": 83.0,
        "q50": 159.0,
        "q75": 191.0,
        "iqr": 108.0,
        "range": 252.0,
        "skewness": -0.3210218754364689,
        "kurtosis": -1.253243139895386
      },
      "Marking": {
        "count": 18979,
        "mean": 46.558828178513096,
        "median": 52.0,
        "std": 20.138812549662877,
        "var": 405.57177091045895,
        "min": 3.0,
        "max": 94.0,
        "q25": 29.0,
        "q50": 52.0,
        "q75": 63.0,
        "iqr": 34.0,
        "range": 91.0,
        "skewness": -0.35336639876491976,
        "kurtosis": -1.0925086399060824
      },
      "Standing Tackle": {
        "count": 18979,
        "mean": 47.70535855419148,
        "median": 55.0,
        "std": 21.367322245791044,
        "var": 456.5624599554768,
        "min": 5.0,
        "max": 93.0,
        "q25": 27.0,
        "q50": 55.0,
        "q75": 65.0,
        "iqr": 38.0,
        "range": 88.0,
        "skewness": -0.36818219634344734,
        "kurtosis": -1.2700837297129879
      },
      "Sliding Tackle": {
        "count": 18979,
        "mean": 45.64450181779862,
        "median": 52.0,
        "std": 20.922167380050357,
        "var": 437.7370878788433,
        "min": 4.0,
        "max": 90.0,
        "q25": 25.0,
        "q50": 52.0,
        "q75": 63.0,
        "iqr": 38.0,
        "range": 86.0,
        "skewness": -0.2979680983191419,
        "kurtosis": -1.3232909670632793
      },
      "Goalkeeping": {
        "count": 18979,
        "mean": 81.43669318720691,
        "median": 53.0,
        "std": 84.66557941450758,
        "var": 7168.26033759429,
        "min": 10.0,
        "max": 440.0,
        "q25": 48.0,
        "q50": 53.0,
        "q75": 59.0,
        "iqr": 11.0,
        "range": 430.0,
        "skewness": 2.5612427945418283,
        "kurtosis": 4.846421277322107
      },
      "GK Diving": {
        "count": 18979,
        "mean": 16.41619684914906,
        "median": 11.0,
        "std": 17.55422092873467,
        "var": 308.1506724148262,
        "min": 2.0,
        "max": 90.0,
        "q25": 8.0,
        "q50": 11.0,
        "q75": 14.0,
        "iqr": 6.0,
        "range": 88.0,
        "skewness": 2.471050052642962,
        "kurtosis": 4.591091798211497
      },
      "GK Handling": {
        "count": 18979,
        "mean": 16.207123662995944,
        "median": 11.0,
        "std": 16.81630495641104,
        "var": 282.7881123870146,
        "min": 2.0,
        "max": 92.0,
        "q25": 8.0,
        "q50": 11.0,
        "q75": 14.0,
        "iqr": 6.0,
        "range": 90.0,
        "skewness": 2.46189166036411,
        "kurtosis": 4.5669493510247765
      },
      "GK Kicking": {
        "count": 18979,
        "mean": 16.07655830128036,
        "median": 11.0,
        "std": 16.491064207400445,
        "var": 271.95519869260403,
        "min": 2.0,
        "max": 93.0,
        "q25": 8.0,
        "q50": 11.0,
        "q75": 14.0,
        "iqr": 6.0,
        "range": 91.0,
        "skewness": 2.4627243703066752,
        "kurtosis": 4.614988335566301
      },
      "GK Positioning": {
        "count": 18979,
        "mean": 16.217608936192633,
        "median": 11.0,
        "std": 17.002134342304743,
        "var": 289.0725721937783,
        "min": 2.0,
        "max": 91.0,
        "q25": 8.0,
        "q50": 11.0,
        "q75": 14.0,
        "iqr": 6.0,
        "range": 89.0,
        "skewness": 2.491693717380941,
        "kurtosis": 4.763610647682104
      },
      "GK Reflexes": {
        "count": 18979,
        "mean": 16.519205437588916,
        "median": 11.0,
        "std": 17.85418531524333,
        "var": 318.77193327105067,
        "min": 2.0,
        "max": 90.0,
        "q25": 8.0,
        "q50": 11.0,
        "q75": 14.0,
        "iqr": 6.0,
        "range": 88.0,
        "skewness": 2.4844953143605495,
        "kurtosis": 4.664693722426858
      },
      "Total Stats": {
        "count": 18979,
        "mean": 1595.2938510985825,
        "median": 1627.0,
        "std": 269.88354164494353,
        "var": 72837.12605081797,
        "min": 747.0,
        "max": 2316.0,
        "q25": 1452.0,
        "q50": 1627.0,
        "q75": 1781.0,
        "iqr": 329.0,
        "range": 1569.0,
        "skewness": -0.6465625658046046,
        "kurtosis": 0.3374691602548334
      },
      "Base Stats": {
        "count": 18979,
        "mean": 355.7030402023289,
        "median": 356.0,
        "std": 40.76228180055369,
        "var": 1661.5636175877505,
        "min": 232.0,
        "max": 498.0,
        "q25": 327.0,
        "q50": 356.0,
        "q75": 384.0,
        "iqr": 57.0,
        "range": 266.0,
        "skewness": 0.035601179684846336,
        "kurtosis": -0.3065185537528001
      },
      "PAC": {
        "count": 18979,
        "mean": 67.45423889562147,
        "median": 68.0,
        "std": 10.67805784308584,
        "var": 114.02091930028702,
        "min": 25.0,
        "max": 96.0,
        "q25": 61.0,
        "q50": 68.0,
        "q75": 75.0,
        "iqr": 14.0,
        "range": 71.0,
        "skewness": -0.4544150412915721,
        "kurtosis": 0.6740170436420172
      },
      "SHO": {
        "count": 18979,
        "mean": 53.457716423415356,
        "median": 56.0,
        "std": 13.827229138406587,
        "var": 191.19226564600018,
        "min": 16.0,
        "max": 93.0,
        "q25": 44.0,
        "q50": 56.0,
        "q75": 64.0,
        "iqr": 20.0,
        "range": 77.0,
        "skewness": -0.3775230718013942,
        "kurtosis": -0.6494046584449005
      },
      "PAS": {
        "count": 18979,
        "mean": 57.68106854944939,
        "median": 58.0,
        "std": 10.081913711351595,
        "var": 101.64498408313928,
        "min": 25.0,
        "max": 93.0,
        "q25": 51.0,
        "q50": 58.0,
        "q75": 64.0,
        "iqr": 13.0,
        "range": 68.0,
        "skewness": -0.21645372343625746,
        "kurtosis": -0.0296963301534503
      },
      "DRI": {
        "count": 18979,
        "mean": 62.875493967016176,
        "median": 64.0,
        "std": 9.927874557859445,
        "var": 98.56269323659286,
        "min": 25.0,
        "max": 95.0,
        "q25": 57.0,
        "q50": 64.0,
        "q75": 69.0,
        "iqr": 12.0,
        "range": 70.0,
        "skewness": -0.5121082806780715,
        "kurtosis": 0.45772346620266235
      },
      "DEF": {
        "count": 18979,
        "mean": 49.865904420675484,
        "median": 53.0,
        "std": 16.442729509185074,
        "var": 270.36335371222566,
        "min": 12.0,
        "max": 91.0,
        "q25": 35.0,
        "q50": 53.0,
        "q75": 63.0,
        "iqr": 28.0,
        "range": 79.0,
        "skewness": -0.22211311185780064,
        "kurtosis": -1.1198244649113915
      },
      "PHY": {
        "count": 18979,
        "mean": 64.368617946151,
        "median": 65.0,
        "std": 9.60166480115684,
        "var": 92.19196695377423,
        "min": 28.0,
        "max": 91.0,
        "q25": 58.0,
        "q50": 65.0,
        "q75": 71.0,
        "iqr": 13.0,
        "range": 63.0,
        "skewness": -0.41024814905978535,
        "kurtosis": -0.14153961591232944
      }
    },
    "categorical_columns": [
      "photoUrl",
      "LongName",
      "playerUrl",
      "Nationality",
      "Positions",
      "Name",
      "Team & Contract",
      "Height",
      "Weight",
      "foot",
      "BP",
      "Joined",
      "Loan Date End",
      "Value",
      "Wage",
      "Release Clause",
      "W/F",
      "SM",
      "A/W",
      "D/W",
      "IR",
      "Hits"
    ],
    "categorical_stats": {
      "photoUrl": {
        "count": 18979,
        "unique_values": 18978,
        "null_count": 0,
        "null_percentage": 0.0,
        "most_common": "https://cdn.sofifa.com/players/251/698/21_60.png",
        "most_common_count": 2,
        "most_common_percentage": 0.01,
        "least_common": "https://cdn.sofifa.com/players/255/958/21_60.png",
        "least_common_count": 1,
        "top_10_values": {
          "https://cdn.sofifa.com/players/251/698/21_60.png": 2,
          "https://cdn.sofifa.com/players/243/876/21_60.png": 1,
          "https://cdn.sofifa.com/players/173/734/21_60.png": 1,
          "https://cdn.sofifa.com/players/232/102/21_60.png": 1,
          "https://cdn.sofifa.com/players/193/957/21_60.png": 1,
          "https://cdn.sofifa.com/players/191/909/21_60.png": 1,
          "https://cdn.sofifa.com/players/256/421/21_60.png": 1,
          "https://cdn.sofifa.com/players/257/956/21_60.png": 1,
          "https://cdn.sofifa.com/players/252/580/21_60.png": 1,
          "https://cdn.sofifa.com/players/158/023/21_60.png": 1
        }
      },
      "LongName": {
        "count": 18979,
        "unique_values": 18851,
        "null_count": 0,
        "null_percentage": 0.0,
        "most_common": "Liam Kelly",
        "most_common_count": 3,
        "most_common_percentage": 0.02,
        "least_common": "Mateo Flores",
        "least_common_count": 1,
        "top_10_values": {
          "Liam Kelly": 3,
          "Danny Rose": 3,
          "Nicol\u00e1s Gonz\u00e1lez": 3,
          "Peng Wang": 3,
          "Adama Traor\u00e9": 3,
          "Diego Rodr\u00edguez": 3,
          "James Clarke": 2,
          "Enzo D\u00edaz": 2,
          "Joe Riley": 2,
          "Tommy Smith": 2
        }
      },
      "playerUrl": {
        "count": 18979,
        "unique_values": 18978,
        "null_count": 0,
        "null_percentage": 0.0,
        "most_common": "http://sofifa.com/player/251698/kevin-berlaso/210005/",
        "most_common_count": 2,
        "most_common_percentage": 0.01,
        "least_common": "http://sofifa.com/player/255958/mateo-flores/210005/",
        "least_common_count": 1,
        "top_10_values": {
          "http://sofifa.com/player/251698/kevin-berlaso/210005/": 2,
          "http://sofifa.com/player/243876/mads-frokjaer-jensen/210005/": 1,
          "http://sofifa.com/player/173734/james-wilson/210005/": 1,
          "http://sofifa.com/player/232102/conor-masterson/210005/": 1,
          "http://sofifa.com/player/193957/cristian-montano/210005/": 1,
          "http://sofifa.com/player/191909/hyun-sung-kim/210005/": 1,
          "http://sofifa.com/player/256421/alan-forrest/210005/": 1,
          "http://sofifa.com/player/257956/juergen-farid-elitim/210005/": 1,
          "http://sofifa.com/player/252580/paul-omo-mukairu/210005/": 1,
          "http://sofifa.com/player/158023/lionel-messi/210005/": 1
        }
      },
      "Nationality": {
        "count": 18979,
        "unique_values": 164,
        "null_count": 0,
        "null_percentage": 0.0,
        "most_common": "England",
        "most_common_count": 1704,
        "most_common_percentage": 8.98,
        "least_common": "Indonesia",
        "least_common_count": 1,
        "top_10_values": {
          "England": 1704,
          "Germany": 1195,
          "Spain": 1065,
          "France": 1003,
          "Argentina": 943,
          "Brazil": 887,
          "Japan": 485,
          "Netherlands": 438,
          "Italy": 387,
          "Sweden": 380
        }
      },
      "Positions": {
        "count": 18979,
        "unique_values": 640,
        "null_count": 0,
        "null_percentage": 0.0,
        "most_common": "CB",
        "most_common_count": 2441,
        "most_common_percentage": 12.86,
        "least_common": "LB LWB LW",
        "least_common_count": 1,
        "top_10_values": {
          "CB": 2441,
          "GK": 2074,
          "ST": 1864,
          "CDM CM": 842,
          "CM": 795,
          "LB": 743,
          "CM CDM": 689,
          "RB": 655,
          "CDM": 329,
          "RM": 262
        }
      },
      "Name": {
        "count": 18979,
        "unique_values": 17919,
        "null_count": 0,
        "null_percentage": 0.0,
        "most_common": "J. Rodr\u00edguez",
        "most_common_count": 13,
        "most_common_percentage": 0.07,
        "least_common": "M. Flores",
        "least_common_count": 1,
        "top_10_values": {
          "J. Rodr\u00edguez": 13,
          "Paulinho": 8,
          "J. Garc\u00eda": 7,
          "J. Gonz\u00e1lez": 7,
          "M. Smith": 7,
          "R. Fern\u00e1ndez": 7,
          "J. Jones": 7,
          "A. Gonz\u00e1lez": 7,
          "A. Traor\u00e9": 6,
          "J. Williams": 6
        }
      },
      "Team & Contract": {
        "count": 18979,
        "unique_values": 9023,
        "null_count": 0,
        "null_percentage": 0.0,
        "most_common": "\n India\nFree\n\n",
        "most_common_count": 29,
        "most_common_percentage": 0.15,
        "least_common": "\n\n\n\nWuhan Zall\n2018 ~ 2022\n\n",
        "least_common_count": 1,
        "top_10_values": {
          "\n India\nFree\n\n": 29,
          "\n Ecuador\nFree\n\n": 24,
          "\n Uruguay\nFree\n\n": 23,
          "\n\n\n\nGoi\u00e1s\n2019 ~ 2023\n\n": 20,
          "\n\n\n\nVasco da Gama\n2019 ~ 2023\n\n": 20,
          "\n\n\n\nFortaleza\n2019 ~ 2023\n\n": 20,
          "\n\n\n\nCear\u00e1 Sporting Club\n2019 ~ 2023\n\n": 20,
          "\n\n\n\nFlamengo\n2019 ~ 2023\n\n": 20,
          "\n\n\n\nBahia\n2019 ~ 2023\n\n": 20,
          "\n\n\n\nS\u00e3o Paulo\n2019 ~ 2023\n\n": 20
        }
      },
      "Height": {
        "count": 18979,
        "unique_values": 21,
        "null_count": 0,
        "null_percentage": 0.0,
        "most_common": "6'0\"",
        "most_common_count": 2859,
        "most_common_percentage": 15.06,
        "least_common": "6'9\"",
        "least_common_count": 1,
        "top_10_values": {
          "6'0\"": 2859,
          "5'10\"": 2654,
          "5'9\"": 2304,
          "5'11\"": 2188,
          "6'2\"": 2108,
          "6'1\"": 2001,
          "5'8\"": 1069,
          "6'3\"": 1049,
          "5'7\"": 953,
          "6'4\"": 797
        }
      },
      "Weight": {
        "count": 18979,
        "unique_values": 56,
        "null_count": 0,
        "null_percentage": 0.0,
        "most_common": "154lbs",
        "most_common_count": 1496,
        "most_common_percentage": 7.88,
        "least_common": "110lbs",
        "least_common_count": 1,
        "top_10_values": {
          "154lbs": 1496,
          "165lbs": 1458,
          "176lbs": 1109,
          "159lbs": 1024,
          "172lbs": 995,
          "163lbs": 957,
          "161lbs": 956,
          "170lbs": 893,
          "168lbs": 880,
          "150lbs": 795
        }
      },
      "foot": {
        "count": 18979,
        "unique_values": 2,
        "null_count": 0,
        "null_percentage": 0.0,
        "most_common": "Right",
        "most_common_count": 14445,
        "most_common_percentage": 76.11,
        "least_common": "Left",
        "least_common_count": 4534,
        "top_10_values": {
          "Right": 14445,
          "Left": 4534
        }
      },
      "BP": {
        "count": 18979,
        "unique_values": 15,
        "null_count": 0,
        "null_percentage": 0.0,
        "most_common": "CB",
        "most_common_count": 3685,
        "most_common_percentage": 19.42,
        "least_common": "CF",
        "least_common_count": 78,
        "top_10_values": {
          "CB": 3685,
          "ST": 2680,
          "CAM": 2299,
          "GK": 2075,
          "RM": 1611,
          "CDM": 1445,
          "LB": 1086,
          "RB": 1080,
          "CM": 1047,
          "LM": 871
        }
      },
      "Joined": {
        "count": 18979,
        "unique_values": 1869,
        "null_count": 0,
        "null_percentage": 0.0,
        "most_common": "Jul 1, 2019",
        "most_common_count": 1344,
        "most_common_percentage": 7.08,
        "least_common": "Feb 28, 2015",
        "least_common_count": 1,
        "top_10_values": {
          "Jul 1, 2019": 1344,
          "Jul 1, 2018": 865,
          "Jan 1, 2019": 682,
          "Jul 1, 2017": 520,
          "Jul 1, 2020": 435,
          "Jan 1, 2020": 432,
          "Jul 1, 2016": 293,
          "Jan 1, 2018": 223,
          "Jul 1, 2015": 178,
          "Oct 5, 2020": 155
        }
      },
      "Loan Date End": {
        "count": 18979,
        "unique_values": 24,
        "null_count": 17966,
        "null_percentage": 94.66,
        "most_common": "Jun 30, 2021",
        "most_common_count": 770,
        "most_common_percentage": 4.06,
        "least_common": "Aug 1, 2021",
        "least_common_count": 1,
        "top_10_values": {
          "Jun 30, 2021": 770,
          "Dec 31, 2020": 100,
          "May 31, 2021": 30,
          "Dec 31, 2021": 22,
          "Jan 31, 2021": 18,
          "Jan 1, 2021": 15,
          "Jun 30, 2022": 15,
          "Nov 30, 2020": 7,
          "Jun 23, 2021": 7,
          "Nov 27, 2021": 6
        }
      },
      "Value": {
        "count": 18979,
        "unique_values": 214,
        "null_count": 0,
        "null_percentage": 0.0,
        "most_common": "\u20ac1.1M",
        "most_common_count": 467,
        "most_common_percentage": 2.46,
        "least_common": "\u20ac5K",
        "least_common_count": 1,
        "top_10_values": {
          "\u20ac1.1M": 467,
          "\u20ac325K": 429,
          "\u20ac350K": 397,
          "\u20ac275K": 394,
          "\u20ac450K": 390,
          "\u20ac475K": 380,
          "\u20ac375K": 366,
          "\u20ac1M": 351,
          "\u20ac400K": 350,
          "\u20ac300K": 350
        }
      },
      "Wage": {
        "count": 18979,
        "unique_values": 141,
        "null_count": 0,
        "null_percentage": 0.0,
        "most_common": "\u20ac2K",
        "most_common_count": 2997,
        "most_common_percentage": 15.79,
        "least_common": "\u20ac560K",
        "least_common_count": 1,
        "top_10_values": {
          "\u20ac2K": 2997,
          "\u20ac500": 2413,
          "\u20ac3K": 2033,
          "\u20ac1K": 1739,
          "\u20ac4K": 1165,
          "\u20ac5K": 897,
          "\u20ac6K": 641,
          "\u20ac7K": 480,
          "\u20ac8K": 424,
          "\u20ac9K": 367
        }
      },
      "Release Clause": {
        "count": 18979,
        "unique_values": 1216,
        "null_count": 0,
        "null_percentage": 0.0,
        "most_common": "\u20ac0",
        "most_common_count": 1262,
        "most_common_percentage": 6.65,
        "least_common": "\u20ac35K",
        "least_common_count": 1,
        "top_10_values": {
          "\u20ac0": 1262,
          "\u20ac1.1M": 609,
          "\u20ac1.2M": 504,
          "\u20ac1.3M": 443,
          "\u20ac1.4M": 385,
          "\u20ac1.5M": 340,
          "\u20ac1M": 328,
          "\u20ac1.6M": 318,
          "\u20ac1.7M": 285,
          "\u20ac1.8M": 263
        }
      },
      "W/F": {
        "count": 18979,
        "unique_values": 5,
        "null_count": 0,
        "null_percentage": 0.0,
        "most_common": "3 \u2605",
        "most_common_count": 11695,
        "most_common_percentage": 61.62,
        "least_common": "1 \u2605",
        "least_common_count": 138,
        "top_10_values": {
          "3 \u2605": 11695,
          "2 \u2605": 4141,
          "4 \u2605": 2722,
          "5 \u2605": 283,
          "1 \u2605": 138
        }
      },
      "SM": {
        "count": 18979,
        "unique_values": 5,
        "null_count": 0,
        "null_percentage": 0.0,
        "most_common": "2\u2605",
        "most_common_count": 9142,
        "most_common_percentage": 48.17,
        "least_common": "5\u2605",
        "least_common_count": 55,
        "top_10_values": {
          "2\u2605": 9142,
          "3\u2605": 6576,
          "1\u2605": 2075,
          "4\u2605": 1131,
          "5\u2605": 55
        }
      },
      "A/W": {
        "count": 18979,
        "unique_values": 3,
        "null_count": 0,
        "null_percentage": 0.0,
        "most_common": "Medium",
        "most_common_count": 12700,
        "most_common_percentage": 66.92,
        "least_common": "Low",
        "least_common_count": 990,
        "top_10_values": {
          "Medium": 12700,
          "High": 5289,
          "Low": 990
        }
      },
      "D/W": {
        "count": 18979,
        "unique_values": 3,
        "null_count": 0,
        "null_percentage": 0.0,
        "most_common": "Medium",
        "most_common_count": 13956,
        "most_common_percentage": 73.53,
        "least_common": "Low",
        "least_common_count": 1726,
        "top_10_values": {
          "Medium": 13956,
          "High": 3297,
          "Low": 1726
        }
      },
      "IR": {
        "count": 18979,
        "unique_values": 5,
        "null_count": 0,
        "null_percentage": 0.0,
        "most_common": "1 \u2605",
        "most_common_count": 17628,
        "most_common_percentage": 92.88,
        "least_common": "5 \u2605",
        "least_common_count": 6,
        "top_10_values": {
          "1 \u2605": 17628,
          "2 \u2605": 1019,
          "3 \u2605": 281,
          "4 \u2605": 45,
          "5 \u2605": 6
        }
      },
      "Hits": {
        "count": 18979,
        "unique_values": 374,
        "null_count": 0,
        "null_percentage": 0.0,
        "most_common": "\n1",
        "most_common_count": 4321,
        "most_common_percentage": 22.77,
        "least_common": "\n208",
        "least_common_count": 1,
        "top_10_values": {
          "\n1": 4321,
          "\n2": 3095,
          "\n3": 2083,
          "\n4": 1407,
          "\n5": 1064,
          "\n6": 787,
          "\n7": 598,
          "\n8": 468,
          "\n9": 401,
          "\n10": 334
        }
      }
    },
    "correlations": [
      {
        "column_1": "Goalkeeping",
        "column_2": "GK Reflexes",
        "correlation": 0.989,
        "strength": "very_strong",
        "direction": "positive"
      },
      {
        "column_1": "Goalkeeping",
        "column_2": "GK Diving",
        "correlation": 0.9888,
        "strength": "very_strong",
        "direction": "positive"
      },
      {
        "column_1": "Defending",
        "column_2": "Standing Tackle",
        "correlation": 0.9881,
        "strength": "very_strong",
        "direction": "positive"
      },
      {
        "column_1": "Goalkeeping",
        "column_2": "GK Handling",
        "correlation": 0.9878,
        "strength": "very_strong",
        "direction": "positive"
      },
      {
        "column_1": "Goalkeeping",
        "column_2": "GK Positioning",
        "correlation": 0.9876,
        "strength": "very_strong",
        "direction": "positive"
      },
      {
        "column_1": "\u2193OVA",
        "column_2": "BOV",
        "correlation": 0.9871,
        "strength": "very_strong",
        "direction": "positive"
      },
      {
        "column_1": "Goalkeeping",
        "column_2": "GK Kicking",
        "correlation": 0.9854,
        "strength": "very_strong",
        "direction": "positive"
      },
      {
        "column_1": "Defending",
        "column_2": "Sliding Tackle",
        "correlation": 0.9853,
        "strength": "very_strong",
        "direction": "positive"
      },
      {
        "column_1": "Standing Tackle",
        "column_2": "Sliding Tackle",
        "correlation": 0.9758,
        "strength": "very_strong",
        "direction": "positive"
      },
      {
        "column_1": "GK Diving",
        "column_2": "GK Reflexes",
        "correlation": 0.9737,
        "strength": "very_strong",
        "direction": "positive"
      },
      {
        "column_1": "GK Handling",
        "column_2": "GK Reflexes",
        "correlation": 0.9709,
        "strength": "very_strong",
        "direction": "positive"
      },
      {
        "column_1": "GK Diving",
        "column_2": "GK Handling",
        "correlation": 0.9708,
        "strength": "very_strong",
        "direction": "positive"
      },
      {
        "column_1": "GK Positioning",
        "column_2": "GK Reflexes",
        "correlation": 0.9707,
        "strength": "very_strong",
        "direction": "positive"
      },
      {
        "column_1": "GK Diving",
        "column_2": "GK Positioning",
        "correlation": 0.9705,
        "strength": "very_strong",
        "direction": "positive"
      },
      {
        "column_1": "GK Handling",
        "column_2": "GK Positioning",
        "correlation": 0.97,
        "strength": "very_strong",
        "direction": "positive"
      },
      {
        "column_1": "Defending",
        "column_2": "Marking",
        "correlation": 0.9679,
        "strength": "very_strong",
        "direction": "positive"
      },
      {
        "column_1": "GK Kicking",
        "column_2": "GK Reflexes",
        "correlation": 0.9674,
        "strength": "very_strong",
        "direction": "positive"
      },
      {
        "column_1": "GK Diving",
        "column_2": "GK Kicking",
        "correlation": 0.967,
        "strength": "very_strong",
        "direction": "positive"
      },
      {
        "column_1": "GK Handling",
        "column_2": "GK Kicking",
        "correlation": 0.9669,
        "strength": "very_strong",
        "direction": "positive"
      },
      {
        "column_1": "GK Kicking",
        "column_2": "GK Positioning",
        "correlation": 0.9662,
        "strength": "very_strong",
        "direction": "positive"
      },
      {
        "column_1": "Interceptions",
        "column_2": "Defending",
        "correlation": 0.9546,
        "strength": "very_strong",
        "direction": "positive"
      },
      {
        "column_1": "Mentality",
        "column_2": "Total Stats",
        "correlation": 0.9528,
        "strength": "very_strong",
        "direction": "positive"
      },
      {
        "column_1": "Interceptions",
        "column_2": "Standing Tackle",
        "correlation": 0.9475,
        "strength": "very_strong",
        "direction": "positive"
      },
      {
        "column_1": "Skill",
        "column_2": "Ball Control",
        "correlation": 0.9445,
        "strength": "very_strong",
        "direction": "positive"
      },
      {
        "column_1": "Skill",
        "column_2": "Dribbling",
        "correlation": 0.9413,
        "strength": "very_strong",
        "direction": "positive"
      },
      {
        "column_1": "Attacking",
        "column_2": "Ball Control",
        "correlation": 0.9406,
        "strength": "very_strong",
        "direction": "positive"
      },
      {
        "column_1": "Dribbling",
        "column_2": "Ball Control",
        "correlation": 0.9401,
        "strength": "very_strong",
        "direction": "positive"
      },
      {
        "column_1": "Skill",
        "column_2": "Total Stats",
        "correlation": 0.9368,
        "strength": "very_strong",
        "direction": "positive"
      },
      {
        "column_1": "Movement",
        "column_2": "Acceleration",
        "correlation": 0.9363,
        "strength": "very_strong",
        "direction": "positive"
      },
      {
        "column_1": "Interceptions",
        "column_2": "Sliding Tackle",
        "correlation": 0.9359,
        "strength": "very_strong",
        "direction": "positive"
      },
      {
        "column_1": "Attacking",
        "column_2": "Skill",
        "correlation": 0.9355,
        "strength": "very_strong",
        "direction": "positive"
      },
      {
        "column_1": "Skill",
        "column_2": "Curve",
        "correlation": 0.9353,
        "strength": "very_strong",
        "direction": "positive"
      },
      {
        "column_1": "Marking",
        "column_2": "Standing Tackle",
        "correlation": 0.9289,
        "strength": "very_strong",
        "direction": "positive"
      },
      {
        "column_1": "Acceleration",
        "column_2": "Sprint Speed",
        "correlation": 0.926,
        "strength": "very_strong",
        "direction": "positive"
      },
      {
        "column_1": "Defending",
        "column_2": "DEF",
        "correlation": 0.9246,
        "strength": "very_strong",
        "direction": "positive"
      },
      {
        "column_1": "Interceptions",
        "column_2": "Marking",
        "correlation": 0.9242,
        "strength": "very_strong",
        "direction": "positive"
      },
      {
        "column_1": "Movement",
        "column_2": "Agility",
        "correlation": 0.9241,
        "strength": "very_strong",
        "direction": "positive"
      },
      {
        "column_1": "Attacking",
        "column_2": "Dribbling",
        "correlation": 0.9237,
        "strength": "very_strong",
        "direction": "positive"
      },
      {
        "column_1": "Marking",
        "column_2": "Sliding Tackle",
        "correlation": 0.9208,
        "strength": "very_strong",
        "direction": "positive"
      },
      {
        "column_1": "Interceptions",
        "column_2": "DEF",
        "correlation": 0.9204,
        "strength": "very_strong",
        "direction": "positive"
      },
      {
        "column_1": "Short Passing",
        "column_2": "Ball Control",
        "correlation": 0.9186,
        "strength": "very_strong",
        "direction": "positive"
      },
      {
        "column_1": "Attacking",
        "column_2": "Total Stats",
        "correlation": 0.915,
        "strength": "very_strong",
        "direction": "positive"
      },
      {
        "column_1": "Attacking",
        "column_2": "Positioning",
        "correlation": 0.9144,
        "strength": "very_strong",
        "direction": "positive"
      },
      {
        "column_1": "Standing Tackle",
        "column_2": "DEF",
        "correlation": 0.913,
        "strength": "very_strong",
        "direction": "positive"
      },
      {
        "column_1": "Dribbling",
        "column_2": "Positioning",
        "correlation": 0.9078,
        "strength": "very_strong",
        "direction": "positive"
      },
      {
        "column_1": "Short Passing",
        "column_2": "Skill",
        "correlation": 0.9077,
        "strength": "very_strong",
        "direction": "positive"
      },
      {
        "column_1": "Sliding Tackle",
        "column_2": "DEF",
        "correlation": 0.9077,
        "strength": "very_strong",
        "direction": "positive"
      },
      {
        "column_1": "Short Passing",
        "column_2": "Total Stats",
        "correlation": 0.9069,
        "strength": "very_strong",
        "direction": "positive"
      },
      {
        "column_1": "Ball Control",
        "column_2": "Total Stats",
        "correlation": 0.9061,
        "strength": "very_strong",
        "direction": "positive"
      },
      {
        "column_1": "Movement",
        "column_2": "Sprint Speed",
        "correlation": 0.9046,
        "strength": "very_strong",
        "direction": "positive"
      },
      {
        "column_1": "Attacking",
        "column_2": "Mentality",
        "correlation": 0.9,
        "strength": "very_strong",
        "direction": "positive"
      },
      {
        "column_1": "Attacking",
        "column_2": "Volleys",
        "correlation": 0.8999,
        "strength": "strong",
        "direction": "positive"
      },
      {
        "column_1": "Finishing",
        "column_2": "Positioning",
        "correlation": 0.8995,
        "strength": "strong",
        "direction": "positive"
      },
      {
        "column_1": "Marking",
        "column_2": "DEF",
        "correlation": 0.899,
        "strength": "strong",
        "direction": "positive"
      },
      {
        "column_1": "Skill",
        "column_2": "Mentality",
        "correlation": 0.898,
        "strength": "strong",
        "direction": "positive"
      },
      {
        "column_1": "Short Passing",
        "column_2": "Mentality",
        "correlation": 0.8964,
        "strength": "strong",
        "direction": "positive"
      },
      {
        "column_1": "Finishing",
        "column_2": "Volleys",
        "correlation": 0.8948,
        "strength": "strong",
        "direction": "positive"
      },
      {
        "column_1": "Skill",
        "column_2": "FK Accuracy",
        "correlation": 0.8942,
        "strength": "strong",
        "direction": "positive"
      },
      {
        "column_1": "Finishing",
        "column_2": "Long Shots",
        "correlation": 0.8941,
        "strength": "strong",
        "direction": "positive"
      },
      {
        "column_1": "Attacking",
        "column_2": "Long Shots",
        "correlation": 0.8938,
        "strength": "strong",
        "direction": "positive"
      },
      {
        "column_1": "Ball Control",
        "column_2": "Mentality",
        "correlation": 0.8931,
        "strength": "strong",
        "direction": "positive"
      },
      {
        "column_1": "Attacking",
        "column_2": "Short Passing",
        "correlation": 0.8915,
        "strength": "strong",
        "direction": "positive"
      },
      {
        "column_1": "Short Passing",
        "column_2": "Long Passing",
        "correlation": 0.8905,
        "strength": "strong",
        "direction": "positive"
      },
      {
        "column_1": "Crossing",
        "column_2": "Skill",
        "correlation": 0.8885,
        "strength": "strong",
        "direction": "positive"
      },
      {
        "column_1": "Attacking",
        "column_2": "Finishing",
        "correlation": 0.885,
        "strength": "strong",
        "direction": "positive"
      },
      {
        "column_1": "Power",
        "column_2": "Total Stats",
        "correlation": 0.8797,
        "strength": "strong",
        "direction": "positive"
      },
      {
        "column_1": "Skill",
        "column_2": "Long Shots",
        "correlation": 0.8787,
        "strength": "strong",
        "direction": "positive"
      },
      {
        "column_1": "Long Shots",
        "column_2": "Positioning",
        "correlation": 0.8784,
        "strength": "strong",
        "direction": "positive"
      },
      {
        "column_1": "Volleys",
        "column_2": "Long Shots",
        "correlation": 0.8766,
        "strength": "strong",
        "direction": "positive"
      },
      {
        "column_1": "Skill",
        "column_2": "Positioning",
        "correlation": 0.8754,
        "strength": "strong",
        "direction": "positive"
      },
      {
        "column_1": "Dribbling",
        "column_2": "Total Stats",
        "correlation": 0.8753,
        "strength": "strong",
        "direction": "positive"
      },
      {
        "column_1": "Ball Control",
        "column_2": "Positioning",
        "correlation": 0.8698,
        "strength": "strong",
        "direction": "positive"
      },
      {
        "column_1": "BOV",
        "column_2": "Reactions",
        "correlation": 0.8686,
        "strength": "strong",
        "direction": "positive"
      },
      {
        "column_1": "\u2193OVA",
        "column_2": "Reactions",
        "correlation": 0.867,
        "strength": "strong",
        "direction": "positive"
      },
      {
        "column_1": "Age",
        "column_2": "Growth",
        "correlation": -0.8645,
        "strength": "strong",
        "direction": "negative"
      },
      {
        "column_1": "Crossing",
        "column_2": "Dribbling",
        "correlation": 0.8642,
        "strength": "strong",
        "direction": "positive"
      },
      {
        "column_1": "Crossing",
        "column_2": "Total Stats",
        "correlation": 0.8603,
        "strength": "strong",
        "direction": "positive"
      },
      {
        "column_1": "Curve",
        "column_2": "FK Accuracy",
        "correlation": 0.8602,
        "strength": "strong",
        "direction": "positive"
      },
      {
        "column_1": "Volleys",
        "column_2": "Positioning",
        "correlation": 0.8598,
        "strength": "strong",
        "direction": "positive"
      },
      {
        "column_1": "Attacking",
        "column_2": "Curve",
        "correlation": 0.8588,
        "strength": "strong",
        "direction": "positive"
      },
      {
        "column_1": "Base Stats",
        "column_2": "PAS",
        "correlation": 0.8585,
        "strength": "strong",
        "direction": "positive"
      },
      {
        "column_1": "Attacking",
        "column_2": "Crossing",
        "correlation": 0.8542,
        "strength": "strong",
        "direction": "positive"
      },
      {
        "column_1": "Curve",
        "column_2": "Total Stats",
        "correlation": 0.8533,
        "strength": "strong",
        "direction": "positive"
      },
      {
        "column_1": "Dribbling",
        "column_2": "Curve",
        "correlation": 0.8531,
        "strength": "strong",
        "direction": "positive"
      },
      {
        "column_1": "Short Passing",
        "column_2": "Dribbling",
        "correlation": 0.8509,
        "strength": "strong",
        "direction": "positive"
      },
      {
        "column_1": "Skill",
        "column_2": "Long Passing",
        "correlation": 0.8506,
        "strength": "strong",
        "direction": "positive"
      },
      {
        "column_1": "Dribbling",
        "column_2": "Long Shots",
        "correlation": 0.8502,
        "strength": "strong",
        "direction": "positive"
      },
      {
        "column_1": "Attacking",
        "column_2": "Penalties",
        "correlation": 0.8501,
        "strength": "strong",
        "direction": "positive"
      },
      {
        "column_1": "Finishing",
        "column_2": "Penalties",
        "correlation": 0.849,
        "strength": "strong",
        "direction": "positive"
      },
      {
        "column_1": "Long Passing",
        "column_2": "Total Stats",
        "correlation": 0.8479,
        "strength": "strong",
        "direction": "positive"
      },
      {
        "column_1": "Volleys",
        "column_2": "Penalties",
        "correlation": 0.846,
        "strength": "strong",
        "direction": "positive"
      },
      {
        "column_1": "\u2193OVA",
        "column_2": "Base Stats",
        "correlation": 0.8459,
        "strength": "strong",
        "direction": "positive"
      },
      {
        "column_1": "Dribbling",
        "column_2": "Mentality",
        "correlation": 0.8454,
        "strength": "strong",
        "direction": "positive"
      },
      {
        "column_1": "Strength",
        "column_2": "PHY",
        "correlation": 0.8443,
        "strength": "strong",
        "direction": "positive"
      },
      {
        "column_1": "BOV",
        "column_2": "Base Stats",
        "correlation": 0.8412,
        "strength": "strong",
        "direction": "positive"
      },
      {
        "column_1": "Crossing",
        "column_2": "Ball Control",
        "correlation": 0.8409,
        "strength": "strong",
        "direction": "positive"
      },
      {
        "column_1": "Power",
        "column_2": "Mentality",
        "correlation": 0.8409,
        "strength": "strong",
        "direction": "positive"
      },
      {
        "column_1": "Curve",
        "column_2": "Long Shots",
        "correlation": 0.8405,
        "strength": "strong",
        "direction": "positive"
      },
      {
        "column_1": "Attacking",
        "column_2": "Power",
        "correlation": 0.84,
        "strength": "strong",
        "direction": "positive"
      },
      {
        "column_1": "Movement",
        "column_2": "Balance",
        "correlation": 0.839,
        "strength": "strong",
        "direction": "positive"
      },
      {
        "column_1": "Crossing",
        "column_2": "Curve",
        "correlation": 0.8386,
        "strength": "strong",
        "direction": "positive"
      },
      {
        "column_1": "Long Shots",
        "column_2": "Total Stats",
        "correlation": 0.8378,
        "strength": "strong",
        "direction": "positive"
      },
      {
        "column_1": "Finishing",
        "column_2": "Dribbling",
        "correlation": 0.8328,
        "strength": "strong",
        "direction": "positive"
      },
      {
        "column_1": "Ball Control",
        "column_2": "Long Shots",
        "correlation": 0.8327,
        "strength": "strong",
        "direction": "positive"
      },
      {
        "column_1": "Positioning",
        "column_2": "Total Stats",
        "correlation": 0.8309,
        "strength": "strong",
        "direction": "positive"
      },
      {
        "column_1": "Curve",
        "column_2": "Ball Control",
        "correlation": 0.83,
        "strength": "strong",
        "direction": "positive"
      },
      {
        "column_1": "PAS",
        "column_2": "DRI",
        "correlation": 0.8299,
        "strength": "strong",
        "direction": "positive"
      },
      {
        "column_1": "Mentality",
        "column_2": "Positioning",
        "correlation": 0.8282,
        "strength": "strong",
        "direction": "positive"
      },
      {
        "column_1": "Curve",
        "column_2": "Positioning",
        "correlation": 0.8268,
        "strength": "strong",
        "direction": "positive"
      },
      {
        "column_1": "Acceleration",
        "column_2": "Agility",
        "correlation": 0.8266,
        "strength": "strong",
        "direction": "positive"
      },
      {
        "column_1": "Dribbling",
        "column_2": "Movement",
        "correlation": 0.8259,
        "strength": "strong",
        "direction": "positive"
      },
      {
        "column_1": "Power",
        "column_2": "Long Shots",
        "correlation": 0.8246,
        "strength": "strong",
        "direction": "positive"
      },
      {
        "column_1": "Long Passing",
        "column_2": "Mentality",
        "correlation": 0.8242,
        "strength": "strong",
        "direction": "positive"
      },
      {
        "column_1": "Volleys",
        "column_2": "Skill",
        "correlation": 0.8238,
        "strength": "strong",
        "direction": "positive"
      },
      {
        "column_1": "Long Shots",
        "column_2": "Penalties",
        "correlation": 0.8215,
        "strength": "strong",
        "direction": "positive"
      },
      {
        "column_1": "Volleys",
        "column_2": "Dribbling",
        "correlation": 0.8148,
        "strength": "strong",
        "direction": "positive"
      },
      {
        "column_1": "Base Stats",
        "column_2": "DRI",
        "correlation": 0.8128,
        "strength": "strong",
        "direction": "positive"
      },
      {
        "column_1": "Positioning",
        "column_2": "Penalties",
        "correlation": 0.8124,
        "strength": "strong",
        "direction": "positive"
      },
      {
        "column_1": "Volleys",
        "column_2": "Curve",
        "correlation": 0.8112,
        "strength": "strong",
        "direction": "positive"
      },
      {
        "column_1": "Crossing",
        "column_2": "Mentality",
        "correlation": 0.8104,
        "strength": "strong",
        "direction": "positive"
      },
      {
        "column_1": "FK Accuracy",
        "column_2": "Long Shots",
        "correlation": 0.8086,
        "strength": "strong",
        "direction": "positive"
      },
      {
        "column_1": "Ball Control",
        "column_2": "Goalkeeping",
        "correlation": -0.8042,
        "strength": "strong",
        "direction": "negative"
      },
      {
        "column_1": "Crossing",
        "column_2": "Short Passing",
        "correlation": 0.8037,
        "strength": "strong",
        "direction": "positive"
      },
      {
        "column_1": "Finishing",
        "column_2": "Skill",
        "correlation": 0.8033,
        "strength": "strong",
        "direction": "positive"
      },
      {
        "column_1": "FK Accuracy",
        "column_2": "Total Stats",
        "correlation": 0.8032,
        "strength": "strong",
        "direction": "positive"
      },
      {
        "column_1": "Stamina",
        "column_2": "Total Stats",
        "correlation": 0.7993,
        "strength": "strong",
        "direction": "positive"
      },
      {
        "column_1": "Composure",
        "column_2": "Total Stats",
        "correlation": 0.7987,
        "strength": "strong",
        "direction": "positive"
      },
      {
        "column_1": "Crossing",
        "column_2": "Positioning",
        "correlation": 0.7979,
        "strength": "strong",
        "direction": "positive"
      },
      {
        "column_1": "Ball Control",
        "column_2": "GK Reflexes",
        "correlation": -0.7968,
        "strength": "strong",
        "direction": "negative"
      },
      {
        "column_1": "Ball Control",
        "column_2": "GK Diving",
        "correlation": -0.7964,
        "strength": "strong",
        "direction": "negative"
      },
      {
        "column_1": "Shot Power",
        "column_2": "Long Shots",
        "correlation": 0.796,
        "strength": "strong",
        "direction": "positive"
      },
      {
        "column_1": "Power",
        "column_2": "Stamina",
        "correlation": 0.7958,
        "strength": "strong",
        "direction": "positive"
      },
      {
        "column_1": "Ball Control",
        "column_2": "GK Handling",
        "correlation": -0.7957,
        "strength": "strong",
        "direction": "negative"
      },
      {
        "column_1": "Stamina",
        "column_2": "Mentality",
        "correlation": 0.7955,
        "strength": "strong",
        "direction": "positive"
      },
      {
        "column_1": "Volleys",
        "column_2": "Ball Control",
        "correlation": 0.7947,
        "strength": "strong",
        "direction": "positive"
      },
      {
        "column_1": "Finishing",
        "column_2": "Ball Control",
        "correlation": 0.7945,
        "strength": "strong",
        "direction": "positive"
      },
      {
        "column_1": "Long Shots",
        "column_2": "Mentality",
        "correlation": 0.7942,
        "strength": "strong",
        "direction": "positive"
      },
      {
        "column_1": "Curve",
        "column_2": "Mentality",
        "correlation": 0.7932,
        "strength": "strong",
        "direction": "positive"
      },
      {
        "column_1": "Ball Control",
        "column_2": "GK Positioning",
        "correlation": -0.7914,
        "strength": "strong",
        "direction": "negative"
      },
      {
        "column_1": "Skill",
        "column_2": "Penalties",
        "correlation": 0.7912,
        "strength": "strong",
        "direction": "positive"
      },
      {
        "column_1": "Ball Control",
        "column_2": "GK Kicking",
        "correlation": -0.7912,
        "strength": "strong",
        "direction": "negative"
      },
      {
        "column_1": "Attacking",
        "column_2": "FK Accuracy",
        "correlation": 0.7906,
        "strength": "strong",
        "direction": "positive"
      },
      {
        "column_1": "Long Passing",
        "column_2": "Ball Control",
        "correlation": 0.7872,
        "strength": "strong",
        "direction": "positive"
      },
      {
        "column_1": "Attacking",
        "column_2": "Goalkeeping",
        "correlation": -0.7858,
        "strength": "strong",
        "direction": "negative"
      },
      {
        "column_1": "Mentality",
        "column_2": "Aggression",
        "correlation": 0.784,
        "strength": "strong",
        "direction": "positive"
      },
      {
        "column_1": "Skill",
        "column_2": "Vision",
        "correlation": 0.7834,
        "strength": "strong",
        "direction": "positive"
      },
      {
        "column_1": "Ball Control",
        "column_2": "Power",
        "correlation": 0.7823,
        "strength": "strong",
        "direction": "positive"
      },
      {
        "column_1": "Movement",
        "column_2": "Total Stats",
        "correlation": 0.7809,
        "strength": "strong",
        "direction": "positive"
      },
      {
        "column_1": "Dribbling",
        "column_2": "Penalties",
        "correlation": 0.7792,
        "strength": "strong",
        "direction": "positive"
      },
      {
        "column_1": "Skill",
        "column_2": "Power",
        "correlation": 0.7785,
        "strength": "strong",
        "direction": "positive"
      },
      {
        "column_1": "Attacking",
        "column_2": "GK Diving",
        "correlation": -0.7784,
        "strength": "strong",
        "direction": "negative"
      },
      {
        "column_1": "Attacking",
        "column_2": "GK Reflexes",
        "correlation": -0.7782,
        "strength": "strong",
        "direction": "negative"
      },
      {
        "column_1": "Attacking",
        "column_2": "GK Handling",
        "correlation": -0.7776,
        "strength": "strong",
        "direction": "negative"
      },
      {
        "column_1": "Skill",
        "column_2": "Movement",
        "correlation": 0.7755,
        "strength": "strong",
        "direction": "positive"
      },
      {
        "column_1": "Finishing",
        "column_2": "Curve",
        "correlation": 0.7753,
        "strength": "strong",
        "direction": "positive"
      },
      {
        "column_1": "Ball Control",
        "column_2": "Penalties",
        "correlation": 0.7749,
        "strength": "strong",
        "direction": "positive"
      },
      {
        "column_1": "Short Passing",
        "column_2": "Curve",
        "correlation": 0.7748,
        "strength": "strong",
        "direction": "positive"
      },
      {
        "column_1": "Ball Control",
        "column_2": "Movement",
        "correlation": 0.7746,
        "strength": "strong",
        "direction": "positive"
      },
      {
        "column_1": "Agility",
        "column_2": "Balance",
        "correlation": 0.7743,
        "strength": "strong",
        "direction": "positive"
      },
      {
        "column_1": "Dribbling",
        "column_2": "Agility",
        "correlation": 0.774,
        "strength": "strong",
        "direction": "positive"
      },
      {
        "column_1": "Attacking",
        "column_2": "GK Kicking",
        "correlation": -0.7731,
        "strength": "strong",
        "direction": "negative"
      },
      {
        "column_1": "Attacking",
        "column_2": "GK Positioning",
        "correlation": -0.773,
        "strength": "strong",
        "direction": "negative"
      },
      {
        "column_1": "Sprint Speed",
        "column_2": "Agility",
        "correlation": 0.7727,
        "strength": "strong",
        "direction": "positive"
      },
      {
        "column_1": "Volleys",
        "column_2": "Total Stats",
        "correlation": 0.7711,
        "strength": "strong",
        "direction": "positive"
      },
      {
        "column_1": "Short Passing",
        "column_2": "Positioning",
        "correlation": 0.7707,
        "strength": "strong",
        "direction": "positive"
      },
      {
        "column_1": "Dribbling",
        "column_2": "Goalkeeping",
        "correlation": -0.77,
        "strength": "strong",
        "direction": "negative"
      },
      {
        "column_1": "SHO",
        "column_2": "DRI",
        "correlation": 0.7698,
        "strength": "strong",
        "direction": "positive"
      },
      {
        "column_1": "Movement",
        "column_2": "Positioning",
        "correlation": 0.7696,
        "strength": "strong",
        "direction": "positive"
      },
      {
        "column_1": "Crossing",
        "column_2": "Movement",
        "correlation": 0.7665,
        "strength": "strong",
        "direction": "positive"
      },
      {
        "column_1": "Vision",
        "column_2": "Total Stats",
        "correlation": 0.7631,
        "strength": "strong",
        "direction": "positive"
      },
      {
        "column_1": "Short Passing",
        "column_2": "Long Shots",
        "correlation": 0.7629,
        "strength": "strong",
        "direction": "positive"
      },
      {
        "column_1": "Crossing",
        "column_2": "FK Accuracy",
        "correlation": 0.7628,
        "strength": "strong",
        "direction": "positive"
      },
      {
        "column_1": "Dribbling",
        "column_2": "GK Diving",
        "correlation": -0.7628,
        "strength": "strong",
        "direction": "negative"
      },
      {
        "column_1": "Short Passing",
        "column_2": "Power",
        "correlation": 0.7626,
        "strength": "strong",
        "direction": "positive"
      },
      {
        "column_1": "Dribbling",
        "column_2": "GK Reflexes",
        "correlation": -0.7625,
        "strength": "strong",
        "direction": "negative"
      },
      {
        "column_1": "Dribbling",
        "column_2": "GK Handling",
        "correlation": -0.7617,
        "strength": "strong",
        "direction": "negative"
      },
      {
        "column_1": "Dribbling",
        "column_2": "FK Accuracy",
        "correlation": 0.7605,
        "strength": "strong",
        "direction": "positive"
      },
      {
        "column_1": "Mentality",
        "column_2": "Composure",
        "correlation": 0.7591,
        "strength": "strong",
        "direction": "positive"
      },
      {
        "column_1": "Power",
        "column_2": "Shot Power",
        "correlation": 0.7586,
        "strength": "strong",
        "direction": "positive"
      },
      {
        "column_1": "Dribbling",
        "column_2": "GK Positioning",
        "correlation": -0.758,
        "strength": "strong",
        "direction": "negative"
      },
      {
        "column_1": "Dribbling",
        "column_2": "GK Kicking",
        "correlation": -0.7577,
        "strength": "strong",
        "direction": "negative"
      },
      {
        "column_1": "Long Shots",
        "column_2": "Vision",
        "correlation": 0.7571,
        "strength": "strong",
        "direction": "positive"
      },
      {
        "column_1": "Curve",
        "column_2": "Penalties",
        "correlation": 0.7567,
        "strength": "strong",
        "direction": "positive"
      },
      {
        "column_1": "FK Accuracy",
        "column_2": "Ball Control",
        "correlation": 0.7561,
        "strength": "strong",
        "direction": "positive"
      },
      {
        "column_1": "FK Accuracy",
        "column_2": "Mentality",
        "correlation": 0.7555,
        "strength": "strong",
        "direction": "positive"
      },
      {
        "column_1": "Sprint Speed",
        "column_2": "PAC",
        "correlation": 0.7549,
        "strength": "strong",
        "direction": "positive"
      },
      {
        "column_1": "Mentality",
        "column_2": "Goalkeeping",
        "correlation": -0.7544,
        "strength": "strong",
        "direction": "negative"
      },
      {
        "column_1": "Dribbling",
        "column_2": "Acceleration",
        "correlation": 0.7538,
        "strength": "strong",
        "direction": "positive"
      },
      {
        "column_1": "Age",
        "column_2": "ID",
        "correlation": -0.7533,
        "strength": "strong",
        "direction": "negative"
      },
      {
        "column_1": "Aggression",
        "column_2": "Defending",
        "correlation": 0.7524,
        "strength": "strong",
        "direction": "positive"
      },
      {
        "column_1": "Attacking",
        "column_2": "Long Passing",
        "correlation": 0.7518,
        "strength": "strong",
        "direction": "positive"
      },
      {
        "column_1": "Mentality",
        "column_2": "Penalties",
        "correlation": 0.7518,
        "strength": "strong",
        "direction": "positive"
      },
      {
        "column_1": "Reactions",
        "column_2": "Base Stats",
        "correlation": 0.7517,
        "strength": "strong",
        "direction": "positive"
      },
      {
        "column_1": "Power",
        "column_2": "Positioning",
        "correlation": 0.7514,
        "strength": "strong",
        "direction": "positive"
      },
      {
        "column_1": "Volleys",
        "column_2": "FK Accuracy",
        "correlation": 0.7511,
        "strength": "strong",
        "direction": "positive"
      },
      {
        "column_1": "Aggression",
        "column_2": "Interceptions",
        "correlation": 0.7509,
        "strength": "strong",
        "direction": "positive"
      },
      {
        "column_1": "Acceleration",
        "column_2": "PAC",
        "correlation": 0.7503,
        "strength": "strong",
        "direction": "positive"
      },
      {
        "column_1": "Heading Accuracy",
        "column_2": "Goalkeeping",
        "correlation": -0.7501,
        "strength": "strong",
        "direction": "negative"
      },
      {
        "column_1": "Attacking",
        "column_2": "Movement",
        "correlation": 0.7488,
        "strength": "strong",
        "direction": "positive"
      },
      {
        "column_1": "Mentality",
        "column_2": "GK Diving",
        "correlation": -0.7479,
        "strength": "strong",
        "direction": "negative"
      },
      {
        "column_1": "Mentality",
        "column_2": "GK Reflexes",
        "correlation": -0.7475,
        "strength": "strong",
        "direction": "negative"
      },
      {
        "column_1": "Aggression",
        "column_2": "Marking",
        "correlation": 0.7474,
        "strength": "strong",
        "direction": "positive"
      },
      {
        "column_1": "Curve",
        "column_2": "Vision",
        "correlation": 0.7471,
        "strength": "strong",
        "direction": "positive"
      },
      {
        "column_1": "Crossing",
        "column_2": "Long Passing",
        "correlation": 0.7463,
        "strength": "strong",
        "direction": "positive"
      },
      {
        "column_1": "Mentality",
        "column_2": "GK Handling",
        "correlation": -0.7462,
        "strength": "strong",
        "direction": "negative"
      },
      {
        "column_1": "Crossing",
        "column_2": "Long Shots",
        "correlation": 0.7446,
        "strength": "strong",
        "direction": "positive"
      },
      {
        "column_1": "Heading Accuracy",
        "column_2": "GK Diving",
        "correlation": -0.743,
        "strength": "strong",
        "direction": "negative"
      },
      {
        "column_1": "Aggression",
        "column_2": "Standing Tackle",
        "correlation": 0.7429,
        "strength": "strong",
        "direction": "positive"
      },
      {
        "column_1": "Short Passing",
        "column_2": "Goalkeeping",
        "correlation": -0.7427,
        "strength": "strong",
        "direction": "negative"
      },
      {
        "column_1": "FK Accuracy",
        "column_2": "Positioning",
        "correlation": 0.7427,
        "strength": "strong",
        "direction": "positive"
      },
      {
        "column_1": "Heading Accuracy",
        "column_2": "GK Reflexes",
        "correlation": -0.7426,
        "strength": "strong",
        "direction": "negative"
      },
      {
        "column_1": "Volleys",
        "column_2": "Shot Power",
        "correlation": 0.7426,
        "strength": "strong",
        "direction": "positive"
      },
      {
        "column_1": "Mentality",
        "column_2": "GK Kicking",
        "correlation": -0.7426,
        "strength": "strong",
        "direction": "negative"
      },
      {
        "column_1": "Heading Accuracy",
        "column_2": "GK Handling",
        "correlation": -0.7423,
        "strength": "strong",
        "direction": "negative"
      },
      {
        "column_1": "Ball Control",
        "column_2": "Stamina",
        "correlation": 0.742,
        "strength": "strong",
        "direction": "positive"
      },
      {
        "column_1": "Mentality",
        "column_2": "GK Positioning",
        "correlation": -0.741,
        "strength": "strong",
        "direction": "negative"
      },
      {
        "column_1": "Heading Accuracy",
        "column_2": "GK Kicking",
        "correlation": -0.7388,
        "strength": "strong",
        "direction": "negative"
      },
      {
        "column_1": "Volleys",
        "column_2": "Power",
        "correlation": 0.7379,
        "strength": "strong",
        "direction": "positive"
      },
      {
        "column_1": "Positioning",
        "column_2": "Vision",
        "correlation": 0.7378,
        "strength": "strong",
        "direction": "positive"
      },
      {
        "column_1": "Heading Accuracy",
        "column_2": "GK Positioning",
        "correlation": -0.7374,
        "strength": "strong",
        "direction": "negative"
      },
      {
        "column_1": "Short Passing",
        "column_2": "Stamina",
        "correlation": 0.7368,
        "strength": "strong",
        "direction": "positive"
      },
      {
        "column_1": "Short Passing",
        "column_2": "GK Reflexes",
        "correlation": -0.7363,
        "strength": "strong",
        "direction": "negative"
      },
      {
        "column_1": "FK Accuracy",
        "column_2": "Penalties",
        "correlation": 0.7361,
        "strength": "strong",
        "direction": "positive"
      },
      {
        "column_1": "Short Passing",
        "column_2": "GK Diving",
        "correlation": -0.7358,
        "strength": "strong",
        "direction": "negative"
      },
      {
        "column_1": "Skill",
        "column_2": "Agility",
        "correlation": 0.7355,
        "strength": "strong",
        "direction": "positive"
      },
      {
        "column_1": "Penalties",
        "column_2": "Total Stats",
        "correlation": 0.735,
        "strength": "strong",
        "direction": "positive"
      },
      {
        "column_1": "Short Passing",
        "column_2": "GK Handling",
        "correlation": -0.7345,
        "strength": "strong",
        "direction": "negative"
      },
      {
        "column_1": "Finishing",
        "column_2": "Total Stats",
        "correlation": 0.7342,
        "strength": "strong",
        "direction": "positive"
      },
      {
        "column_1": "Dribbling",
        "column_2": "Power",
        "correlation": 0.7341,
        "strength": "strong",
        "direction": "positive"
      },
      {
        "column_1": "Short Passing",
        "column_2": "Composure",
        "correlation": 0.7339,
        "strength": "strong",
        "direction": "positive"
      },
      {
        "column_1": "Skill",
        "column_2": "Goalkeeping",
        "correlation": -0.7333,
        "strength": "strong",
        "direction": "negative"
      },
      {
        "column_1": "Attacking",
        "column_2": "Heading Accuracy",
        "correlation": 0.7327,
        "strength": "strong",
        "direction": "positive"
      },
      {
        "column_1": "Volleys",
        "column_2": "Mentality",
        "correlation": 0.7317,
        "strength": "strong",
        "direction": "positive"
      },
      {
        "column_1": "Dribbling",
        "column_2": "Sprint Speed",
        "correlation": 0.7316,
        "strength": "strong",
        "direction": "positive"
      },
      {
        "column_1": "Short Passing",
        "column_2": "FK Accuracy",
        "correlation": 0.7309,
        "strength": "strong",
        "direction": "positive"
      },
      {
        "column_1": "Skill",
        "column_2": "Composure",
        "correlation": 0.7307,
        "strength": "strong",
        "direction": "positive"
      },
      {
        "column_1": "Short Passing",
        "column_2": "GK Kicking",
        "correlation": -0.7304,
        "strength": "strong",
        "direction": "negative"
      },
      {
        "column_1": "Short Passing",
        "column_2": "GK Positioning",
        "correlation": -0.7304,
        "strength": "strong",
        "direction": "negative"
      },
      {
        "column_1": "Dribbling",
        "column_2": "Long Passing",
        "correlation": 0.7287,
        "strength": "strong",
        "direction": "positive"
      },
      {
        "column_1": "Power",
        "column_2": "Composure",
        "correlation": 0.7284,
        "strength": "strong",
        "direction": "positive"
      },
      {
        "column_1": "Skill",
        "column_2": "GK Reflexes",
        "correlation": -0.7265,
        "strength": "strong",
        "direction": "negative"
      },
      {
        "column_1": "Skill",
        "column_2": "GK Diving",
        "correlation": -0.7264,
        "strength": "strong",
        "direction": "negative"
      },
      {
        "column_1": "BOV",
        "column_2": "Composure",
        "correlation": 0.7259,
        "strength": "strong",
        "direction": "positive"
      },
      {
        "column_1": "Curve",
        "column_2": "Movement",
        "correlation": 0.7258,
        "strength": "strong",
        "direction": "positive"
      },
      {
        "column_1": "Attacking",
        "column_2": "Stamina",
        "correlation": 0.7256,
        "strength": "strong",
        "direction": "positive"
      },
      {
        "column_1": "Mentality",
        "column_2": "Vision",
        "correlation": 0.7256,
        "strength": "strong",
        "direction": "positive"
      },
      {
        "column_1": "Attacking",
        "column_2": "Composure",
        "correlation": 0.7253,
        "strength": "strong",
        "direction": "positive"
      },
      {
        "column_1": "Heading Accuracy",
        "column_2": "Mentality",
        "correlation": 0.7253,
        "strength": "strong",
        "direction": "positive"
      },
      {
        "column_1": "Skill",
        "column_2": "GK Handling",
        "correlation": -0.7253,
        "strength": "strong",
        "direction": "negative"
      },
      {
        "column_1": "Finishing",
        "column_2": "Shot Power",
        "correlation": 0.7239,
        "strength": "strong",
        "direction": "positive"
      },
      {
        "column_1": "Aggression",
        "column_2": "Sliding Tackle",
        "correlation": 0.7234,
        "strength": "strong",
        "direction": "positive"
      },
      {
        "column_1": "Dribbling",
        "column_2": "Vision",
        "correlation": 0.7229,
        "strength": "strong",
        "direction": "positive"
      },
      {
        "column_1": "Skill",
        "column_2": "GK Positioning",
        "correlation": -0.722,
        "strength": "strong",
        "direction": "negative"
      },
      {
        "column_1": "Agility",
        "column_2": "Positioning",
        "correlation": 0.7216,
        "strength": "strong",
        "direction": "positive"
      },
      {
        "column_1": "Shot Power",
        "column_2": "SHO",
        "correlation": 0.7211,
        "strength": "strong",
        "direction": "positive"
      },
      {
        "column_1": "Finishing",
        "column_2": "Power",
        "correlation": 0.721,
        "strength": "strong",
        "direction": "positive"
      },
      {
        "column_1": "Skill",
        "column_2": "GK Kicking",
        "correlation": -0.7209,
        "strength": "strong",
        "direction": "negative"
      },
      {
        "column_1": "Ball Control",
        "column_2": "Composure",
        "correlation": 0.7192,
        "strength": "strong",
        "direction": "positive"
      },
      {
        "column_1": "Crossing",
        "column_2": "Agility",
        "correlation": 0.7172,
        "strength": "strong",
        "direction": "positive"
      },
      {
        "column_1": "Acceleration",
        "column_2": "Balance",
        "correlation": 0.7161,
        "strength": "strong",
        "direction": "positive"
      },
      {
        "column_1": "Ball Control",
        "column_2": "Agility",
        "correlation": 0.714,
        "strength": "strong",
        "direction": "positive"
      },
      {
        "column_1": "Attacking",
        "column_2": "Vision",
        "correlation": 0.7134,
        "strength": "strong",
        "direction": "positive"
      },
      {
        "column_1": "FK Accuracy",
        "column_2": "Vision",
        "correlation": 0.7128,
        "strength": "strong",
        "direction": "positive"
      },
      {
        "column_1": "Finishing",
        "column_2": "FK Accuracy",
        "correlation": 0.7119,
        "strength": "strong",
        "direction": "positive"
      },
      {
        "column_1": "Heading Accuracy",
        "column_2": "Power",
        "correlation": 0.7112,
        "strength": "strong",
        "direction": "positive"
      },
      {
        "column_1": "Curve",
        "column_2": "Long Passing",
        "correlation": 0.7101,
        "strength": "strong",
        "direction": "positive"
      },
      {
        "column_1": "Heading Accuracy",
        "column_2": "Aggression",
        "correlation": 0.7093,
        "strength": "strong",
        "direction": "positive"
      },
      {
        "column_1": "Agility",
        "column_2": "Total Stats",
        "correlation": 0.7092,
        "strength": "strong",
        "direction": "positive"
      },
      {
        "column_1": "Power",
        "column_2": "Penalties",
        "correlation": 0.7091,
        "strength": "strong",
        "direction": "positive"
      },
      {
        "column_1": "Skill",
        "column_2": "Stamina",
        "correlation": 0.7085,
        "strength": "strong",
        "direction": "positive"
      },
      {
        "column_1": "Vision",
        "column_2": "PAS",
        "correlation": 0.7076,
        "strength": "strong",
        "direction": "positive"
      },
      {
        "column_1": "Curve",
        "column_2": "Power",
        "correlation": 0.7064,
        "strength": "strong",
        "direction": "positive"
      },
      {
        "column_1": "\u2193OVA",
        "column_2": "Composure",
        "correlation": 0.703,
        "strength": "strong",
        "direction": "positive"
      },
      {
        "column_1": "Stamina",
        "column_2": "Goalkeeping",
        "correlation": -0.7022,
        "strength": "strong",
        "direction": "negative"
      },
      {
        "column_1": "Finishing",
        "column_2": "Vision",
        "correlation": 0.7021,
        "strength": "strong",
        "direction": "positive"
      },
      {
        "column_1": "Movement",
        "column_2": "PAC",
        "correlation": 0.7017,
        "strength": "strong",
        "direction": "positive"
      },
      {
        "column_1": "FK Accuracy",
        "column_2": "Long Passing",
        "correlation": 0.7015,
        "strength": "strong",
        "direction": "positive"
      },
      {
        "column_1": "Curve",
        "column_2": "Agility",
        "correlation": 0.7008,
        "strength": "strong",
        "direction": "positive"
      },
      {
        "column_1": "Finishing",
        "column_2": "Mentality",
        "correlation": 0.7006,
        "strength": "strong",
        "direction": "positive"
      },
      {
        "column_1": "Short Passing",
        "column_2": "Volleys",
        "correlation": 0.7004,
        "strength": "strong",
        "direction": "positive"
      },
      {
        "column_1": "Ball Control",
        "column_2": "Vision",
        "correlation": 0.7004,
        "strength": "strong",
        "direction": "positive"
      }
    ],
    "quality_score": 98.77,
    "quality_rating": "Excellent",
    "null_percentage": 1.23,
    "duplicate_percentage": 0.01
  }
}

================================================================================
TEST COMPLETED SUCCESSFULLY
================================================================================
